02-22 10:31:33.872 14767 14767 I AppCompatViewInflater: app:theme is now deprecated. Please move to using android:theme instead.
02-22 10:31:33.898  1617  1637 I WindowManager: Destroying surface Surface(name=it.feio.android.omninotes.alpha/it.feio.android.omninotes.MainActivity) called by com.android.server.wm.WindowStateAnimator.destroySurface:2016 com.android.server.wm.WindowStateAnimator.destroySurfaceLocked:882 com.android.server.wm.WindowState.removeLocked:1456 com.android.server.wm.WindowManagerService.removeWindowInnerLocked:2484 com.android.server.wm.AppWindowToken.destroySurfaces:365 com.android.server.wm.WindowStateAnimator.finishExit:565 com.android.server.wm.WindowStateAnimator.stepAnimationLocked:491 com.android.server.wm.WindowAnimator.updateWindowsLocked:303 
02-22 10:31:33.900 14767 14767 D LifecycleMonitor: Lifecycle status change: it.feio.android.omninotes.MainActivity@abc3681 in: CREATED
02-22 10:31:33.900 14767 14767 D LifecycleMonitor: running callback: android.support.test.rule.ActivityTestRule$LifecycleCallback@bbaaf05
02-22 10:31:33.900 14767 14767 D LifecycleMonitor: callback completes: android.support.test.rule.ActivityTestRule$LifecycleCallback@bbaaf05
02-22 10:31:33.902 14767 14767 V Omni Notes Alpha: Started navigation drawer initialization
02-22 10:31:33.903 14767 14767 V Omni Notes Alpha: Finished navigation drawer initialization
02-22 10:31:33.903 14767 14767 D LifecycleMonitor: Lifecycle status change: it.feio.android.omninotes.MainActivity@abc3681 in: STARTED
02-22 10:31:33.904 14767 14767 D LifecycleMonitor: running callback: android.support.test.rule.ActivityTestRule$LifecycleCallback@bbaaf05
02-22 10:31:33.904 14767 14767 D LifecycleMonitor: callback completes: android.support.test.rule.ActivityTestRule$LifecycleCallback@bbaaf05
02-22 10:31:33.905  1328  1334 D gralloc_ranchu: gralloc_alloc: Creating ashmem region of size 8294400
02-22 10:31:33.906 14767 14767 D Omni Notes Alpha: {settings_language=en_US, acra.legacyAlreadyConvertedToJson=true, acra.legacyAlreadyConvertedTo4.8.0=true, navigation=Notes, expanded_view=true, acra.lastVersionNr=255}
02-22 10:31:33.906 14767 14767 D LifecycleMonitor: Lifecycle status change: it.feio.android.omninotes.MainActivity@abc3681 in: RESUMED
02-22 10:31:33.907 14767 14767 D LifecycleMonitor: running callback: android.support.test.rule.ActivityTestRule$LifecycleCallback@bbaaf05
02-22 10:31:33.907 14767 14767 D LifecycleMonitor: callback completes: android.support.test.rule.ActivityTestRule$LifecycleCallback@bbaaf05
02-22 10:31:33.938 14767 14767 D Omni Notes Alpha: initNotesList intent: android.intent.action.MAIN
02-22 10:31:33.940 14767 14786 V Omni Notes Alpha: Query: SELECT creation,last_modification,title,content,archived,trashed,alarm,reminder_fired,recurrence_rule,latitude,longitude,address,locked,checklist,category_id,name,description,color FROM notes LEFT JOIN categories USING( category_id)  WHERE archived IS NOT 1 AND trashed IS NOT 1  ORDER BY title||content COLLATE NOCASE  ASC 
02-22 10:31:33.944 14767 14786 V Omni Notes Alpha: Query: Retrieval finished!
02-22 10:31:33.997  2054  2161 W OpenGLRenderer: Incorrectly called buildLayer on View: ShortcutAndWidgetContainer, destroying layer...
02-22 10:31:33.997  2054  2161 W OpenGLRenderer: Incorrectly called buildLayer on View: ShortcutAndWidgetContainer, destroying layer...
02-22 10:31:34.220  2054  2161 D EGL_emulation: eglMakeCurrent: 0x9ec85300: ver 2 0 (tinfo 0x9ec83230)
02-22 10:31:34.269 14767 14767 D Omni Notes Alpha: it.feio.android.omninotes.async.bus.NotesLoadedEvent
02-22 10:31:34.291 14767 14767 V Omni Notes Alpha: Started navigation drawer initialization
02-22 10:31:34.292 14767 14767 V Omni Notes Alpha: Finished navigation drawer initialization
02-22 10:31:34.293 14767 14767 V Omni Notes Alpha: Finished main menu initialization
02-22 10:31:34.294 14767 14790 E Omni Notes Alpha: Wrong element choosen: 0
02-22 10:31:34.305 14767 14767 V Omni Notes Alpha: Finished categories menu initialization
02-22 10:31:34.327 14767 14792 D EGL_emulation: eglMakeCurrent: 0xa5e72440: ver 2 0 (tinfo 0x9c324cf0)
02-22 10:31:34.437  1617  1637 I ActivityManager: Displayed it.feio.android.omninotes.alpha/it.feio.android.omninotes.MainActivity: +602ms
02-22 10:31:34.503 14767 14770 I art     : Do full code cache collection, code=121KB, data=120KB
02-22 10:31:34.504 14767 14770 I art     : After code cache collection, code=116KB, data=100KB
02-22 10:31:34.667  1617  1637 I WindowManager: Destroying surface Surface(name=Starting it.feio.android.omninotes.alpha) called by com.android.server.wm.WindowStateAnimator.destroySurface:2016 com.android.server.wm.WindowStateAnimator.destroySurfaceLocked:882 com.android.server.wm.WindowState.destroyOrSaveSurface:2100 com.android.server.wm.AppWindowToken.destroySurfaces:363 com.android.server.wm.WindowStateAnimator.finishExit:565 com.android.server.wm.WindowStateAnimator.stepAnimationLocked:491 com.android.server.wm.WindowAnimator.updateWindowsLocked:303 com.android.server.wm.WindowAnimator.animateLocked:704 
02-22 10:31:34.676 14767 14767 E dialogs : true
02-22 10:31:34.796 14767 14778 I art     : Background partial concurrent mark sweep GC freed 24765(903KB) AllocSpace objects, 6(30MB) LOS objects, 10% free, 33MB/37MB, paused 15.372ms total 108.534ms
02-22 10:31:34.932  1617  5401 I WindowManager: Destroying surface Surface(name=com.android.launcher3/com.android.launcher3.Launcher) called by com.android.server.wm.WindowStateAnimator.destroySurface:2016 com.android.server.wm.WindowStateAnimator.destroySurfaceLocked:882 com.android.server.wm.WindowState.destroyOrSaveSurface:2100 com.android.server.wm.AppWindowToken.destroySurfaces:363 com.android.server.wm.AppWindowToken.notifyAppStopped:389 com.android.server.wm.WindowManagerService.notifyAppStopped:4463 com.android.server.am.ActivityStack.activityStoppedLocked:1252 com.android.server.am.ActivityManagerService.activityStopped:6903 
02-22 10:31:35.065 14767 14776 E StrictMode: A resource was acquired at attached stack trace but never released. See java.io.Closeable for information on avoiding resource leaks.
02-22 10:31:35.065 14767 14776 E StrictMode: java.lang.Throwable: Explicit termination method 'close' not called
02-22 10:31:35.065 14767 14776 E StrictMode: 	at dalvik.system.CloseGuard.open(CloseGuard.java:180)
02-22 10:31:35.065 14767 14776 E StrictMode: 	at java.io.FileOutputStream.<init>(FileOutputStream.java:222)
02-22 10:31:35.065 14767 14776 E StrictMode: 	at java.io.FileOutputStream.<init>(FileOutputStream.java:169)
02-22 10:31:35.065 14767 14776 E StrictMode: 	at android.support.test.uiautomator.UiDevice.dumpWindowHierarchy(UiDevice.java:932)
02-22 10:31:35.065 14767 14776 E StrictMode: 	at it.feio.android.omninotes.TOGGLETools.DumpScreen(TOGGLETools.java:251)
02-22 10:31:35.065 14767 14776 E StrictMode: 	at it.feio.android.omninotes.TestHomeEnhanced.testChecklistIsDisplayed(TestHomeEnhanced.java:194)
02-22 10:31:35.065 14767 14776 E StrictMode: 	at java.lang.reflect.Method.invoke(Native Method)
02-22 10:31:35.065 14767 14776 E StrictMode: 	at junit.framework.TestCase.runTest(TestCase.java:168)
02-22 10:31:35.065 14767 14776 E StrictMode: 	at junit.framework.TestCase.runBare(TestCase.java:134)
02-22 10:31:35.065 14767 14776 E StrictMode: 	at junit.framework.TestResult$1.protect(TestResult.java:115)
02-22 10:31:35.065 14767 14776 E StrictMode: 	at android.support.test.internal.runner.junit3.AndroidTestResult.runProtected(AndroidTestResult.java:73)
02-22 10:31:35.065 14767 14776 E StrictMode: 	at junit.framework.TestResult.run(TestResult.java:118)
02-22 10:31:35.065 14767 14776 E StrictMode: 	at android.support.test.internal.runner.junit3.AndroidTestResult.run(AndroidTestResult.java:51)
02-22 10:31:35.065 14767 14776 E StrictMode: 	at junit.framework.TestCase.run(TestCase.java:124)
02-22 10:31:35.065 14767 14776 E StrictMode: 	at android.support.test.internal.runner.junit3.NonLeakyTestSuite$NonLeakyTest.run(NonLeakyTestSuite.java:62)
02-22 10:31:35.065 14767 14776 E StrictMode: 	at junit.framework.TestSuite.runTest(TestSuite.java:243)
02-22 10:31:35.065 14767 14776 E StrictMode: 	at junit.framework.TestSuite.run(TestSuite.java:238)
02-22 10:31:35.065 14767 14776 E StrictMode: 	at android.support.test.internal.runner.junit3.DelegatingTestSuite.run(DelegatingTestSuite.java:97)
02-22 10:31:35.065 14767 14776 E StrictMode: 	at android.support.test.internal.runner.junit3.AndroidTestSuite.run(AndroidTestSuite.java:65)
02-22 10:31:35.065 14767 14776 E StrictMode: 	at android.support.test.internal.runner.junit3.JUnit38ClassRunner.run(JUnit38ClassRunner.java:115)
02-22 10:31:35.065 14767 14776 E StrictMode: 	at org.junit.runners.Suite.runChild(Suite.java:128)
02-22 10:31:35.065 14767 14776 E StrictMode: 	at org.junit.runners.Suite.runChild(Suite.java:27)
02-22 10:31:35.065 14767 14776 E StrictMode: 	at org.junit.runners.ParentRunner$3.run(ParentRunner.java:290)
02-22 10:31:35.065 14767 14776 E StrictMode: 	at org.junit.runners.ParentRunner$1.schedule(ParentRunner.java:71)
02-22 10:31:35.065 14767 14776 E StrictMode: 	at org.junit.runners.ParentRunner.runChildren(ParentRunner.java:288)
02-22 10:31:35.065 14767 14776 E StrictMode: 	at org.junit.runners.ParentRunner.access$000(ParentRunner.java:58)
02-22 10:31:35.065 14767 14776 E StrictMode: 	at org.junit.runners.ParentRunner$2.evaluate(ParentRunner.java:268)
02-22 10:31:35.065 14767 14776 E StrictMode: 	at org.junit.runners.ParentRunner.run(ParentRunner.java:363)
02-22 10:31:35.065 14767 14776 E StrictMode: 	at org.junit.runner.JUnitCore.run(JUnitCore.java:137)
02-22 10:31:35.065 14767 14776 E StrictMode: 	at org.junit.runner.JUnitCore.run(JUnitCore.java:115)
02-22 10:31:35.065 14767 14776 E StrictMode: 	at android.support.test.internal.runner.TestExecutor.execute(TestExecutor.java:56)
02-22 10:31:35.065 14767 14776 E StrictMode: 	at android.support.test.runner.AndroidJUnitRunner.onStart(AndroidJUnitRunner.java:384)
02-22 10:31:35.065 14767 14776 E StrictMode: 	at android.app.Instrumentation$InstrumentationThread.run(Instrumentation.java:1932)
02-22 10:31:35.109 14767 14778 I art     : Background sticky concurrent mark sweep GC freed 375274(5MB) AllocSpace objects, 0(0B) LOS objects, 0% free, 41MB/41MB, paused 10.948ms total 243.730ms
02-22 10:31:35.350 14767 14778 I art     : Background partial concurrent mark sweep GC freed 806703(12MB) AllocSpace objects, 7(972KB) LOS objects, 9% free, 36MB/40MB, paused 9.172ms total 233.660ms
02-22 10:31:35.667 14767 14784 D touchtest: testLeftMenuContent, 1550831494670, content-desc, drawer open, click,  
02-22 10:31:35.668 14767 14767 I Choreographer: Skipped 59 frames!  The application may be doing too much work on its main thread.
02-22 10:31:35.756 14767 14784 I AccessibilityNodeInfoDumper: Skipping invisible child: android.view.accessibility.AccessibilityNodeInfo@80013c41; boundsInParent: Rect(0, 0 - 1080, 750); boundsInScreen: Rect(0, 0 - 1080, 72); packageName: com.android.systemui; className: android.view.View; text: null; error: null; maxTextLength: -1; contentDescription: null; viewIdResName: com.android.systemui:id/heads_up_scrim; checkable: false; checked: false; focusable: false; focused: false; selected: false; clickable: false; longClickable: false; contextClickable: false; enabled: true; password: false; scrollable: false; actions: [AccessibilityAction: ACTION_SELECT - null, AccessibilityAction: ACTION_CLEAR_SELECTION - null, AccessibilityAction: ACTION_ACCESSIBILITY_FOCUS - null, AccessibilityAction: ACTION_SHOW_ON_SCREEN - null]
02-22 10:31:35.757 14767 14778 I art     : Background sticky concurrent mark sweep GC freed 720364(10MB) AllocSpace objects, 0(0B) LOS objects, 10% free, 33MB/37MB, paused 11.069ms total 346.064ms
02-22 10:31:35.758 14767 14784 I AccessibilityNodeInfoDumper: Skipping invisible child: android.view.accessibility.AccessibilityNodeInfo@800152c7; boundsInParent: Rect(0, 0 - 0, 72); boundsInScreen: Rect(813, 0 - 813, 72); packageName: com.android.systemui; className: android.widget.LinearLayout; text: null; error: null; maxTextLength: -1; contentDescription: null; viewIdResName: com.android.systemui:id/statusIcons; checkable: false; checked: false; focusable: false; focused: false; selected: false; clickable: false; longClickable: false; contextClickable: false; enabled: true; password: false; scrollable: false; actions: [AccessibilityAction: ACTION_SELECT - null, AccessibilityAction: ACTION_CLEAR_SELECTION - null, AccessibilityAction: ACTION_ACCESSIBILITY_FOCUS - null, AccessibilityAction: ACTION_SHOW_ON_SCREEN - null]
02-22 10:31:35.760 14767 14784 I AccessibilityNodeInfoDumper: Skipping invisible child: android.view.accessibility.AccessibilityNodeInfo@80008811; boundsInParent: Rect(0, 0 - 57, 51); boundsInScreen: Rect(821, 10 - 878, 61); packageName: com.android.systemui; className: android.widget.ImageView; text: null; error: null; maxTextLength: -1; contentDescription: null; viewIdResName: com.android.systemui:id/mobile_signal_dark; checkable: false; checked: false; focusable: false; focused: false; selected: false; clickable: false; longClickable: false; contextClickable: false; enabled: true; password: false; scrollable: false; actions: [AccessibilityAction: ACTION_SELECT - null, AccessibilityAction: ACTION_CLEAR_SELECTION - null, AccessibilityAction: ACTION_ACCESSIBILITY_FOCUS - null, AccessibilityAction: ACTION_SHOW_ON_SCREEN - null]
02-22 10:31:35.765 14767 14784 I AccessibilityNodeInfoDumper: Skipping invisible child: android.view.accessibility.AccessibilityNodeInfo@8001ddb8; boundsInParent: Rect(0, 0 - 186, 120); boundsInScreen: Rect(624, 1548 - 810, 1668); packageName: it.feio.android.omninotes.alpha; className: android.widget.TextView; text: Photo; error: null; maxTextLength: -1; contentDescription: null; viewIdResName: null; checkable: false; checked: false; focusable: false; focused: false; selected: false; clickable: false; longClickable: false; contextClickable: false; enabled: true; password: false; scrollable: false; actions: [AccessibilityAction: ACTION_SELECT - null, AccessibilityAction: ACTION_CLEAR_SELECTION - null, AccessibilityAction: ACTION_ACCESSIBILITY_FOCUS - null, AccessibilityAction: ACTION_SHOW_ON_SCREEN - null, AccessibilityAction: ACTION_NEXT_AT_MOVEMENT_GRANULARITY - null, AccessibilityAction: ACTION_PREVIOUS_AT_MOVEMENT_GRANULARITY - null, AccessibilityAction: ACTION_SET_SELECTION - null]
02-22 10:31:35.765 14767 14784 I AccessibilityNodeInfoDumper: Skipping invisible child: android.view.accessibility.AccessibilityNodeInfo@8001e179; boundsInParent: Rect(0, 0 - 174, 174); boundsInScreen: Rect(858, 1530 - 1032, 1704); packageName: it.feio.android.omninotes.alpha; className: android.widget.ImageButton; text: null; error: null; maxTextLength: -1; contentDescription: null; viewIdResName: it.feio.android.omninotes.alpha:id/fab_camera; checkable: false; checked: false; focusable: true; focused: false; selected: false; clickable: true; longClickable: false; contextClickable: false; enabled: true; password: false; scrollable: false; actions: [AccessibilityAction: ACTION_SELECT - null, AccessibilityAction: ACTION_CLEAR_SELECTION - null, AccessibilityAction: ACTION_FOCUS - null, AccessibilityAction: ACTION_ACCESSIBILITY_FOCUS - null, AccessibilityAction: ACTION_CLICK - null, AccessibilityAction: ACTION_SHOW_ON_SCREEN - null]
02-22 10:31:35.766 14767 14784 I AccessibilityNodeInfoDumper: Skipping invisible child: android.view.accessibility.AccessibilityNodeInfo@8001e53a; boundsInParent: Rect(0, 0 - 246, 120); boundsInScreen: Rect(564, 1548 - 810, 1668); packageName: it.feio.android.omninotes.alpha; className: android.widget.TextView; text: Checklist; error: null; maxTextLength: -1; contentDescription: null; viewIdResName: null; checkable: false; checked: false; focusable: false; focused: false; selected: false; clickable: false; longClickable: false; contextClickable: false; enabled: true; password: false; scrollable: false; actions: [AccessibilityAction: ACTION_SELECT - null, AccessibilityAction: ACTION_CLEAR_SELECTION - null, AccessibilityAction: ACTION_ACCESSIBILITY_FOCUS - null, AccessibilityAction: ACTION_SHOW_ON_SCREEN - null, AccessibilityAction: ACTION_NEXT_AT_MOVEMENT_GRANULARITY - null, AccessibilityAction: ACTION_PREVIOUS_AT_MOVEMENT_GRANULARITY - null, AccessibilityAction: ACTION_SET_SELECTION - null]
02-22 10:31:35.766 14767 14784 I AccessibilityNodeInfoDumper: Skipping invisible child: android.view.accessibility.AccessibilityNodeInfo@8001e8fb; boundsInParent: Rect(0, 0 - 174, 174); boundsInScreen: Rect(858, 1530 - 1032, 1704); packageName: it.feio.android.omninotes.alpha; className: android.widget.ImageButton; text: null; error: null; maxTextLength: -1; contentDescription: null; viewIdResName: it.feio.android.omninotes.alpha:id/fab_checklist; checkable: false; checked: false; focusable: true; focused: false; selected: false; clickable: true; longClickable: false; contextClickable: false; enabled: true; password: false; scrollable: false; actions: [AccessibilityAction: ACTION_SELECT - null, AccessibilityAction: ACTION_CLEAR_SELECTION - null, AccessibilityAction: ACTION_FOCUS - null, AccessibilityAction: ACTION_ACCESSIBILITY_FOCUS - null, AccessibilityAction: ACTION_CLICK - null, AccessibilityAction: ACTION_SHOW_ON_SCREEN - null]
02-22 10:31:35.766 14767 14784 I AccessibilityNodeInfoDumper: Skipping invisible child: android.view.accessibility.AccessibilityNodeInfo@8001ecbc; boundsInParent: Rect(0, 0 - 248, 120); boundsInScreen: Rect(562, 1548 - 810, 1668); packageName: it.feio.android.omninotes.alpha; className: android.widget.TextView; text: Text note; error: null; maxTextLength: -1; contentDescription: null; viewIdResName: null; checkable: false; checked: false; focusable: false; focused: false; selected: false; clickable: false; longClickable: false; contextClickable: false; enabled: true; password: false; scrollable: false; actions: [AccessibilityAction: ACTION_SELECT - null, AccessibilityAction: ACTION_CLEAR_SELECTION - null, AccessibilityAction: ACTION_ACCESSIBILITY_FOCUS - null, AccessibilityAction: ACTION_SHOW_ON_SCREEN - null, AccessibilityAction: ACTION_NEXT_AT_MOVEMENT_GRANULARITY - null, AccessibilityAction: ACTION_PREVIOUS_AT_MOVEMENT_GRANULARITY - null, AccessibilityAction: ACTION_SET_SELECTION - null]
02-22 10:31:35.766 14767 14784 I AccessibilityNodeInfoDumper: Skipping invisible child: android.view.accessibility.AccessibilityNodeInfo@8001f07d; boundsInParent: Rect(0, 0 - 174, 174); boundsInScreen: Rect(858, 1530 - 1032, 1704); packageName: it.feio.android.omninotes.alpha; className: android.widget.ImageButton; text: null; error: null; maxTextLength: -1; contentDescription: null; viewIdResName: it.feio.android.omninotes.alpha:id/fab_note; checkable: false; checked: false; focusable: true; focused: false; selected: false; clickable: true; longClickable: false; contextClickable: false; enabled: true; password: false; scrollable: false; actions: [AccessibilityAction: ACTION_SELECT - null, AccessibilityAction: ACTION_CLEAR_SELECTION - null, AccessibilityAction: ACTION_FOCUS - null, AccessibilityAction: ACTION_ACCESSIBILITY_FOCUS - null, AccessibilityAction: ACTION_CLICK - null, AccessibilityAction: ACTION_SHOW_ON_SCREEN - null]
02-22 10:31:35.767 14767 14784 I AccessibilityNodeInfoDumper: Skipping invisible child: android.view.accessibility.AccessibilityNodeInfo@8001caf3; boundsInParent: Rect(0, 0 - 1080, 72); boundsInScreen: Rect(0, 0 - 1080, 72); packageName: it.feio.android.omninotes.alpha; className: android.view.View; text: null; error: null; maxTextLength: -1; contentDescription: null; viewIdResName: android:id/statusBarBackground; checkable: false; checked: false; focusable: false; focused: false; selected: false; clickable: false; longClickable: false; contextClickable: false; enabled: true; password: false; scrollable: false; actions: [AccessibilityAction: ACTION_SELECT - null, AccessibilityAction: ACTION_CLEAR_SELECTION - null, AccessibilityAction: ACTION_ACCESSIBILITY_FOCUS - null, AccessibilityAction: ACTION_SHOW_ON_SCREEN - null]
02-22 10:31:35.767 14767 14784 I AccessibilityNodeInfoDumper: Skipping invisible child: android.view.accessibility.AccessibilityNodeInfo@8001c732; boundsInParent: Rect(0, 0 - 1080, 144); boundsInScreen: Rect(0, 1776 - 1080, 1920); packageName: it.feio.android.omninotes.alpha; className: android.view.View; text: null; error: null; maxTextLength: -1; contentDescription: null; viewIdResName: android:id/navigationBarBackground; checkable: false; checked: false; focusable: false; focused: false; selected: false; clickable: false; longClickable: false; contextClickable: false; enabled: true; password: false; scrollable: false; actions: [AccessibilityAction: ACTION_SELECT - null, AccessibilityAction: ACTION_CLEAR_SELECTION - null, AccessibilityAction: ACTION_ACCESSIBILITY_FOCUS - null, AccessibilityAction: ACTION_SHOW_ON_SCREEN - null]
02-22 10:31:35.770 14767 14767 I ViewInteraction: Performing 'single click' action on view with content description: is "drawer open"
02-22 10:31:35.853  1375  1396 W audio_hw_generic: Not supplying enough data to HAL, expected position 24641511 , only wrote 24641280
02-22 10:31:35.902  1375  1396 W audio_hw_generic: Hardware backing HAL too slow, could only write 0 of 720 frames
02-22 10:31:35.916  1375  1396 W audio_hw_generic: Hardware backing HAL too slow, could only write 0 of 720 frames
02-22 10:31:35.932  1375  1396 W audio_hw_generic: Hardware backing HAL too slow, could only write 0 of 720 frames
02-22 10:31:37.600 14767 14767 E dialogs : true
02-22 10:31:37.724 14767 14778 W art     : Suspending all threads took: 7.024ms
02-22 10:31:37.848 14767 14778 I art     : Background partial concurrent mark sweep GC freed 237590(3MB) AllocSpace objects, 5(29MB) LOS objects, 11% free, 32MB/36MB, paused 23.142ms total 239.249ms
02-22 10:31:37.896  1375  1396 W audio_hw_generic: Hardware backing HAL too slow, could only write 0 of 720 frames
02-22 10:31:38.102 14767 14776 E StrictMode: A resource was acquired at attached stack trace but never released. See java.io.Closeable for information on avoiding resource leaks.
02-22 10:31:38.102 14767 14776 E StrictMode: java.lang.Throwable: Explicit termination method 'close' not called
02-22 10:31:38.102 14767 14776 E StrictMode: 	at dalvik.system.CloseGuard.open(CloseGuard.java:180)
02-22 10:31:38.102 14767 14776 E StrictMode: 	at java.io.FileOutputStream.<init>(FileOutputStream.java:222)
02-22 10:31:38.102 14767 14776 E StrictMode: 	at java.io.FileOutputStream.<init>(FileOutputStream.java:169)
02-22 10:31:38.102 14767 14776 E StrictMode: 	at android.support.test.uiautomator.UiDevice.dumpWindowHierarchy(UiDevice.java:932)
02-22 10:31:38.102 14767 14776 E StrictMode: 	at it.feio.android.omninotes.TOGGLETools.DumpScreen(TOGGLETools.java:251)
02-22 10:31:38.102 14767 14776 E StrictMode: 	at it.feio.android.omninotes.TestHomeEnhanced.testLeftMenuContent(TestHomeEnhanced.java:382)
02-22 10:31:38.102 14767 14776 E StrictMode: 	at java.lang.reflect.Method.invoke(Native Method)
02-22 10:31:38.102 14767 14776 E StrictMode: 	at junit.framework.TestCase.runTest(TestCase.java:168)
02-22 10:31:38.102 14767 14776 E StrictMode: 	at junit.framework.TestCase.runBare(TestCase.java:134)
02-22 10:31:38.102 14767 14776 E StrictMode: 	at junit.framework.TestResult$1.protect(TestResult.java:115)
02-22 10:31:38.102 14767 14776 E StrictMode: 	at android.support.test.internal.runner.junit3.AndroidTestResult.runProtected(AndroidTestResult.java:73)
02-22 10:31:38.102 14767 14776 E StrictMode: 	at junit.framework.TestResult.run(TestResult.java:118)
02-22 10:31:38.102 14767 14776 E StrictMode: 	at android.support.test.internal.runner.junit3.AndroidTestResult.run(AndroidTestResult.java:51)
02-22 10:31:38.102 14767 14776 E StrictMode: 	at junit.framework.TestCase.run(TestCase.java:124)
02-22 10:31:38.102 14767 14776 E StrictMode: 	at android.support.test.internal.runner.junit3.NonLeakyTestSuite$NonLeakyTest.run(NonLeakyTestSuite.java:62)
02-22 10:31:38.102 14767 14776 E StrictMode: 	at junit.framework.TestSuite.runTest(TestSuite.java:243)
02-22 10:31:38.102 14767 14776 E StrictMode: 	at junit.framework.TestSuite.run(TestSuite.java:238)
02-22 10:31:38.102 14767 14776 E StrictMode: 	at android.support.test.internal.runner.junit3.DelegatingTestSuite.run(DelegatingTestSuite.java:97)
02-22 10:31:38.102 14767 14776 E StrictMode: 	at android.support.test.internal.runner.junit3.AndroidTestSuite.run(AndroidTestSuite.java:65)
02-22 10:31:38.102 14767 14776 E StrictMode: 	at android.support.test.internal.runner.junit3.JUnit38ClassRunner.run(JUnit38ClassRunner.java:115)
02-22 10:31:38.102 14767 14776 E StrictMode: 	at org.junit.runners.Suite.runChild(Suite.java:128)
02-22 10:31:38.102 14767 14776 E StrictMode: 	at org.junit.runners.Suite.runChild(Suite.java:27)
02-22 10:31:38.102 14767 14776 E StrictMode: 	at org.junit.runners.ParentRunner$3.run(ParentRunner.java:290)
02-22 10:31:38.102 14767 14776 E StrictMode: 	at org.junit.runners.ParentRunner$1.schedule(ParentRunner.java:71)
02-22 10:31:38.102 14767 14776 E StrictMode: 	at org.junit.runners.ParentRunner.runChildren(ParentRunner.java:288)
02-22 10:31:38.102 14767 14776 E StrictMode: 	at org.junit.runners.ParentRunner.access$000(ParentRunner.java:58)
02-22 10:31:38.102 14767 14776 E StrictMode: 	at org.junit.runners.ParentRunner$2.evaluate(ParentRunner.java:268)
02-22 10:31:38.102 14767 14776 E StrictMode: 	at org.junit.runners.ParentRunner.run(ParentRunner.java:363)
02-22 10:31:38.102 14767 14776 E StrictMode: 	at org.junit.runner.JUnitCore.run(JUnitCore.java:137)
02-22 10:31:38.102 14767 14776 E StrictMode: 	at org.junit.runner.JUnitCore.run(JUnitCore.java:115)
02-22 10:31:38.102 14767 14776 E StrictMode: 	at android.support.test.internal.runner.TestExecutor.execute(TestExecutor.java:56)
02-22 10:31:38.102 14767 14776 E StrictMode: 	at android.support.test.runner.AndroidJUnitRunner.onStart(AndroidJUnitRunner.java:384)
02-22 10:31:38.102 14767 14776 E StrictMode: 	at android.app.Instrumentation$InstrumentationThread.run(Instrumentation.java:1932)
02-22 10:31:38.257 14767 14778 I art     : Background sticky concurrent mark sweep GC freed 421921(6MB) AllocSpace objects, 0(0B) LOS objects, 0% free, 41MB/41MB, paused 9.169ms total 269.624ms
02-22 10:31:38.336 14767 14778 W art     : Suspending all threads took: 5.207ms
02-22 10:31:38.521 14767 14778 I art     : Background partial concurrent mark sweep GC freed 922683(14MB) AllocSpace objects, 0(0B) LOS objects, 9% free, 37MB/41MB, paused 14.960ms total 260.373ms
02-22 10:31:38.744 14767 14767 I Choreographer: Skipped 69 frames!  The application may be doing too much work on its main thread.
02-22 10:31:38.745 14767 14784 D touchtest: testLeftMenuContent, 1550831497544, id, navdrawer_title, check,  
02-22 10:31:38.824 14767 14784 I AccessibilityNodeInfoDumper: Skipping invisible child: android.view.accessibility.AccessibilityNodeInfo@80013c41; boundsInParent: Rect(0, 0 - 1080, 750); boundsInScreen: Rect(0, 0 - 1080, 72); packageName: com.android.systemui; className: android.view.View; text: null; error: null; maxTextLength: -1; contentDescription: null; viewIdResName: com.android.systemui:id/heads_up_scrim; checkable: false; checked: false; focusable: false; focused: false; selected: false; clickable: false; longClickable: false; contextClickable: false; enabled: true; password: false; scrollable: false; actions: [AccessibilityAction: ACTION_SELECT - null, AccessibilityAction: ACTION_CLEAR_SELECTION - null, AccessibilityAction: ACTION_ACCESSIBILITY_FOCUS - null, AccessibilityAction: ACTION_SHOW_ON_SCREEN - null]
02-22 10:31:38.825 14767 14784 I AccessibilityNodeInfoDumper: Skipping invisible child: android.view.accessibility.AccessibilityNodeInfo@800152c7; boundsInParent: Rect(0, 0 - 0, 72); boundsInScreen: Rect(813, 0 - 813, 72); packageName: com.android.systemui; className: android.widget.LinearLayout; text: null; error: null; maxTextLength: -1; contentDescription: null; viewIdResName: com.android.systemui:id/statusIcons; checkable: false; checked: false; focusable: false; focused: false; selected: false; clickable: false; longClickable: false; contextClickable: false; enabled: true; password: false; scrollable: false; actions: [AccessibilityAction: ACTION_SELECT - null, AccessibilityAction: ACTION_CLEAR_SELECTION - null, AccessibilityAction: ACTION_ACCESSIBILITY_FOCUS - null, AccessibilityAction: ACTION_SHOW_ON_SCREEN - null]
02-22 10:31:38.826 14767 14784 I AccessibilityNodeInfoDumper: Skipping invisible child: android.view.accessibility.AccessibilityNodeInfo@80008811; boundsInParent: Rect(0, 0 - 57, 51); boundsInScreen: Rect(821, 10 - 878, 61); packageName: com.android.systemui; className: android.widget.ImageView; text: null; error: null; maxTextLength: -1; contentDescription: null; viewIdResName: com.android.systemui:id/mobile_signal_dark; checkable: false; checked: false; focusable: false; focused: false; selected: false; clickable: false; longClickable: false; contextClickable: false; enabled: true; password: false; scrollable: false; actions: [AccessibilityAction: ACTION_SELECT - null, AccessibilityAction: ACTION_CLEAR_SELECTION - null, AccessibilityAction: ACTION_ACCESSIBILITY_FOCUS - null, AccessibilityAction: ACTION_SHOW_ON_SCREEN - null]
02-22 10:31:38.854 14767 14784 I AccessibilityNodeInfoDumper: Skipping invisible child: android.view.accessibility.AccessibilityNodeInfo@8001ddb8; boundsInParent: Rect(0, 0 - 186, 120); boundsInScreen: Rect(624, 1548 - 810, 1668); packageName: it.feio.android.omninotes.alpha; className: android.widget.TextView; text: Photo; error: null; maxTextLength: -1; contentDescription: null; viewIdResName: null; checkable: false; checked: false; focusable: false; focused: false; selected: false; clickable: false; longClickable: false; contextClickable: false; enabled: true; password: false; scrollable: false; actions: [AccessibilityAction: ACTION_SELECT - null, AccessibilityAction: ACTION_CLEAR_SELECTION - null, AccessibilityAction: ACTION_ACCESSIBILITY_FOCUS - null, AccessibilityAction: ACTION_SHOW_ON_SCREEN - null, AccessibilityAction: ACTION_NEXT_AT_MOVEMENT_GRANULARITY - null, AccessibilityAction: ACTION_PREVIOUS_AT_MOVEMENT_GRANULARITY - null, AccessibilityAction: ACTION_SET_SELECTION - null]
02-22 10:31:38.854 14767 14784 I AccessibilityNodeInfoDumper: Skipping invisible child: android.view.accessibility.AccessibilityNodeInfo@8001e179; boundsInParent: Rect(0, 0 - 174, 174); boundsInScreen: Rect(858, 1530 - 1032, 1704); packageName: it.feio.android.omninotes.alpha; className: android.widget.ImageButton; text: null; error: null; maxTextLength: -1; contentDescription: null; viewIdResName: it.feio.android.omninotes.alpha:id/fab_camera; checkable: false; checked: false; focusable: true; focused: false; selected: false; clickable: true; longClickable: false; contextClickable: false; enabled: true; password: false; scrollable: false; actions: [AccessibilityAction: ACTION_SELECT - null, AccessibilityAction: ACTION_CLEAR_SELECTION - null, AccessibilityAction: ACTION_FOCUS - null, AccessibilityAction: ACTION_ACCESSIBILITY_FOCUS - null, AccessibilityAction: ACTION_CLICK - null, AccessibilityAction: ACTION_SHOW_ON_SCREEN - null]
02-22 10:31:38.854 14767 14784 I AccessibilityNodeInfoDumper: Skipping invisible child: android.view.accessibility.AccessibilityNodeInfo@8001e53a; boundsInParent: Rect(0, 0 - 246, 120); boundsInScreen: Rect(564, 1548 - 810, 1668); packageName: it.feio.android.omninotes.alpha; className: android.widget.TextView; text: Checklist; error: null; maxTextLength: -1; contentDescription: null; viewIdResName: null; checkable: false; checked: false; focusable: false; focused: false; selected: false; clickable: false; longClickable: false; contextClickable: false; enabled: true; password: false; scrollable: false; actions: [AccessibilityAction: ACTION_SELECT - null, AccessibilityAction: ACTION_CLEAR_SELECTION - null, AccessibilityAction: ACTION_ACCESSIBILITY_FOCUS - null, AccessibilityAction: ACTION_SHOW_ON_SCREEN - null, AccessibilityAction: ACTION_NEXT_AT_MOVEMENT_GRANULARITY - null, AccessibilityAction: ACTION_PREVIOUS_AT_MOVEMENT_GRANULARITY - null, AccessibilityAction: ACTION_SET_SELECTION - null]
02-22 10:31:38.854 14767 14784 I AccessibilityNodeInfoDumper: Skipping invisible child: android.view.accessibility.AccessibilityNodeInfo@8001e8fb; boundsInParent: Rect(0, 0 - 174, 174); boundsInScreen: Rect(858, 1530 - 1032, 1704); packageName: it.feio.android.omninotes.alpha; className: android.widget.ImageButton; text: null; error: null; maxTextLength: -1; contentDescription: null; viewIdResName: it.feio.android.omninotes.alpha:id/fab_checklist; checkable: false; checked: false; focusable: true; focused: false; selected: false; clickable: true; longClickable: false; contextClickable: false; enabled: true; password: false; scrollable: false; actions: [AccessibilityAction: ACTION_SELECT - null, AccessibilityAction: ACTION_CLEAR_SELECTION - null, AccessibilityAction: ACTION_FOCUS - null, AccessibilityAction: ACTION_ACCESSIBILITY_FOCUS - null, AccessibilityAction: ACTION_CLICK - null, AccessibilityAction: ACTION_SHOW_ON_SCREEN - null]
02-22 10:31:38.855 14767 14784 I AccessibilityNodeInfoDumper: Skipping invisible child: android.view.accessibility.AccessibilityNodeInfo@8001ecbc; boundsInParent: Rect(0, 0 - 248, 120); boundsInScreen: Rect(562, 1548 - 810, 1668); packageName: it.feio.android.omninotes.alpha; className: android.widget.TextView; text: Text note; error: null; maxTextLength: -1; contentDescription: null; viewIdResName: null; checkable: false; checked: false; focusable: false; focused: false; selected: false; clickable: false; longClickable: false; contextClickable: false; enabled: true; password: false; scrollable: false; actions: [AccessibilityAction: ACTION_SELECT - null, AccessibilityAction: ACTION_CLEAR_SELECTION - null, AccessibilityAction: ACTION_ACCESSIBILITY_FOCUS - null, AccessibilityAction: ACTION_SHOW_ON_SCREEN - null, AccessibilityAction: ACTION_NEXT_AT_MOVEMENT_GRANULARITY - null, AccessibilityAction: ACTION_PREVIOUS_AT_MOVEMENT_GRANULARITY - null, AccessibilityAction: ACTION_SET_SELECTION - null]
02-22 10:31:38.855 14767 14784 I AccessibilityNodeInfoDumper: Skipping invisible child: android.view.accessibility.AccessibilityNodeInfo@8001f07d; boundsInParent: Rect(0, 0 - 174, 174); boundsInScreen: Rect(858, 1530 - 1032, 1704); packageName: it.feio.android.omninotes.alpha; className: android.widget.ImageButton; text: null; error: null; maxTextLength: -1; contentDescription: null; viewIdResName: it.feio.android.omninotes.alpha:id/fab_note; checkable: false; checked: false; focusable: true; focused: false; selected: false; clickable: true; longClickable: false; contextClickable: false; enabled: true; password: false; scrollable: false; actions: [AccessibilityAction: ACTION_SELECT - null, AccessibilityAction: ACTION_CLEAR_SELECTION - null, AccessibilityAction: ACTION_FOCUS - null, AccessibilityAction: ACTION_ACCESSIBILITY_FOCUS - null, AccessibilityAction: ACTION_CLICK - null, AccessibilityAction: ACTION_SHOW_ON_SCREEN - null]
02-22 10:31:38.863 14767 14784 I AccessibilityNodeInfoDumper: Skipping invisible child: android.view.accessibility.AccessibilityNodeInfo@8001caf3; boundsInParent: Rect(0, 0 - 1080, 72); boundsInScreen: Rect(0, 0 - 1080, 72); packageName: it.feio.android.omninotes.alpha; className: android.view.View; text: null; error: null; maxTextLength: -1; contentDescription: null; viewIdResName: android:id/statusBarBackground; checkable: false; checked: false; focusable: false; focused: false; selected: false; clickable: false; longClickable: false; contextClickable: false; enabled: true; password: false; scrollable: false; actions: [AccessibilityAction: ACTION_SELECT - null, AccessibilityAction: ACTION_CLEAR_SELECTION - null, AccessibilityAction: ACTION_ACCESSIBILITY_FOCUS - null, AccessibilityAction: ACTION_SHOW_ON_SCREEN - null]
02-22 10:31:38.864 14767 14784 I AccessibilityNodeInfoDumper: Skipping invisible child: android.view.accessibility.AccessibilityNodeInfo@8001c732; boundsInParent: Rect(0, 0 - 1080, 144); boundsInScreen: Rect(0, 1776 - 1080, 1920); packageName: it.feio.android.omninotes.alpha; className: android.view.View; text: null; error: null; maxTextLength: -1; contentDescription: null; viewIdResName: android:id/navigationBarBackground; checkable: false; checked: false; focusable: false; focused: false; selected: false; clickable: false; longClickable: false; contextClickable: false; enabled: true; password: false; scrollable: false; actions: [AccessibilityAction: ACTION_SELECT - null, AccessibilityAction: ACTION_CLEAR_SELECTION - null, AccessibilityAction: ACTION_ACCESSIBILITY_FOCUS - null, AccessibilityAction: ACTION_SHOW_ON_SCREEN - null]
02-22 10:31:38.874 14767 14767 I ViewInteraction: Checking 'MatchesViewAssertion{viewMatcher=is displayed on the screen to the user}' assertion on view with id: it.feio.android.omninotes.alpha:id/navdrawer_title
02-22 10:31:38.961 14767 14778 I art     : Background sticky concurrent mark sweep GC freed 662186(10MB) AllocSpace objects, 0(0B) LOS objects, 11% free, 31MB/35MB, paused 7.086ms total 375.768ms
02-22 10:31:39.070  1375  1397 W audio_hw_generic: Not supplying enough data to HAL, expected position 24948097 , only wrote 24795360
02-22 10:31:39.892 14767 14767 E dialogs : true
02-22 10:31:40.039 14767 14778 I art     : Background partial concurrent mark sweep GC freed 63988(1380KB) AllocSpace objects, 4(21MB) LOS objects, 9% free, 39MB/43MB, paused 12.742ms total 129.010ms
02-22 10:31:40.293 14767 14776 E StrictMode: A resource was acquired at attached stack trace but never released. See java.io.Closeable for information on avoiding resource leaks.
02-22 10:31:40.293 14767 14776 E StrictMode: java.lang.Throwable: Explicit termination method 'close' not called
02-22 10:31:40.293 14767 14776 E StrictMode: 	at dalvik.system.CloseGuard.open(CloseGuard.java:180)
02-22 10:31:40.293 14767 14776 E StrictMode: 	at java.io.FileOutputStream.<init>(FileOutputStream.java:222)
02-22 10:31:40.293 14767 14776 E StrictMode: 	at java.io.FileOutputStream.<init>(FileOutputStream.java:169)
02-22 10:31:40.293 14767 14776 E StrictMode: 	at android.support.test.uiautomator.UiDevice.dumpWindowHierarchy(UiDevice.java:932)
02-22 10:31:40.293 14767 14776 E StrictMode: 	at it.feio.android.omninotes.TOGGLETools.DumpScreen(TOGGLETools.java:251)
02-22 10:31:40.293 14767 14776 E StrictMode: 	at it.feio.android.omninotes.TestHomeEnhanced.testLeftMenuContent(TestHomeEnhanced.java:397)
02-22 10:31:40.293 14767 14776 E StrictMode: 	at java.lang.reflect.Method.invoke(Native Method)
02-22 10:31:40.293 14767 14776 E StrictMode: 	at junit.framework.TestCase.runTest(TestCase.java:168)
02-22 10:31:40.293 14767 14776 E StrictMode: 	at junit.framework.TestCase.runBare(TestCase.java:134)
02-22 10:31:40.293 14767 14776 E StrictMode: 	at junit.framework.TestResult$1.protect(TestResult.java:115)
02-22 10:31:40.293 14767 14776 E StrictMode: 	at android.support.test.internal.runner.junit3.AndroidTestResult.runProtected(AndroidTestResult.java:73)
02-22 10:31:40.293 14767 14776 E StrictMode: 	at junit.framework.TestResult.run(TestResult.java:118)
02-22 10:31:40.293 14767 14776 E StrictMode: 	at android.support.test.internal.runner.junit3.AndroidTestResult.run(AndroidTestResult.java:51)
02-22 10:31:40.293 14767 14776 E StrictMode: 	at junit.framework.TestCase.run(TestCase.java:124)
02-22 10:31:40.293 14767 14776 E StrictMode: 	at android.support.test.internal.runner.junit3.NonLeakyTestSuite$NonLeakyTest.run(NonLeakyTestSuite.java:62)
02-22 10:31:40.293 14767 14776 E StrictMode: 	at junit.framework.TestSuite.runTest(TestSuite.java:243)
02-22 10:31:40.293 14767 14776 E StrictMode: 	at junit.framework.TestSuite.run(TestSuite.java:238)
02-22 10:31:40.293 14767 14776 E StrictMode: 	at android.support.test.internal.runner.junit3.DelegatingTestSuite.run(DelegatingTestSuite.java:97)
02-22 10:31:40.293 14767 14776 E StrictMode: 	at android.support.test.internal.runner.junit3.AndroidTestSuite.run(AndroidTestSuite.java:65)
02-22 10:31:40.293 14767 14776 E StrictMode: 	at android.support.test.internal.runner.junit3.JUnit38ClassRunner.run(JUnit38ClassRunner.java:115)
02-22 10:31:40.293 14767 14776 E StrictMode: 	at org.junit.runners.Suite.runChild(Suite.java:128)
02-22 10:31:40.293 14767 14776 E StrictMode: 	at org.junit.runners.Suite.runChild(Suite.java:27)
02-22 10:31:40.293 14767 14776 E StrictMode: 	at org.junit.runners.ParentRunner$3.run(ParentRunner.java:290)
02-22 10:31:40.293 14767 14776 E StrictMode: 	at org.junit.runners.ParentRunner$1.schedule(ParentRunner.java:71)
02-22 10:31:40.293 14767 14776 E StrictMode: 	at org.junit.runners.ParentRunner.runChildren(ParentRunner.java:288)
02-22 10:31:40.293 14767 14776 E StrictMode: 	at org.junit.runners.ParentRunner.access$000(ParentRunner.java:58)
02-22 10:31:40.293 14767 14776 E StrictMode: 	at org.junit.runners.ParentRunner$2.evaluate(ParentRunner.java:268)
02-22 10:31:40.293 14767 14776 E StrictMode: 	at org.junit.runners.ParentRunner.run(ParentRunner.java:363)
02-22 10:31:40.293 14767 14776 E StrictMode: 	at org.junit.runner.JUnitCore.run(JUnitCore.java:137)
02-22 10:31:40.293 14767 14776 E StrictMode: 	at org.junit.runner.JUnitCore.run(JUnitCore.java:115)
02-22 10:31:40.293 14767 14776 E StrictMode: 	at android.support.test.internal.runner.TestExecutor.execute(TestExecutor.java:56)
02-22 10:31:40.293 14767 14776 E StrictMode: 	at android.support.test.runner.AndroidJUnitRunner.onStart(AndroidJUnitRunner.java:384)
02-22 10:31:40.293 14767 14776 E StrictMode: 	at android.app.Instrumentation$InstrumentationThread.run(Instrumentation.java:1932)
02-22 10:31:40.323 14767 14778 I art     : Background sticky concurrent mark sweep GC freed 379796(5MB) AllocSpace objects, 0(0B) LOS objects, 0% free, 46MB/46MB, paused 6.320ms total 218.782ms
02-22 10:31:40.494 14767 14778 I art     : Background partial concurrent mark sweep GC freed 698237(10MB) AllocSpace objects, 1(7MB) LOS objects, 10% free, 32MB/36MB, paused 13.503ms total 168.438ms
02-22 10:31:40.587  1617  1626 I art     : Background sticky concurrent mark sweep GC freed 27823(2MB) AllocSpace objects, 1(20KB) LOS objects, 16% free, 15MB/18MB, paused 9.334ms total 68.500ms
02-22 10:31:40.798 14767 14778 I art     : Background sticky concurrent mark sweep GC freed 407527(6MB) AllocSpace objects, 0(0B) LOS objects, 0% free, 39MB/39MB, paused 10.279ms total 233.679ms
02-22 10:31:40.887 14767 14778 I art     : Background partial concurrent mark sweep GC freed 531366(8MB) AllocSpace objects, 0(0B) LOS objects, 11% free, 31MB/35MB, paused 7.046ms total 84.976ms
02-22 10:31:40.917 14767 14784 D touchtest: testLeftMenuContent, 1550831499883, id, settings_view, check,  
02-22 10:31:40.956 14767 14784 I AccessibilityNodeInfoDumper: Skipping invisible child: android.view.accessibility.AccessibilityNodeInfo@80013c41; boundsInParent: Rect(0, 0 - 1080, 750); boundsInScreen: Rect(0, 0 - 1080, 72); packageName: com.android.systemui; className: android.view.View; text: null; error: null; maxTextLength: -1; contentDescription: null; viewIdResName: com.android.systemui:id/heads_up_scrim; checkable: false; checked: false; focusable: false; focused: false; selected: false; clickable: false; longClickable: false; contextClickable: false; enabled: true; password: false; scrollable: false; actions: [AccessibilityAction: ACTION_SELECT - null, AccessibilityAction: ACTION_CLEAR_SELECTION - null, AccessibilityAction: ACTION_ACCESSIBILITY_FOCUS - null, AccessibilityAction: ACTION_SHOW_ON_SCREEN - null]
02-22 10:31:40.956 14767 14784 I AccessibilityNodeInfoDumper: Skipping invisible child: android.view.accessibility.AccessibilityNodeInfo@800152c7; boundsInParent: Rect(0, 0 - 0, 72); boundsInScreen: Rect(813, 0 - 813, 72); packageName: com.android.systemui; className: android.widget.LinearLayout; text: null; error: null; maxTextLength: -1; contentDescription: null; viewIdResName: com.android.systemui:id/statusIcons; checkable: false; checked: false; focusable: false; focused: false; selected: false; clickable: false; longClickable: false; contextClickable: false; enabled: true; password: false; scrollable: false; actions: [AccessibilityAction: ACTION_SELECT - null, AccessibilityAction: ACTION_CLEAR_SELECTION - null, AccessibilityAction: ACTION_ACCESSIBILITY_FOCUS - null, AccessibilityAction: ACTION_SHOW_ON_SCREEN - null]
02-22 10:31:40.959 14767 14784 I AccessibilityNodeInfoDumper: Skipping invisible child: android.view.accessibility.AccessibilityNodeInfo@80008811; boundsInParent: Rect(0, 0 - 57, 51); boundsInScreen: Rect(821, 10 - 878, 61); packageName: com.android.systemui; className: android.widget.ImageView; text: null; error: null; maxTextLength: -1; contentDescription: null; viewIdResName: com.android.systemui:id/mobile_signal_dark; checkable: false; checked: false; focusable: false; focused: false; selected: false; clickable: false; longClickable: false; contextClickable: false; enabled: true; password: false; scrollable: false; actions: [AccessibilityAction: ACTION_SELECT - null, AccessibilityAction: ACTION_CLEAR_SELECTION - null, AccessibilityAction: ACTION_ACCESSIBILITY_FOCUS - null, AccessibilityAction: ACTION_SHOW_ON_SCREEN - null]
02-22 10:31:40.966 14767 14784 I AccessibilityNodeInfoDumper: Skipping invisible child: android.view.accessibility.AccessibilityNodeInfo@8001ddb8; boundsInParent: Rect(0, 0 - 186, 120); boundsInScreen: Rect(624, 1548 - 810, 1668); packageName: it.feio.android.omninotes.alpha; className: android.widget.TextView; text: Photo; error: null; maxTextLength: -1; contentDescription: null; viewIdResName: null; checkable: false; checked: false; focusable: false; focused: false; selected: false; clickable: false; longClickable: false; contextClickable: false; enabled: true; password: false; scrollable: false; actions: [AccessibilityAction: ACTION_SELECT - null, AccessibilityAction: ACTION_CLEAR_SELECTION - null, AccessibilityAction: ACTION_ACCESSIBILITY_FOCUS - null, AccessibilityAction: ACTION_SHOW_ON_SCREEN - null, AccessibilityAction: ACTION_NEXT_AT_MOVEMENT_GRANULARITY - null, AccessibilityAction: ACTION_PREVIOUS_AT_MOVEMENT_GRANULARITY - null, AccessibilityAction: ACTION_SET_SELECTION - null]
02-22 10:31:40.967 14767 14784 I AccessibilityNodeInfoDumper: Skipping invisible child: android.view.accessibility.AccessibilityNodeInfo@8001e179; boundsInParent: Rect(0, 0 - 174, 174); boundsInScreen: Rect(858, 1530 - 1032, 1704); packageName: it.feio.android.omninotes.alpha; className: android.widget.ImageButton; text: null; error: null; maxTextLength: -1; contentDescription: null; viewIdResName: it.feio.android.omninotes.alpha:id/fab_camera; checkable: false; checked: false; focusable: true; focused: false; selected: false; clickable: true; longClickable: false; contextClickable: false; enabled: true; password: false; scrollable: false; actions: [AccessibilityAction: ACTION_SELECT - null, AccessibilityAction: ACTION_CLEAR_SELECTION - null, AccessibilityAction: ACTION_FOCUS - null, AccessibilityAction: ACTION_ACCESSIBILITY_FOCUS - null, AccessibilityAction: ACTION_CLICK - null, AccessibilityAction: ACTION_SHOW_ON_SCREEN - null]
02-22 10:31:40.967 14767 14784 I AccessibilityNodeInfoDumper: Skipping invisible child: android.view.accessibility.AccessibilityNodeInfo@8001e53a; boundsInParent: Rect(0, 0 - 246, 120); boundsInScreen: Rect(564, 1548 - 810, 1668); packageName: it.feio.android.omninotes.alpha; className: android.widget.TextView; text: Checklist; error: null; maxTextLength: -1; contentDescription: null; viewIdResName: null; checkable: false; checked: false; focusable: false; focused: false; selected: false; clickable: false; longClickable: false; contextClickable: false; enabled: true; password: false; scrollable: false; actions: [AccessibilityAction: ACTION_SELECT - null, AccessibilityAction: ACTION_CLEAR_SELECTION - null, AccessibilityAction: ACTION_ACCESSIBILITY_FOCUS - null, AccessibilityAction: ACTION_SHOW_ON_SCREEN - null, AccessibilityAction: ACTION_NEXT_AT_MOVEMENT_GRANULARITY - null, AccessibilityAction: ACTION_PREVIOUS_AT_MOVEMENT_GRANULARITY - null, AccessibilityAction: ACTION_SET_SELECTION - null]
02-22 10:31:40.967 14767 14784 I AccessibilityNodeInfoDumper: Skipping invisible child: android.view.accessibility.AccessibilityNodeInfo@8001e8fb; boundsInParent: Rect(0, 0 - 174, 174); boundsInScreen: Rect(858, 1530 - 1032, 1704); packageName: it.feio.android.omninotes.alpha; className: android.widget.ImageButton; text: null; error: null; maxTextLength: -1; contentDescription: null; viewIdResName: it.feio.android.omninotes.alpha:id/fab_checklist; checkable: false; checked: false; focusable: true; focused: false; selected: false; clickable: true; longClickable: false; contextClickable: false; enabled: true; password: false; scrollable: false; actions: [AccessibilityAction: ACTION_SELECT - null, AccessibilityAction: ACTION_CLEAR_SELECTION - null, AccessibilityAction: ACTION_FOCUS - null, AccessibilityAction: ACTION_ACCESSIBILITY_FOCUS - null, AccessibilityAction: ACTION_CLICK - null, AccessibilityAction: ACTION_SHOW_ON_SCREEN - null]
