02-22 10:31:24.537 14767 14776 E StrictMode: 	at junit.framework.TestResult.run(TestResult.java:118)
02-22 10:31:24.537 14767 14776 E StrictMode: 	at android.support.test.internal.runner.junit3.AndroidTestResult.run(AndroidTestResult.java:51)
02-22 10:31:24.537 14767 14776 E StrictMode: 	at junit.framework.TestCase.run(TestCase.java:124)
02-22 10:31:24.537 14767 14776 E StrictMode: 	at android.support.test.internal.runner.junit3.NonLeakyTestSuite$NonLeakyTest.run(NonLeakyTestSuite.java:62)
02-22 10:31:24.537 14767 14776 E StrictMode: 	at junit.framework.TestSuite.runTest(TestSuite.java:243)
02-22 10:31:24.537 14767 14776 E StrictMode: 	at junit.framework.TestSuite.run(TestSuite.java:238)
02-22 10:31:24.537 14767 14776 E StrictMode: 	at android.support.test.internal.runner.junit3.DelegatingTestSuite.run(DelegatingTestSuite.java:97)
02-22 10:31:24.537 14767 14776 E StrictMode: 	at android.support.test.internal.runner.junit3.AndroidTestSuite.run(AndroidTestSuite.java:65)
02-22 10:31:24.537 14767 14776 E StrictMode: 	at android.support.test.internal.runner.junit3.JUnit38ClassRunner.run(JUnit38ClassRunner.java:115)
02-22 10:31:24.537 14767 14776 E StrictMode: 	at org.junit.runners.Suite.runChild(Suite.java:128)
02-22 10:31:24.537 14767 14776 E StrictMode: 	at org.junit.runners.Suite.runChild(Suite.java:27)
02-22 10:31:24.537 14767 14776 E StrictMode: 	at org.junit.runners.ParentRunner$3.run(ParentRunner.java:290)
02-22 10:31:24.537 14767 14776 E StrictMode: 	at org.junit.runners.ParentRunner$1.schedule(ParentRunner.java:71)
02-22 10:31:24.537 14767 14776 E StrictMode: 	at org.junit.runners.ParentRunner.runChildren(ParentRunner.java:288)
02-22 10:31:24.537 14767 14776 E StrictMode: 	at org.junit.runners.ParentRunner.access$000(ParentRunner.java:58)
02-22 10:31:24.537 14767 14776 E StrictMode: 	at org.junit.runners.ParentRunner$2.evaluate(ParentRunner.java:268)
02-22 10:31:24.537 14767 14776 E StrictMode: 	at org.junit.runners.ParentRunner.run(ParentRunner.java:363)
02-22 10:31:24.537 14767 14776 E StrictMode: 	at org.junit.runner.JUnitCore.run(JUnitCore.java:137)
02-22 10:31:24.537 14767 14776 E StrictMode: 	at org.junit.runner.JUnitCore.run(JUnitCore.java:115)
02-22 10:31:24.537 14767 14776 E StrictMode: 	at android.support.test.internal.runner.TestExecutor.execute(TestExecutor.java:56)
02-22 10:31:24.537 14767 14776 E StrictMode: 	at android.support.test.runner.AndroidJUnitRunner.onStart(AndroidJUnitRunner.java:384)
02-22 10:31:24.537 14767 14776 E StrictMode: 	at android.app.Instrumentation$InstrumentationThread.run(Instrumentation.java:1932)
02-22 10:31:24.539 14767 14778 I art     : Background sticky concurrent mark sweep GC freed 538823(8MB) AllocSpace objects, 2(868KB) LOS objects, 11% free, 31MB/35MB, paused 12.139ms total 355.843ms
02-22 10:31:24.578 14767 14792 D EGL_emulation: eglMakeCurrent: 0xa5e72440: ver 2 0 (tinfo 0x9c324cf0)
02-22 10:31:24.661  1617  1637 I ActivityManager: Displayed it.feio.android.omninotes.alpha/it.feio.android.omninotes.MainActivity: +514ms
02-22 10:31:24.887  1617  1637 I WindowManager: Destroying surface Surface(name=Starting it.feio.android.omninotes.alpha) called by com.android.server.wm.WindowStateAnimator.destroySurface:2016 com.android.server.wm.WindowStateAnimator.destroySurfaceLocked:882 com.android.server.wm.WindowState.destroyOrSaveSurface:2100 com.android.server.wm.AppWindowToken.destroySurfaces:363 com.android.server.wm.WindowStateAnimator.finishExit:565 com.android.server.wm.WindowStateAnimator.stepAnimationLocked:491 com.android.server.wm.WindowAnimator.updateWindowsLocked:303 com.android.server.wm.WindowAnimator.animateLocked:704 
02-22 10:31:24.896 14767 14767 E dialogs : true
02-22 10:31:24.978 14767 14778 W art     : Suspending all threads took: 8.824ms
02-22 10:31:25.032 14767 14778 I art     : Background partial concurrent mark sweep GC freed 5497(436KB) AllocSpace objects, 3(21MB) LOS objects, 9% free, 39MB/43MB, paused 25.572ms total 128.622ms
02-22 10:31:25.085  1617  2801 I WindowManager: Destroying surface Surface(name=com.android.launcher3/com.android.launcher3.Launcher) called by com.android.server.wm.WindowStateAnimator.destroySurface:2016 com.android.server.wm.WindowStateAnimator.destroySurfaceLocked:882 com.android.server.wm.WindowState.destroyOrSaveSurface:2100 com.android.server.wm.AppWindowToken.destroySurfaces:363 com.android.server.wm.AppWindowToken.notifyAppStopped:389 com.android.server.wm.WindowManagerService.notifyAppStopped:4463 com.android.server.am.ActivityStack.activityStoppedLocked:1252 com.android.server.am.ActivityManagerService.activityStopped:6903 
02-22 10:31:25.375 14767 14778 I art     : Background sticky concurrent mark sweep GC freed 378927(5MB) AllocSpace objects, 0(0B) LOS objects, 0% free, 48MB/48MB, paused 8.668ms total 232.062ms
02-22 10:31:25.587 14767 14778 I art     : Background partial concurrent mark sweep GC freed 770382(12MB) AllocSpace objects, 2(7MB) LOS objects, 10% free, 35MB/39MB, paused 11.634ms total 209.944ms
02-22 10:31:25.925 14767 14784 D touchtest: testChecklistIsDisplayed, 1550831484884, id, fab_expand_menu_button, click,  
02-22 10:31:25.926 14767 14767 I Choreographer: Skipped 62 frames!  The application may be doing too much work on its main thread.
02-22 10:31:25.996 14767 14784 I AccessibilityNodeInfoDumper: Skipping invisible child: android.view.accessibility.AccessibilityNodeInfo@80013c41; boundsInParent: Rect(0, 0 - 1080, 750); boundsInScreen: Rect(0, 0 - 1080, 72); packageName: com.android.systemui; className: android.view.View; text: null; error: null; maxTextLength: -1; contentDescription: null; viewIdResName: com.android.systemui:id/heads_up_scrim; checkable: false; checked: false; focusable: false; focused: false; selected: false; clickable: false; longClickable: false; contextClickable: false; enabled: true; password: false; scrollable: false; actions: [AccessibilityAction: ACTION_SELECT - null, AccessibilityAction: ACTION_CLEAR_SELECTION - null, AccessibilityAction: ACTION_ACCESSIBILITY_FOCUS - null, AccessibilityAction: ACTION_SHOW_ON_SCREEN - null]
02-22 10:31:25.996 14767 14784 I AccessibilityNodeInfoDumper: Skipping invisible child: android.view.accessibility.AccessibilityNodeInfo@800152c7; boundsInParent: Rect(0, 0 - 0, 72); boundsInScreen: Rect(813, 0 - 813, 72); packageName: com.android.systemui; className: android.widget.LinearLayout; text: null; error: null; maxTextLength: -1; contentDescription: null; viewIdResName: com.android.systemui:id/statusIcons; checkable: false; checked: false; focusable: false; focused: false; selected: false; clickable: false; longClickable: false; contextClickable: false; enabled: true; password: false; scrollable: false; actions: [AccessibilityAction: ACTION_SELECT - null, AccessibilityAction: ACTION_CLEAR_SELECTION - null, AccessibilityAction: ACTION_ACCESSIBILITY_FOCUS - null, AccessibilityAction: ACTION_SHOW_ON_SCREEN - null]
02-22 10:31:25.999 14767 14784 I AccessibilityNodeInfoDumper: Skipping invisible child: android.view.accessibility.AccessibilityNodeInfo@80008811; boundsInParent: Rect(0, 0 - 57, 51); boundsInScreen: Rect(821, 10 - 878, 61); packageName: com.android.systemui; className: android.widget.ImageView; text: null; error: null; maxTextLength: -1; contentDescription: null; viewIdResName: com.android.systemui:id/mobile_signal_dark; checkable: false; checked: false; focusable: false; focused: false; selected: false; clickable: false; longClickable: false; contextClickable: false; enabled: true; password: false; scrollable: false; actions: [AccessibilityAction: ACTION_SELECT - null, AccessibilityAction: ACTION_CLEAR_SELECTION - null, AccessibilityAction: ACTION_ACCESSIBILITY_FOCUS - null, AccessibilityAction: ACTION_SHOW_ON_SCREEN - null]
02-22 10:31:26.005 14767 14784 I AccessibilityNodeInfoDumper: Skipping invisible child: android.view.accessibility.AccessibilityNodeInfo@8001388a; boundsInParent: Rect(0, 0 - 186, 120); boundsInScreen: Rect(624, 1548 - 810, 1668); packageName: it.feio.android.omninotes.alpha; className: android.widget.TextView; text: Photo; error: null; maxTextLength: -1; contentDescription: null; viewIdResName: null; checkable: false; checked: false; focusable: false; focused: false; selected: false; clickable: false; longClickable: false; contextClickable: false; enabled: true; password: false; scrollable: false; actions: [AccessibilityAction: ACTION_SELECT - null, AccessibilityAction: ACTION_CLEAR_SELECTION - null, AccessibilityAction: ACTION_ACCESSIBILITY_FOCUS - null, AccessibilityAction: ACTION_SHOW_ON_SCREEN - null, AccessibilityAction: ACTION_NEXT_AT_MOVEMENT_GRANULARITY - null, AccessibilityAction: ACTION_PREVIOUS_AT_MOVEMENT_GRANULARITY - null, AccessibilityAction: ACTION_SET_SELECTION - null]
02-22 10:31:26.008 14767 14784 I AccessibilityNodeInfoDumper: Skipping invisible child: android.view.accessibility.AccessibilityNodeInfo@80013c4b; boundsInParent: Rect(0, 0 - 174, 174); boundsInScreen: Rect(858, 1530 - 1032, 1704); packageName: it.feio.android.omninotes.alpha; className: android.widget.ImageButton; text: null; error: null; maxTextLength: -1; contentDescription: null; viewIdResName: it.feio.android.omninotes.alpha:id/fab_camera; checkable: false; checked: false; focusable: true; focused: false; selected: false; clickable: true; longClickable: false; contextClickable: false; enabled: true; password: false; scrollable: false; actions: [AccessibilityAction: ACTION_SELECT - null, AccessibilityAction: ACTION_CLEAR_SELECTION - null, AccessibilityAction: ACTION_FOCUS - null, AccessibilityAction: ACTION_ACCESSIBILITY_FOCUS - null, AccessibilityAction: ACTION_CLICK - null, AccessibilityAction: ACTION_SHOW_ON_SCREEN - null]
02-22 10:31:26.008 14767 14784 I AccessibilityNodeInfoDumper: Skipping invisible child: android.view.accessibility.AccessibilityNodeInfo@8001400c; boundsInParent: Rect(0, 0 - 246, 120); boundsInScreen: Rect(564, 1548 - 810, 1668); packageName: it.feio.android.omninotes.alpha; className: android.widget.TextView; text: Checklist; error: null; maxTextLength: -1; contentDescription: null; viewIdResName: null; checkable: false; checked: false; focusable: false; focused: false; selected: false; clickable: false; longClickable: false; contextClickable: false; enabled: true; password: false; scrollable: false; actions: [AccessibilityAction: ACTION_SELECT - null, AccessibilityAction: ACTION_CLEAR_SELECTION - null, AccessibilityAction: ACTION_ACCESSIBILITY_FOCUS - null, AccessibilityAction: ACTION_SHOW_ON_SCREEN - null, AccessibilityAction: ACTION_NEXT_AT_MOVEMENT_GRANULARITY - null, AccessibilityAction: ACTION_PREVIOUS_AT_MOVEMENT_GRANULARITY - null, AccessibilityAction: ACTION_SET_SELECTION - null]
02-22 10:31:26.008 14767 14784 I AccessibilityNodeInfoDumper: Skipping invisible child: android.view.accessibility.AccessibilityNodeInfo@800143cd; boundsInParent: Rect(0, 0 - 174, 174); boundsInScreen: Rect(858, 1530 - 1032, 1704); packageName: it.feio.android.omninotes.alpha; className: android.widget.ImageButton; text: null; error: null; maxTextLength: -1; contentDescription: null; viewIdResName: it.feio.android.omninotes.alpha:id/fab_checklist; checkable: false; checked: false; focusable: true; focused: false; selected: false; clickable: true; longClickable: false; contextClickable: false; enabled: true; password: false; scrollable: false; actions: [AccessibilityAction: ACTION_SELECT - null, AccessibilityAction: ACTION_CLEAR_SELECTION - null, AccessibilityAction: ACTION_FOCUS - null, AccessibilityAction: ACTION_ACCESSIBILITY_FOCUS - null, AccessibilityAction: ACTION_CLICK - null, AccessibilityAction: ACTION_SHOW_ON_SCREEN - null]
02-22 10:31:26.008 14767 14784 I AccessibilityNodeInfoDumper: Skipping invisible child: android.view.accessibility.AccessibilityNodeInfo@8001478e; boundsInParent: Rect(0, 0 - 248, 120); boundsInScreen: Rect(562, 1548 - 810, 1668); packageName: it.feio.android.omninotes.alpha; className: android.widget.TextView; text: Text note; error: null; maxTextLength: -1; contentDescription: null; viewIdResName: null; checkable: false; checked: false; focusable: false; focused: false; selected: false; clickable: false; longClickable: false; contextClickable: false; enabled: true; password: false; scrollable: false; actions: [AccessibilityAction: ACTION_SELECT - null, AccessibilityAction: ACTION_CLEAR_SELECTION - null, AccessibilityAction: ACTION_ACCESSIBILITY_FOCUS - null, AccessibilityAction: ACTION_SHOW_ON_SCREEN - null, AccessibilityAction: ACTION_NEXT_AT_MOVEMENT_GRANULARITY - null, AccessibilityAction: ACTION_PREVIOUS_AT_MOVEMENT_GRANULARITY - null, AccessibilityAction: ACTION_SET_SELECTION - null]
02-22 10:31:26.009 14767 14784 I AccessibilityNodeInfoDumper: Skipping invisible child: android.view.accessibility.AccessibilityNodeInfo@80014b4f; boundsInParent: Rect(0, 0 - 174, 174); boundsInScreen: Rect(858, 1530 - 1032, 1704); packageName: it.feio.android.omninotes.alpha; className: android.widget.ImageButton; text: null; error: null; maxTextLength: -1; contentDescription: null; viewIdResName: it.feio.android.omninotes.alpha:id/fab_note; checkable: false; checked: false; focusable: true; focused: false; selected: false; clickable: true; longClickable: false; contextClickable: false; enabled: true; password: false; scrollable: false; actions: [AccessibilityAction: ACTION_SELECT - null, AccessibilityAction: ACTION_CLEAR_SELECTION - null, AccessibilityAction: ACTION_FOCUS - null, AccessibilityAction: ACTION_ACCESSIBILITY_FOCUS - null, AccessibilityAction: ACTION_CLICK - null, AccessibilityAction: ACTION_SHOW_ON_SCREEN - null]
02-22 10:31:26.009 14767 14784 I AccessibilityNodeInfoDumper: Skipping invisible child: android.view.accessibility.AccessibilityNodeInfo@800125c5; boundsInParent: Rect(0, 0 - 1080, 72); boundsInScreen: Rect(0, 0 - 1080, 72); packageName: it.feio.android.omninotes.alpha; className: android.view.View; text: null; error: null; maxTextLength: -1; contentDescription: null; viewIdResName: android:id/statusBarBackground; checkable: false; checked: false; focusable: false; focused: false; selected: false; clickable: false; longClickable: false; contextClickable: false; enabled: true; password: false; scrollable: false; actions: [AccessibilityAction: ACTION_SELECT - null, AccessibilityAction: ACTION_CLEAR_SELECTION - null, AccessibilityAction: ACTION_ACCESSIBILITY_FOCUS - null, AccessibilityAction: ACTION_SHOW_ON_SCREEN - null]
02-22 10:31:26.009 14767 14784 I AccessibilityNodeInfoDumper: Skipping invisible child: android.view.accessibility.AccessibilityNodeInfo@80012204; boundsInParent: Rect(0, 0 - 1080, 144); boundsInScreen: Rect(0, 1776 - 1080, 1920); packageName: it.feio.android.omninotes.alpha; className: android.view.View; text: null; error: null; maxTextLength: -1; contentDescription: null; viewIdResName: android:id/navigationBarBackground; checkable: false; checked: false; focusable: false; focused: false; selected: false; clickable: false; longClickable: false; contextClickable: false; enabled: true; password: false; scrollable: false; actions: [AccessibilityAction: ACTION_SELECT - null, AccessibilityAction: ACTION_CLEAR_SELECTION - null, AccessibilityAction: ACTION_ACCESSIBILITY_FOCUS - null, AccessibilityAction: ACTION_SHOW_ON_SCREEN - null]
02-22 10:31:26.022 14767 14767 I ViewInteraction: Performing 'single click' action on view with id: it.feio.android.omninotes.alpha:id/fab_expand_menu_button
02-22 10:31:26.024 14767 14778 I art     : Background sticky concurrent mark sweep GC freed 623180(9MB) AllocSpace objects, 0(0B) LOS objects, 8% free, 36MB/39MB, paused 10.436ms total 373.117ms
02-22 10:31:26.105  1375  1396 W audio_hw_generic: Not supplying enough data to HAL, expected position 24486084 , only wrote 24485760
02-22 10:31:26.153  1375  1396 W audio_hw_generic: Hardware backing HAL too slow, could only write 0 of 720 frames
02-22 10:31:26.169  1375  1396 W audio_hw_generic: Hardware backing HAL too slow, could only write 0 of 720 frames
02-22 10:31:26.210  1375  1396 W audio_hw_generic: Hardware backing HAL too slow, could only write 0 of 720 frames
02-22 10:31:26.909  5221  5275 W Finsky  : [278] com.google.android.finsky.FinskyApp.i(1468): No account configured on this device.
02-22 10:31:26.910  5221  5275 I Finsky  : [278] com.google.android.finsky.c.e.run(1151): Replicating app states via AMAS.
02-22 10:31:27.161  5221  5275 I Finsky  : [278] com.google.android.finsky.c.c.a(311): Completed 0 account content syncs with 0 successful.
02-22 10:31:27.166  5221  5221 I Finsky  : [1] com.google.android.finsky.services.j.a(149): Installation state replication succeeded.
02-22 10:31:27.827 14767 14767 E dialogs : true
02-22 10:31:28.006 14767 14778 I art     : Background partial concurrent mark sweep GC freed 450399(7MB) AllocSpace objects, 5(29MB) LOS objects, 10% free, 33MB/37MB, paused 11.678ms total 173.194ms
02-22 10:31:28.272 14767 14776 E StrictMode: A resource was acquired at attached stack trace but never released. See java.io.Closeable for information on avoiding resource leaks.
02-22 10:31:28.272 14767 14776 E StrictMode: java.lang.Throwable: Explicit termination method 'close' not called
02-22 10:31:28.272 14767 14776 E StrictMode: 	at dalvik.system.CloseGuard.open(CloseGuard.java:180)
02-22 10:31:28.272 14767 14776 E StrictMode: 	at java.io.FileOutputStream.<init>(FileOutputStream.java:222)
02-22 10:31:28.272 14767 14776 E StrictMode: 	at java.io.FileOutputStream.<init>(FileOutputStream.java:169)
02-22 10:31:28.272 14767 14776 E StrictMode: 	at android.support.test.uiautomator.UiDevice.dumpWindowHierarchy(UiDevice.java:932)
02-22 10:31:28.272 14767 14776 E StrictMode: 	at it.feio.android.omninotes.TOGGLETools.DumpScreen(TOGGLETools.java:251)
02-22 10:31:28.272 14767 14776 E StrictMode: 	at it.feio.android.omninotes.TestHomeEnhanced.testChecklistIsDisplayed(TestHomeEnhanced.java:148)
02-22 10:31:28.272 14767 14776 E StrictMode: 	at java.lang.reflect.Method.invoke(Native Method)
02-22 10:31:28.272 14767 14776 E StrictMode: 	at junit.framework.TestCase.runTest(TestCase.java:168)
02-22 10:31:28.272 14767 14776 E StrictMode: 	at junit.framework.TestCase.runBare(TestCase.java:134)
02-22 10:31:28.272 14767 14776 E StrictMode: 	at junit.framework.TestResult$1.protect(TestResult.java:115)
02-22 10:31:28.272 14767 14776 E StrictMode: 	at android.support.test.internal.runner.junit3.AndroidTestResult.runProtected(AndroidTestResult.java:73)
02-22 10:31:28.272 14767 14776 E StrictMode: 	at junit.framework.TestResult.run(TestResult.java:118)
02-22 10:31:28.272 14767 14776 E StrictMode: 	at android.support.test.internal.runner.junit3.AndroidTestResult.run(AndroidTestResult.java:51)
02-22 10:31:28.272 14767 14776 E StrictMode: 	at junit.framework.TestCase.run(TestCase.java:124)
02-22 10:31:28.272 14767 14776 E StrictMode: 	at android.support.test.internal.runner.junit3.NonLeakyTestSuite$NonLeakyTest.run(NonLeakyTestSuite.java:62)
02-22 10:31:28.272 14767 14776 E StrictMode: 	at junit.framework.TestSuite.runTest(TestSuite.java:243)
02-22 10:31:28.272 14767 14776 E StrictMode: 	at junit.framework.TestSuite.run(TestSuite.java:238)
02-22 10:31:28.272 14767 14776 E StrictMode: 	at android.support.test.internal.runner.junit3.DelegatingTestSuite.run(DelegatingTestSuite.java:97)
02-22 10:31:28.272 14767 14776 E StrictMode: 	at android.support.test.internal.runner.junit3.AndroidTestSuite.run(AndroidTestSuite.java:65)
02-22 10:31:28.272 14767 14776 E StrictMode: 	at android.support.test.internal.runner.junit3.JUnit38ClassRunner.run(JUnit38ClassRunner.java:115)
02-22 10:31:28.272 14767 14776 E StrictMode: 	at org.junit.runners.Suite.runChild(Suite.java:128)
02-22 10:31:28.272 14767 14776 E StrictMode: 	at org.junit.runners.Suite.runChild(Suite.java:27)
02-22 10:31:28.272 14767 14776 E StrictMode: 	at org.junit.runners.ParentRunner$3.run(ParentRunner.java:290)
02-22 10:31:28.272 14767 14776 E StrictMode: 	at org.junit.runners.ParentRunner$1.schedule(ParentRunner.java:71)
02-22 10:31:28.272 14767 14776 E StrictMode: 	at org.junit.runners.ParentRunner.runChildren(ParentRunner.java:288)
02-22 10:31:28.272 14767 14776 E StrictMode: 	at org.junit.runners.ParentRunner.access$000(ParentRunner.java:58)
02-22 10:31:28.272 14767 14776 E StrictMode: 	at org.junit.runners.ParentRunner$2.evaluate(ParentRunner.java:268)
02-22 10:31:28.272 14767 14776 E StrictMode: 	at org.junit.runners.ParentRunner.run(ParentRunner.java:363)
02-22 10:31:28.272 14767 14776 E StrictMode: 	at org.junit.runner.JUnitCore.run(JUnitCore.java:137)
02-22 10:31:28.272 14767 14776 E StrictMode: 	at org.junit.runner.JUnitCore.run(JUnitCore.java:115)
02-22 10:31:28.272 14767 14776 E StrictMode: 	at android.support.test.internal.runner.TestExecutor.execute(TestExecutor.java:56)
02-22 10:31:28.272 14767 14776 E StrictMode: 	at android.support.test.runner.AndroidJUnitRunner.onStart(AndroidJUnitRunner.java:384)
02-22 10:31:28.272 14767 14776 E StrictMode: 	at android.app.Instrumentation$InstrumentationThread.run(Instrumentation.java:1932)
02-22 10:31:28.319 14767 14778 I art     : Background sticky concurrent mark sweep GC freed 491367(7MB) AllocSpace objects, 0(0B) LOS objects, 0% free, 41MB/41MB, paused 10.842ms total 249.438ms
02-22 10:31:28.401 14767 14778 W art     : Suspending all threads took: 5.154ms
02-22 10:31:28.552 14767 14778 I art     : Background partial concurrent mark sweep GC freed 866643(13MB) AllocSpace objects, 0(0B) LOS objects, 9% free, 36MB/40MB, paused 12.168ms total 229.872ms
02-22 10:31:28.724 14767 14784 D touchtest: testChecklistIsDisplayed, 1550831487813, text, Checklist, check,  
02-22 10:31:28.766 14767 14784 I AccessibilityNodeInfoDumper: Skipping invisible child: android.view.accessibility.AccessibilityNodeInfo@80013c41; boundsInParent: Rect(0, 0 - 1080, 750); boundsInScreen: Rect(0, 0 - 1080, 72); packageName: com.android.systemui; className: android.view.View; text: null; error: null; maxTextLength: -1; contentDescription: null; viewIdResName: com.android.systemui:id/heads_up_scrim; checkable: false; checked: false; focusable: false; focused: false; selected: false; clickable: false; longClickable: false; contextClickable: false; enabled: true; password: false; scrollable: false; actions: [AccessibilityAction: ACTION_SELECT - null, AccessibilityAction: ACTION_CLEAR_SELECTION - null, AccessibilityAction: ACTION_ACCESSIBILITY_FOCUS - null, AccessibilityAction: ACTION_SHOW_ON_SCREEN - null]
02-22 10:31:28.767 14767 14784 I AccessibilityNodeInfoDumper: Skipping invisible child: android.view.accessibility.AccessibilityNodeInfo@800152c7; boundsInParent: Rect(0, 0 - 0, 72); boundsInScreen: Rect(813, 0 - 813, 72); packageName: com.android.systemui; className: android.widget.LinearLayout; text: null; error: null; maxTextLength: -1; contentDescription: null; viewIdResName: com.android.systemui:id/statusIcons; checkable: false; checked: false; focusable: false; focused: false; selected: false; clickable: false; longClickable: false; contextClickable: false; enabled: true; password: false; scrollable: false; actions: [AccessibilityAction: ACTION_SELECT - null, AccessibilityAction: ACTION_CLEAR_SELECTION - null, AccessibilityAction: ACTION_ACCESSIBILITY_FOCUS - null, AccessibilityAction: ACTION_SHOW_ON_SCREEN - null]
02-22 10:31:28.770 14767 14784 I AccessibilityNodeInfoDumper: Skipping invisible child: android.view.accessibility.AccessibilityNodeInfo@80008811; boundsInParent: Rect(0, 0 - 57, 51); boundsInScreen: Rect(821, 10 - 878, 61); packageName: com.android.systemui; className: android.widget.ImageView; text: null; error: null; maxTextLength: -1; contentDescription: null; viewIdResName: com.android.systemui:id/mobile_signal_dark; checkable: false; checked: false; focusable: false; focused: false; selected: false; clickable: false; longClickable: false; contextClickable: false; enabled: true; password: false; scrollable: false; actions: [AccessibilityAction: ACTION_SELECT - null, AccessibilityAction: ACTION_CLEAR_SELECTION - null, AccessibilityAction: ACTION_ACCESSIBILITY_FOCUS - null, AccessibilityAction: ACTION_SHOW_ON_SCREEN - null]
02-22 10:31:28.778 14767 14784 I AccessibilityNodeInfoDumper: Skipping invisible child: android.view.accessibility.AccessibilityNodeInfo@800125c5; boundsInParent: Rect(0, 0 - 1080, 72); boundsInScreen: Rect(0, 0 - 1080, 72); packageName: it.feio.android.omninotes.alpha; className: android.view.View; text: null; error: null; maxTextLength: -1; contentDescription: null; viewIdResName: android:id/statusBarBackground; checkable: false; checked: false; focusable: false; focused: false; selected: false; clickable: false; longClickable: false; contextClickable: false; enabled: true; password: false; scrollable: false; actions: [AccessibilityAction: ACTION_SELECT - null, AccessibilityAction: ACTION_CLEAR_SELECTION - null, AccessibilityAction: ACTION_ACCESSIBILITY_FOCUS - null, AccessibilityAction: ACTION_SHOW_ON_SCREEN - null]
02-22 10:31:28.779 14767 14784 I AccessibilityNodeInfoDumper: Skipping invisible child: android.view.accessibility.AccessibilityNodeInfo@80012204; boundsInParent: Rect(0, 0 - 1080, 144); boundsInScreen: Rect(0, 1776 - 1080, 1920); packageName: it.feio.android.omninotes.alpha; className: android.view.View; text: null; error: null; maxTextLength: -1; contentDescription: null; viewIdResName: android:id/navigationBarBackground; checkable: false; checked: false; focusable: false; focused: false; selected: false; clickable: false; longClickable: false; contextClickable: false; enabled: true; password: false; scrollable: false; actions: [AccessibilityAction: ACTION_SELECT - null, AccessibilityAction: ACTION_CLEAR_SELECTION - null, AccessibilityAction: ACTION_ACCESSIBILITY_FOCUS - null, AccessibilityAction: ACTION_SHOW_ON_SCREEN - null]
02-22 10:31:28.787 14767 14767 I ViewInteraction: Checking 'MatchesViewAssertion{viewMatcher=is displayed on the screen to the user}' assertion on view with text: is "Checklist"
02-22 10:31:29.066 14767 14778 I art     : Background sticky concurrent mark sweep GC freed 583969(9MB) AllocSpace objects, 1(20KB) LOS objects, 11% free, 31MB/35MB, paused 8.080ms total 295.801ms
02-22 10:31:29.068 14767 14776 E StrictMode: A resource was acquired at attached stack trace but never released. See java.io.Closeable for information on avoiding resource leaks.
02-22 10:31:29.068 14767 14776 E StrictMode: java.lang.Throwable: Explicit termination method 'close' not called
02-22 10:31:29.068 14767 14776 E StrictMode: 	at dalvik.system.CloseGuard.open(CloseGuard.java:180)
02-22 10:31:29.068 14767 14776 E StrictMode: 	at java.io.FileOutputStream.<init>(FileOutputStream.java:222)
02-22 10:31:29.068 14767 14776 E StrictMode: 	at java.io.FileOutputStream.<init>(FileOutputStream.java:169)
02-22 10:31:29.068 14767 14776 E StrictMode: 	at android.support.test.uiautomator.UiDevice.dumpWindowHierarchy(UiDevice.java:932)
02-22 10:31:29.068 14767 14776 E StrictMode: 	at it.feio.android.omninotes.TOGGLETools.DumpScreen(TOGGLETools.java:251)
02-22 10:31:29.068 14767 14776 E StrictMode: 	at it.feio.android.omninotes.TestHomeEnhanced.testChecklistIsDisplayed(TestHomeEnhanced.java:163)
02-22 10:31:29.068 14767 14776 E StrictMode: 	at java.lang.reflect.Method.invoke(Native Method)
02-22 10:31:29.068 14767 14776 E StrictMode: 	at junit.framework.TestCase.runTest(TestCase.java:168)
02-22 10:31:29.068 14767 14776 E StrictMode: 	at junit.framework.TestCase.runBare(TestCase.java:134)
02-22 10:31:29.068 14767 14776 E StrictMode: 	at junit.framework.TestResult$1.protect(TestResult.java:115)
02-22 10:31:29.068 14767 14776 E StrictMode: 	at android.support.test.internal.runner.junit3.AndroidTestResult.runProtected(AndroidTestResult.java:73)
02-22 10:31:29.068 14767 14776 E StrictMode: 	at junit.framework.TestResult.run(TestResult.java:118)
02-22 10:31:29.068 14767 14776 E StrictMode: 	at android.support.test.internal.runner.junit3.AndroidTestResult.run(AndroidTestResult.java:51)
02-22 10:31:29.068 14767 14776 E StrictMode: 	at junit.framework.TestCase.run(TestCase.java:124)
02-22 10:31:29.068 14767 14776 E StrictMode: 	at android.support.test.internal.runner.junit3.NonLeakyTestSuite$NonLeakyTest.run(NonLeakyTestSuite.java:62)
02-22 10:31:29.068 14767 14776 E StrictMode: 	at junit.framework.TestSuite.runTest(TestSuite.java:243)
02-22 10:31:29.068 14767 14776 E StrictMode: 	at junit.framework.TestSuite.run(TestSuite.java:238)
02-22 10:31:29.068 14767 14776 E StrictMode: 	at android.support.test.internal.runner.junit3.DelegatingTestSuite.run(DelegatingTestSuite.java:97)
02-22 10:31:29.068 14767 14776 E StrictMode: 	at android.support.test.internal.runner.junit3.AndroidTestSuite.run(AndroidTestSuite.java:65)
02-22 10:31:29.068 14767 14776 E StrictMode: 	at android.support.test.internal.runner.junit3.JUnit38ClassRunner.run(JUnit38ClassRunner.java:115)
02-22 10:31:29.068 14767 14776 E StrictMode: 	at org.junit.runners.Suite.runChild(Suite.java:128)
02-22 10:31:29.068 14767 14776 E StrictMode: 	at org.junit.runners.Suite.runChild(Suite.java:27)
02-22 10:31:29.068 14767 14776 E StrictMode: 	at org.junit.runners.ParentRunner$3.run(ParentRunner.java:290)
02-22 10:31:29.068 14767 14776 E StrictMode: 	at org.junit.runners.ParentRunner$1.schedule(ParentRunner.java:71)
02-22 10:31:29.068 14767 14776 E StrictMode: 	at org.junit.runners.ParentRunner.runChildren(ParentRunner.java:288)
02-22 10:31:29.068 14767 14776 E StrictMode: 	at org.junit.runners.ParentRunner.access$000(ParentRunner.java:58)
02-22 10:31:29.068 14767 14776 E StrictMode: 	at org.junit.runners.ParentRunner$2.evaluate(ParentRunner.java:268)
02-22 10:31:29.068 14767 14776 E StrictMode: 	at org.junit.runners.ParentRunner.run(ParentRunner.java:363)
02-22 10:31:29.068 14767 14776 E StrictMode: 	at org.junit.runner.JUnitCore.run(JUnitCore.java:137)
02-22 10:31:29.068 14767 14776 E StrictMode: 	at org.junit.runner.JUnitCore.run(JUnitCore.java:115)
02-22 10:31:29.068 14767 14776 E StrictMode: 	at android.support.test.internal.runner.TestExecutor.execute(TestExecutor.java:56)
02-22 10:31:29.068 14767 14776 E StrictMode: 	at android.support.test.runner.AndroidJUnitRunner.onStart(AndroidJUnitRunner.java:384)
02-22 10:31:29.068 14767 14776 E StrictMode: 	at android.app.Instrumentation$InstrumentationThread.run(Instrumentation.java:1932)
02-22 10:31:29.350  1375  1397 W audio_hw_generic: Not supplying enough data to HAL, expected position 24795902 , only wrote 24641280
02-22 10:31:29.806 14767 14767 E dialogs : true
02-22 10:31:29.937 14767 14778 I art     : Background partial concurrent mark sweep GC freed 137268(2MB) AllocSpace objects, 4(29MB) LOS objects, 11% free, 32MB/36MB, paused 12.880ms total 125.389ms
02-22 10:31:30.101  1818  1830 I art     : Background partial concurrent mark sweep GC freed 55862(3MB) AllocSpace objects, 0(0B) LOS objects, 40% free, 5MB/9MB, paused 7.429ms total 76.051ms
02-22 10:31:30.247 14767 14778 I art     : Background sticky concurrent mark sweep GC freed 420800(6MB) AllocSpace objects, 0(0B) LOS objects, 0% free, 39MB/39MB, paused 9.673ms total 242.928ms
02-22 10:31:30.463 14767 14778 I art     : Background partial concurrent mark sweep GC freed 729622(11MB) AllocSpace objects, 0(0B) LOS objects, 9% free, 36MB/40MB, paused 11.194ms total 214.074ms
02-22 10:31:30.619  1617  1626 I art     : Background sticky concurrent mark sweep GC freed 28730(2MB) AllocSpace objects, 2(88KB) LOS objects, 16% free, 15MB/18MB, paused 20.107ms total 93.964ms
02-22 10:31:30.667 14767 14784 D touchtest: testChecklistIsDisplayed, 1550831489803, id, fab_checklist, check,  
02-22 10:31:30.705 14767 14784 I AccessibilityNodeInfoDumper: Skipping invisible child: android.view.accessibility.AccessibilityNodeInfo@80013c41; boundsInParent: Rect(0, 0 - 1080, 750); boundsInScreen: Rect(0, 0 - 1080, 72); packageName: com.android.systemui; className: android.view.View; text: null; error: null; maxTextLength: -1; contentDescription: null; viewIdResName: com.android.systemui:id/heads_up_scrim; checkable: false; checked: false; focusable: false; focused: false; selected: false; clickable: false; longClickable: false; contextClickable: false; enabled: true; password: false; scrollable: false; actions: [AccessibilityAction: ACTION_SELECT - null, AccessibilityAction: ACTION_CLEAR_SELECTION - null, AccessibilityAction: ACTION_ACCESSIBILITY_FOCUS - null, AccessibilityAction: ACTION_SHOW_ON_SCREEN - null]
02-22 10:31:30.705 14767 14784 I AccessibilityNodeInfoDumper: Skipping invisible child: android.view.accessibility.AccessibilityNodeInfo@800152c7; boundsInParent: Rect(0, 0 - 0, 72); boundsInScreen: Rect(813, 0 - 813, 72); packageName: com.android.systemui; className: android.widget.LinearLayout; text: null; error: null; maxTextLength: -1; contentDescription: null; viewIdResName: com.android.systemui:id/statusIcons; checkable: false; checked: false; focusable: false; focused: false; selected: false; clickable: false; longClickable: false; contextClickable: false; enabled: true; password: false; scrollable: false; actions: [AccessibilityAction: ACTION_SELECT - null, AccessibilityAction: ACTION_CLEAR_SELECTION - null, AccessibilityAction: ACTION_ACCESSIBILITY_FOCUS - null, AccessibilityAction: ACTION_SHOW_ON_SCREEN - null]
02-22 10:31:30.708 14767 14784 I AccessibilityNodeInfoDumper: Skipping invisible child: android.view.accessibility.AccessibilityNodeInfo@80008811; boundsInParent: Rect(0, 0 - 57, 51); boundsInScreen: Rect(821, 10 - 878, 61); packageName: com.android.systemui; className: android.widget.ImageView; text: null; error: null; maxTextLength: -1; contentDescription: null; viewIdResName: com.android.systemui:id/mobile_signal_dark; checkable: false; checked: false; focusable: false; focused: false; selected: false; clickable: false; longClickable: false; contextClickable: false; enabled: true; password: false; scrollable: false; actions: [AccessibilityAction: ACTION_SELECT - null, AccessibilityAction: ACTION_CLEAR_SELECTION - null, AccessibilityAction: ACTION_ACCESSIBILITY_FOCUS - null, AccessibilityAction: ACTION_SHOW_ON_SCREEN - null]
02-22 10:31:30.714 14767 14784 I AccessibilityNodeInfoDumper: Skipping invisible child: android.view.accessibility.AccessibilityNodeInfo@800125c5; boundsInParent: Rect(0, 0 - 1080, 72); boundsInScreen: Rect(0, 0 - 1080, 72); packageName: it.feio.android.omninotes.alpha; className: android.view.View; text: null; error: null; maxTextLength: -1; contentDescription: null; viewIdResName: android:id/statusBarBackground; checkable: false; checked: false; focusable: false; focused: false; selected: false; clickable: false; longClickable: false; contextClickable: false; enabled: true; password: false; scrollable: false; actions: [AccessibilityAction: ACTION_SELECT - null, AccessibilityAction: ACTION_CLEAR_SELECTION - null, AccessibilityAction: ACTION_ACCESSIBILITY_FOCUS - null, AccessibilityAction: ACTION_SHOW_ON_SCREEN - null]
02-22 10:31:30.714 14767 14784 I AccessibilityNodeInfoDumper: Skipping invisible child: android.view.accessibility.AccessibilityNodeInfo@80012204; boundsInParent: Rect(0, 0 - 1080, 144); boundsInScreen: Rect(0, 1776 - 1080, 1920); packageName: it.feio.android.omninotes.alpha; className: android.view.View; text: null; error: null; maxTextLength: -1; contentDescription: null; viewIdResName: android:id/navigationBarBackground; checkable: false; checked: false; focusable: false; focused: false; selected: false; clickable: false; longClickable: false; contextClickable: false; enabled: true; password: false; scrollable: false; actions: [AccessibilityAction: ACTION_SELECT - null, AccessibilityAction: ACTION_CLEAR_SELECTION - null, AccessibilityAction: ACTION_ACCESSIBILITY_FOCUS - null, AccessibilityAction: ACTION_SHOW_ON_SCREEN - null]
02-22 10:31:30.718 14767 14767 I ViewInteraction: Checking 'MatchesViewAssertion{viewMatcher=is displayed on the screen to the user}' assertion on view with id: it.feio.android.omninotes.alpha:id/fab_checklist
02-22 10:31:30.867 14767 14778 I art     : Background sticky concurrent mark sweep GC freed 617643(9MB) AllocSpace objects, 0(0B) LOS objects, 10% free, 34MB/38MB, paused 12.467ms total 314.476ms
02-22 10:31:31.727 14767 14767 E dialogs : true
02-22 10:31:31.935 14767 14778 I art     : Background partial concurrent mark sweep GC freed 332612(5MB) AllocSpace objects, 5(29MB) LOS objects, 10% free, 33MB/37MB, paused 15.026ms total 195.384ms
02-22 10:31:32.193 14767 14776 E StrictMode: A resource was acquired at attached stack trace but never released. See java.io.Closeable for information on avoiding resource leaks.
02-22 10:31:32.193 14767 14776 E StrictMode: java.lang.Throwable: Explicit termination method 'close' not called
02-22 10:31:32.193 14767 14776 E StrictMode: 	at dalvik.system.CloseGuard.open(CloseGuard.java:180)
02-22 10:31:32.193 14767 14776 E StrictMode: 	at java.io.FileOutputStream.<init>(FileOutputStream.java:222)
02-22 10:31:32.193 14767 14776 E StrictMode: 	at java.io.FileOutputStream.<init>(FileOutputStream.java:169)
02-22 10:31:32.193 14767 14776 E StrictMode: 	at android.support.test.uiautomator.UiDevice.dumpWindowHierarchy(UiDevice.java:932)
02-22 10:31:32.193 14767 14776 E StrictMode: 	at it.feio.android.omninotes.TOGGLETools.DumpScreen(TOGGLETools.java:251)
02-22 10:31:32.193 14767 14776 E StrictMode: 	at it.feio.android.omninotes.TestHomeEnhanced.testChecklistIsDisplayed(TestHomeEnhanced.java:178)
02-22 10:31:32.193 14767 14776 E StrictMode: 	at java.lang.reflect.Method.invoke(Native Method)
02-22 10:31:32.193 14767 14776 E StrictMode: 	at junit.framework.TestCase.runTest(TestCase.java:168)
02-22 10:31:32.193 14767 14776 E StrictMode: 	at junit.framework.TestCase.runBare(TestCase.java:134)
02-22 10:31:32.193 14767 14776 E StrictMode: 	at junit.framework.TestResult$1.protect(TestResult.java:115)
02-22 10:31:32.193 14767 14776 E StrictMode: 	at android.support.test.internal.runner.junit3.AndroidTestResult.runProtected(AndroidTestResult.java:73)
02-22 10:31:32.193 14767 14776 E StrictMode: 	at junit.framework.TestResult.run(TestResult.java:118)
02-22 10:31:32.193 14767 14776 E StrictMode: 	at android.support.test.internal.runner.junit3.AndroidTestResult.run(AndroidTestResult.java:51)
02-22 10:31:32.193 14767 14776 E StrictMode: 	at junit.framework.TestCase.run(TestCase.java:124)
02-22 10:31:32.193 14767 14776 E StrictMode: 	at android.support.test.internal.runner.junit3.NonLeakyTestSuite$NonLeakyTest.run(NonLeakyTestSuite.java:62)
02-22 10:31:32.193 14767 14776 E StrictMode: 	at junit.framework.TestSuite.runTest(TestSuite.java:243)
02-22 10:31:32.193 14767 14776 E StrictMode: 	at junit.framework.TestSuite.run(TestSuite.java:238)
02-22 10:31:32.193 14767 14776 E StrictMode: 	at android.support.test.internal.runner.junit3.DelegatingTestSuite.run(DelegatingTestSuite.java:97)
02-22 10:31:32.193 14767 14776 E StrictMode: 	at android.support.test.internal.runner.junit3.AndroidTestSuite.run(AndroidTestSuite.java:65)
02-22 10:31:32.193 14767 14776 E StrictMode: 	at android.support.test.internal.runner.junit3.JUnit38ClassRunner.run(JUnit38ClassRunner.java:115)
02-22 10:31:32.193 14767 14776 E StrictMode: 	at org.junit.runners.Suite.runChild(Suite.java:128)
02-22 10:31:32.193 14767 14776 E StrictMode: 	at org.junit.runners.Suite.runChild(Suite.java:27)
02-22 10:31:32.193 14767 14776 E StrictMode: 	at org.junit.runners.ParentRunner$3.run(ParentRunner.java:290)
02-22 10:31:32.193 14767 14776 E StrictMode: 	at org.junit.runners.ParentRunner$1.schedule(ParentRunner.java:71)
02-22 10:31:32.193 14767 14776 E StrictMode: 	at org.junit.runners.ParentRunner.runChildren(ParentRunner.java:288)
02-22 10:31:32.193 14767 14776 E StrictMode: 	at org.junit.runners.ParentRunner.access$000(ParentRunner.java:58)
02-22 10:31:32.193 14767 14776 E StrictMode: 	at org.junit.runners.ParentRunner$2.evaluate(ParentRunner.java:268)
02-22 10:31:32.193 14767 14776 E StrictMode: 	at org.junit.runners.ParentRunner.run(ParentRunner.java:363)
02-22 10:31:32.193 14767 14776 E StrictMode: 	at org.junit.runner.JUnitCore.run(JUnitCore.java:137)
02-22 10:31:32.193 14767 14776 E StrictMode: 	at org.junit.runner.JUnitCore.run(JUnitCore.java:115)
02-22 10:31:32.193 14767 14776 E StrictMode: 	at android.support.test.internal.runner.TestExecutor.execute(TestExecutor.java:56)
02-22 10:31:32.193 14767 14776 E StrictMode: 	at android.support.test.runner.AndroidJUnitRunner.onStart(AndroidJUnitRunner.java:384)
02-22 10:31:32.193 14767 14776 E StrictMode: 	at android.app.Instrumentation$InstrumentationThread.run(Instrumentation.java:1932)
02-22 10:31:32.240 14767 14778 I art     : Background sticky concurrent mark sweep GC freed 496562(7MB) AllocSpace objects, 0(0B) LOS objects, 0% free, 41MB/41MB, paused 11.525ms total 240.391ms
02-22 10:31:32.456 14767 14778 I art     : Background partial concurrent mark sweep GC freed 836094(12MB) AllocSpace objects, 0(0B) LOS objects, 10% free, 35MB/39MB, paused 12.651ms total 212.048ms
02-22 10:31:32.723 14767 14784 D touchtest: testChecklistIsDisplayed, 1550831491724, -, -, fullcheck, 1776;72;1080;0
02-22 10:31:32.767 14767 14784 I AccessibilityNodeInfoDumper: Skipping invisible child: android.view.accessibility.AccessibilityNodeInfo@80013c41; boundsInParent: Rect(0, 0 - 1080, 750); boundsInScreen: Rect(0, 0 - 1080, 72); packageName: com.android.systemui; className: android.view.View; text: null; error: null; maxTextLength: -1; contentDescription: null; viewIdResName: com.android.systemui:id/heads_up_scrim; checkable: false; checked: false; focusable: false; focused: false; selected: false; clickable: false; longClickable: false; contextClickable: false; enabled: true; password: false; scrollable: false; actions: [AccessibilityAction: ACTION_SELECT - null, AccessibilityAction: ACTION_CLEAR_SELECTION - null, AccessibilityAction: ACTION_ACCESSIBILITY_FOCUS - null, AccessibilityAction: ACTION_SHOW_ON_SCREEN - null]
02-22 10:31:32.768 14767 14784 I AccessibilityNodeInfoDumper: Skipping invisible child: android.view.accessibility.AccessibilityNodeInfo@800152c7; boundsInParent: Rect(0, 0 - 0, 72); boundsInScreen: Rect(813, 0 - 813, 72); packageName: com.android.systemui; className: android.widget.LinearLayout; text: null; error: null; maxTextLength: -1; contentDescription: null; viewIdResName: com.android.systemui:id/statusIcons; checkable: false; checked: false; focusable: false; focused: false; selected: false; clickable: false; longClickable: false; contextClickable: false; enabled: true; password: false; scrollable: false; actions: [AccessibilityAction: ACTION_SELECT - null, AccessibilityAction: ACTION_CLEAR_SELECTION - null, AccessibilityAction: ACTION_ACCESSIBILITY_FOCUS - null, AccessibilityAction: ACTION_SHOW_ON_SCREEN - null]
02-22 10:31:32.769 14767 14784 I AccessibilityNodeInfoDumper: Skipping invisible child: android.view.accessibility.AccessibilityNodeInfo@80008811; boundsInParent: Rect(0, 0 - 57, 51); boundsInScreen: Rect(821, 10 - 878, 61); packageName: com.android.systemui; className: android.widget.ImageView; text: null; error: null; maxTextLength: -1; contentDescription: null; viewIdResName: com.android.systemui:id/mobile_signal_dark; checkable: false; checked: false; focusable: false; focused: false; selected: false; clickable: false; longClickable: false; contextClickable: false; enabled: true; password: false; scrollable: false; actions: [AccessibilityAction: ACTION_SELECT - null, AccessibilityAction: ACTION_CLEAR_SELECTION - null, AccessibilityAction: ACTION_ACCESSIBILITY_FOCUS - null, AccessibilityAction: ACTION_SHOW_ON_SCREEN - null]
02-22 10:31:32.780 14767 14784 I AccessibilityNodeInfoDumper: Skipping invisible child: android.view.accessibility.AccessibilityNodeInfo@800125c5; boundsInParent: Rect(0, 0 - 1080, 72); boundsInScreen: Rect(0, 0 - 1080, 72); packageName: it.feio.android.omninotes.alpha; className: android.view.View; text: null; error: null; maxTextLength: -1; contentDescription: null; viewIdResName: android:id/statusBarBackground; checkable: false; checked: false; focusable: false; focused: false; selected: false; clickable: false; longClickable: false; contextClickable: false; enabled: true; password: false; scrollable: false; actions: [AccessibilityAction: ACTION_SELECT - null, AccessibilityAction: ACTION_CLEAR_SELECTION - null, AccessibilityAction: ACTION_ACCESSIBILITY_FOCUS - null, AccessibilityAction: ACTION_SHOW_ON_SCREEN - null]
02-22 10:31:32.782 14767 14784 I AccessibilityNodeInfoDumper: Skipping invisible child: android.view.accessibility.AccessibilityNodeInfo@80012204; boundsInParent: Rect(0, 0 - 1080, 144); boundsInScreen: Rect(0, 1776 - 1080, 1920); packageName: it.feio.android.omninotes.alpha; className: android.view.View; text: null; error: null; maxTextLength: -1; contentDescription: null; viewIdResName: android:id/navigationBarBackground; checkable: false; checked: false; focusable: false; focused: false; selected: false; clickable: false; longClickable: false; contextClickable: false; enabled: true; password: false; scrollable: false; actions: [AccessibilityAction: ACTION_SELECT - null, AccessibilityAction: ACTION_CLEAR_SELECTION - null, AccessibilityAction: ACTION_ACCESSIBILITY_FOCUS - null, AccessibilityAction: ACTION_SHOW_ON_SCREEN - null]
02-22 10:31:32.782 14767 14784 I TestRunner: finished: testChecklistIsDisplayed(it.feio.android.omninotes.TestHomeEnhanced)
02-22 10:31:32.788 14767 14767 I MonitoringInstr: Activities that are still in CREATED to STOPPED: 1
02-22 10:31:32.789 14767 14767 I MonitoringInstr: Finishing activity: it.feio.android.omninotes.MainActivity@8565aca
02-22 10:31:32.823 14767 14784 I MonitoringInstr: Unstopped activity count: 1
02-22 10:31:32.824 14767 14767 D LifecycleMonitor: Lifecycle status change: it.feio.android.omninotes.MainActivity@8565aca in: PAUSED
02-22 10:31:32.824 14767 14767 D LifecycleMonitor: running callback: android.support.test.rule.ActivityTestRule$LifecycleCallback@bbaaf05
02-22 10:31:32.824 14767 14767 D LifecycleMonitor: callback completes: android.support.test.rule.ActivityTestRule$LifecycleCallback@bbaaf05
02-22 10:31:32.864 14767 14778 I art     : Background sticky concurrent mark sweep GC freed 584778(8MB) AllocSpace objects, 0(0B) LOS objects, 11% free, 31MB/35MB, paused 8.593ms total 345.852ms
02-22 10:31:32.878 14767 14784 I MonitoringInstr: Unstopped activity count: 1
02-22 10:31:32.883  1328  1333 D gralloc_ranchu: gralloc_alloc: Creating ashmem region of size 2650112
02-22 10:31:32.915  1328  1328 E EGL_emulation: tid 1328: eglCreateSyncKHR(1901): error 0x3004 (EGL_BAD_ATTRIBUTE)
02-22 10:31:32.931 14767 14784 I MonitoringInstr: Unstopped activity count: 1
02-22 10:31:32.984 14767 14784 I MonitoringInstr: Unstopped activity count: 1
02-22 10:31:33.035 14767 14784 I MonitoringInstr: Unstopped activity count: 1
02-22 10:31:33.089 14767 14784 I MonitoringInstr: Unstopped activity count: 1
02-22 10:31:33.145 14767 14784 I MonitoringInstr: Unstopped activity count: 1
02-22 10:31:33.195  1617  1626 I art     : Background partial concurrent mark sweep GC freed 4521(254KB) AllocSpace objects, 2(868KB) LOS objects, 21% free, 14MB/18MB, paused 43.771ms total 224.833ms
02-22 10:31:33.200 14767 14784 I MonitoringInstr: Unstopped activity count: 1
02-22 10:31:33.256 14767 14784 I MonitoringInstr: Unstopped activity count: 1
02-22 10:31:33.313 14767 14784 I MonitoringInstr: Unstopped activity count: 1
02-22 10:31:33.372  2054  2161 D EGL_emulation: eglMakeCurrent: 0x9ec85300: ver 2 0 (tinfo 0x9ec83230)
02-22 10:31:33.382 14767 14784 I MonitoringInstr: Unstopped activity count: 1
02-22 10:31:33.435 14767 14784 I MonitoringInstr: Unstopped activity count: 1
02-22 10:31:33.490 14767 14784 I MonitoringInstr: Unstopped activity count: 1
02-22 10:31:33.515 14767 14792 D EGL_emulation: eglMakeCurrent: 0xa5e72440: ver 2 0 (tinfo 0x9c324cf0)
02-22 10:31:33.544 14767 14784 I MonitoringInstr: Unstopped activity count: 1
02-22 10:31:33.598 14767 14784 I MonitoringInstr: Unstopped activity count: 1
02-22 10:31:33.651 14767 14784 I MonitoringInstr: Unstopped activity count: 1
02-22 10:31:33.703 14767 14784 I MonitoringInstr: Unstopped activity count: 1
02-22 10:31:33.748 14767 14767 D LifecycleMonitor: Lifecycle status change: it.feio.android.omninotes.MainActivity@8565aca in: STOPPED
02-22 10:31:33.749 14767 14767 D LifecycleMonitor: running callback: android.support.test.rule.ActivityTestRule$LifecycleCallback@bbaaf05
02-22 10:31:33.749 14767 14767 D LifecycleMonitor: callback completes: android.support.test.rule.ActivityTestRule$LifecycleCallback@bbaaf05
02-22 10:31:33.756 14767 14784 I TestRunner: started: testLeftMenuContent(it.feio.android.omninotes.TestHomeEnhanced)
02-22 10:31:33.757 14767 14767 D LifecycleMonitor: Lifecycle status change: it.feio.android.omninotes.MainActivity@8565aca in: DESTROYED
02-22 10:31:33.757 14767 14767 D LifecycleMonitor: running callback: android.support.test.rule.ActivityTestRule$LifecycleCallback@bbaaf05
02-22 10:31:33.757 14767 14767 D LifecycleMonitor: callback completes: android.support.test.rule.ActivityTestRule$LifecycleCallback@bbaaf05
02-22 10:31:33.777 14767 14767 I MonitoringInstr: Activities that are still in CREATED to STOPPED: 0
02-22 10:31:33.783 14767 14784 W ActivityTestRule: getActivityIntent() returned null using default: Intent(Intent.ACTION_MAIN)
02-22 10:31:33.789  1617  1849 I ActivityManager: START u0 {act=android.intent.action.MAIN flg=0x10000000 cmp=it.feio.android.omninotes.alpha/it.feio.android.omninotes.MainActivity} from uid 10088 on display 0
02-22 10:31:33.857 14767 14767 D LifecycleMonitor: Lifecycle status change: it.feio.android.omninotes.MainActivity@abc3681 in: PRE_ON_CREATE
02-22 10:31:33.858 14767 14767 D LifecycleMonitor: running callback: android.support.test.rule.ActivityTestRule$LifecycleCallback@bbaaf05
02-22 10:31:33.858 14767 14767 D LifecycleMonitor: callback completes: android.support.test.rule.ActivityTestRule$LifecycleCallback@bbaaf05
