02-22 10:31:48.100 14767 14784 I AccessibilityNodeInfoDumper: Skipping invisible child: android.view.accessibility.AccessibilityNodeInfo@8002c678; boundsInParent: Rect(0, 0 - 186, 120); boundsInScreen: Rect(624, 1548 - 810, 1668); packageName: it.feio.android.omninotes.alpha; className: android.widget.TextView; text: Photo; error: null; maxTextLength: -1; contentDescription: null; viewIdResName: null; checkable: false; checked: false; focusable: false; focused: false; selected: false; clickable: false; longClickable: false; contextClickable: false; enabled: true; password: false; scrollable: false; actions: [AccessibilityAction: ACTION_SELECT - null, AccessibilityAction: ACTION_CLEAR_SELECTION - null, AccessibilityAction: ACTION_ACCESSIBILITY_FOCUS - null, AccessibilityAction: ACTION_SHOW_ON_SCREEN - null, AccessibilityAction: ACTION_NEXT_AT_MOVEMENT_GRANULARITY - null, AccessibilityAction: ACTION_PREVIOUS_AT_MOVEMENT_GRANULARITY - null, AccessibilityAction: ACTION_SET_SELECTION - null]
02-22 10:31:48.100 14767 14784 I AccessibilityNodeInfoDumper: Skipping invisible child: android.view.accessibility.AccessibilityNodeInfo@8002ca39; boundsInParent: Rect(0, 0 - 174, 174); boundsInScreen: Rect(858, 1530 - 1032, 1704); packageName: it.feio.android.omninotes.alpha; className: android.widget.ImageButton; text: null; error: null; maxTextLength: -1; contentDescription: null; viewIdResName: it.feio.android.omninotes.alpha:id/fab_camera; checkable: false; checked: false; focusable: true; focused: false; selected: false; clickable: true; longClickable: false; contextClickable: false; enabled: true; password: false; scrollable: false; actions: [AccessibilityAction: ACTION_SELECT - null, AccessibilityAction: ACTION_CLEAR_SELECTION - null, AccessibilityAction: ACTION_FOCUS - null, AccessibilityAction: ACTION_ACCESSIBILITY_FOCUS - null, AccessibilityAction: ACTION_CLICK - null, AccessibilityAction: ACTION_SHOW_ON_SCREEN - null]
02-22 10:31:48.100 14767 14784 I AccessibilityNodeInfoDumper: Skipping invisible child: android.view.accessibility.AccessibilityNodeInfo@8002cdfa; boundsInParent: Rect(0, 0 - 246, 120); boundsInScreen: Rect(564, 1548 - 810, 1668); packageName: it.feio.android.omninotes.alpha; className: android.widget.TextView; text: Checklist; error: null; maxTextLength: -1; contentDescription: null; viewIdResName: null; checkable: false; checked: false; focusable: false; focused: false; selected: false; clickable: false; longClickable: false; contextClickable: false; enabled: true; password: false; scrollable: false; actions: [AccessibilityAction: ACTION_SELECT - null, AccessibilityAction: ACTION_CLEAR_SELECTION - null, AccessibilityAction: ACTION_ACCESSIBILITY_FOCUS - null, AccessibilityAction: ACTION_SHOW_ON_SCREEN - null, AccessibilityAction: ACTION_NEXT_AT_MOVEMENT_GRANULARITY - null, AccessibilityAction: ACTION_PREVIOUS_AT_MOVEMENT_GRANULARITY - null, AccessibilityAction: ACTION_SET_SELECTION - null]
02-22 10:31:48.101 14767 14784 I AccessibilityNodeInfoDumper: Skipping invisible child: android.view.accessibility.AccessibilityNodeInfo@8002d1bb; boundsInParent: Rect(0, 0 - 174, 174); boundsInScreen: Rect(858, 1530 - 1032, 1704); packageName: it.feio.android.omninotes.alpha; className: android.widget.ImageButton; text: null; error: null; maxTextLength: -1; contentDescription: null; viewIdResName: it.feio.android.omninotes.alpha:id/fab_checklist; checkable: false; checked: false; focusable: true; focused: false; selected: false; clickable: true; longClickable: false; contextClickable: false; enabled: true; password: false; scrollable: false; actions: [AccessibilityAction: ACTION_SELECT - null, AccessibilityAction: ACTION_CLEAR_SELECTION - null, AccessibilityAction: ACTION_FOCUS - null, AccessibilityAction: ACTION_ACCESSIBILITY_FOCUS - null, AccessibilityAction: ACTION_CLICK - null, AccessibilityAction: ACTION_SHOW_ON_SCREEN - null]
02-22 10:31:48.102 14767 14784 I AccessibilityNodeInfoDumper: Skipping invisible child: android.view.accessibility.AccessibilityNodeInfo@8002d57c; boundsInParent: Rect(0, 0 - 248, 120); boundsInScreen: Rect(562, 1548 - 810, 1668); packageName: it.feio.android.omninotes.alpha; className: android.widget.TextView; text: Text note; error: null; maxTextLength: -1; contentDescription: null; viewIdResName: null; checkable: false; checked: false; focusable: false; focused: false; selected: false; clickable: false; longClickable: false; contextClickable: false; enabled: true; password: false; scrollable: false; actions: [AccessibilityAction: ACTION_SELECT - null, AccessibilityAction: ACTION_CLEAR_SELECTION - null, AccessibilityAction: ACTION_ACCESSIBILITY_FOCUS - null, AccessibilityAction: ACTION_SHOW_ON_SCREEN - null, AccessibilityAction: ACTION_NEXT_AT_MOVEMENT_GRANULARITY - null, AccessibilityAction: ACTION_PREVIOUS_AT_MOVEMENT_GRANULARITY - null, AccessibilityAction: ACTION_SET_SELECTION - null]
02-22 10:31:48.102 14767 14784 I AccessibilityNodeInfoDumper: Skipping invisible child: android.view.accessibility.AccessibilityNodeInfo@8002d93d; boundsInParent: Rect(0, 0 - 174, 174); boundsInScreen: Rect(858, 1530 - 1032, 1704); packageName: it.feio.android.omninotes.alpha; className: android.widget.ImageButton; text: null; error: null; maxTextLength: -1; contentDescription: null; viewIdResName: it.feio.android.omninotes.alpha:id/fab_note; checkable: false; checked: false; focusable: true; focused: false; selected: false; clickable: true; longClickable: false; contextClickable: false; enabled: true; password: false; scrollable: false; actions: [AccessibilityAction: ACTION_SELECT - null, AccessibilityAction: ACTION_CLEAR_SELECTION - null, AccessibilityAction: ACTION_FOCUS - null, AccessibilityAction: ACTION_ACCESSIBILITY_FOCUS - null, AccessibilityAction: ACTION_CLICK - null, AccessibilityAction: ACTION_SHOW_ON_SCREEN - null]
02-22 10:31:48.102 14767 14784 I AccessibilityNodeInfoDumper: Skipping invisible child: android.view.accessibility.AccessibilityNodeInfo@8002b3b3; boundsInParent: Rect(0, 0 - 1080, 72); boundsInScreen: Rect(0, 0 - 1080, 72); packageName: it.feio.android.omninotes.alpha; className: android.view.View; text: null; error: null; maxTextLength: -1; contentDescription: null; viewIdResName: android:id/statusBarBackground; checkable: false; checked: false; focusable: false; focused: false; selected: false; clickable: false; longClickable: false; contextClickable: false; enabled: true; password: false; scrollable: false; actions: [AccessibilityAction: ACTION_SELECT - null, AccessibilityAction: ACTION_CLEAR_SELECTION - null, AccessibilityAction: ACTION_ACCESSIBILITY_FOCUS - null, AccessibilityAction: ACTION_SHOW_ON_SCREEN - null]
02-22 10:31:48.103 14767 14784 I AccessibilityNodeInfoDumper: Skipping invisible child: android.view.accessibility.AccessibilityNodeInfo@8002aff2; boundsInParent: Rect(0, 0 - 1080, 144); boundsInScreen: Rect(0, 1776 - 1080, 1920); packageName: it.feio.android.omninotes.alpha; className: android.view.View; text: null; error: null; maxTextLength: -1; contentDescription: null; viewIdResName: android:id/navigationBarBackground; checkable: false; checked: false; focusable: false; focused: false; selected: false; clickable: false; longClickable: false; contextClickable: false; enabled: true; password: false; scrollable: false; actions: [AccessibilityAction: ACTION_SELECT - null, AccessibilityAction: ACTION_CLEAR_SELECTION - null, AccessibilityAction: ACTION_ACCESSIBILITY_FOCUS - null, AccessibilityAction: ACTION_SHOW_ON_SCREEN - null]
02-22 10:31:48.103 14767 14784 I AccessibilityNodeInfoDumper: Skipping invisible child: android.view.accessibility.AccessibilityNodeInfo@80013c41; boundsInParent: Rect(0, 0 - 1080, 750); boundsInScreen: Rect(0, 0 - 1080, 72); packageName: com.android.systemui; className: android.view.View; text: null; error: null; maxTextLength: -1; contentDescription: null; viewIdResName: com.android.systemui:id/heads_up_scrim; checkable: false; checked: false; focusable: false; focused: false; selected: false; clickable: false; longClickable: false; contextClickable: false; enabled: true; password: false; scrollable: false; actions: [AccessibilityAction: ACTION_SELECT - null, AccessibilityAction: ACTION_CLEAR_SELECTION - null, AccessibilityAction: ACTION_ACCESSIBILITY_FOCUS - null, AccessibilityAction: ACTION_SHOW_ON_SCREEN - null]
02-22 10:31:48.106 14767 14784 I AccessibilityNodeInfoDumper: Skipping invisible child: android.view.accessibility.AccessibilityNodeInfo@800152c7; boundsInParent: Rect(0, 0 - 0, 72); boundsInScreen: Rect(813, 0 - 813, 72); packageName: com.android.systemui; className: android.widget.LinearLayout; text: null; error: null; maxTextLength: -1; contentDescription: null; viewIdResName: com.android.systemui:id/statusIcons; checkable: false; checked: false; focusable: false; focused: false; selected: false; clickable: false; longClickable: false; contextClickable: false; enabled: true; password: false; scrollable: false; actions: [AccessibilityAction: ACTION_SELECT - null, AccessibilityAction: ACTION_CLEAR_SELECTION - null, AccessibilityAction: ACTION_ACCESSIBILITY_FOCUS - null, AccessibilityAction: ACTION_SHOW_ON_SCREEN - null]
02-22 10:31:48.108 14767 14784 I AccessibilityNodeInfoDumper: Skipping invisible child: android.view.accessibility.AccessibilityNodeInfo@80008811; boundsInParent: Rect(0, 0 - 57, 51); boundsInScreen: Rect(821, 10 - 878, 61); packageName: com.android.systemui; className: android.widget.ImageView; text: null; error: null; maxTextLength: -1; contentDescription: null; viewIdResName: com.android.systemui:id/mobile_signal_dark; checkable: false; checked: false; focusable: false; focused: false; selected: false; clickable: false; longClickable: false; contextClickable: false; enabled: true; password: false; scrollable: false; actions: [AccessibilityAction: ACTION_SELECT - null, AccessibilityAction: ACTION_CLEAR_SELECTION - null, AccessibilityAction: ACTION_ACCESSIBILITY_FOCUS - null, AccessibilityAction: ACTION_SHOW_ON_SCREEN - null]
02-22 10:31:48.117 14767 14767 I ViewInteraction: Performing 'single click' action on view with content description: is "Sort"
02-22 10:31:48.206  1375  1396 W audio_hw_generic: Not supplying enough data to HAL, expected position 24795634 , only wrote 24795360
02-22 10:31:48.244 14767 14767 W art     : Before Android 4.1, method int android.support.v7.widget.DropDownListView.lookForSelectablePosition(int, boolean) would have incorrectly overridden the package-private method in android.widget.ListView
02-22 10:31:48.245 14767 14767 W art     : Before Android 4.1, method int android.support.v7.widget.MenuPopupWindow$MenuDropDownListView.lookForSelectablePosition(int, boolean) would have incorrectly overridden the package-private method in android.widget.ListView
02-22 10:31:48.253  1375  1396 W audio_hw_generic: Hardware backing HAL too slow, could only write 0 of 720 frames
02-22 10:31:48.268  1375  1396 W audio_hw_generic: Hardware backing HAL too slow, could only write 0 of 720 frames
02-22 10:31:48.283  1375  1396 W audio_hw_generic: Hardware backing HAL too slow, could only write 0 of 720 frames
02-22 10:31:48.441 14767 14792 D EGL_emulation: eglMakeCurrent: 0xa5e72440: ver 2 0 (tinfo 0x9c324cf0)
02-22 10:31:48.500 14767 14792 D EGL_emulation: eglMakeCurrent: 0xa5e72440: ver 2 0 (tinfo 0x9c324cf0)
02-22 10:31:48.566 14767 14792 D EGL_emulation: eglMakeCurrent: 0xa5e72440: ver 2 0 (tinfo 0x9c324cf0)
02-22 10:31:48.592 14767 14792 D EGL_emulation: eglMakeCurrent: 0xa5e72440: ver 2 0 (tinfo 0x9c324cf0)
02-22 10:31:48.659 14767 14792 D EGL_emulation: eglMakeCurrent: 0xa5e72440: ver 2 0 (tinfo 0x9c324cf0)
02-22 10:31:48.728 14767 14792 D EGL_emulation: eglMakeCurrent: 0xa5e72440: ver 2 0 (tinfo 0x9c324cf0)
02-22 10:31:48.734  1375  1396 W audio_hw_generic: Hardware backing HAL too slow, could only write 0 of 720 frames
02-22 10:31:48.748 14767 14792 D EGL_emulation: eglMakeCurrent: 0xa5e72440: ver 2 0 (tinfo 0x9c324cf0)
02-22 10:31:48.796 14767 14792 D EGL_emulation: eglMakeCurrent: 0xa5e72440: ver 2 0 (tinfo 0x9c324cf0)
02-22 10:31:48.980 14767 14770 I art     : Do partial code cache collection, code=124KB, data=114KB
02-22 10:31:48.981 14767 14770 I art     : After code cache collection, code=123KB, data=114KB
02-22 10:31:48.981 14767 14770 I art     : Increasing code cache capacity to 512KB
02-22 10:31:49.054  1375  1396 W audio_hw_generic: Hardware backing HAL too slow, could only write 0 of 720 frames
02-22 10:31:49.981 14767 14767 E dialogs : false
02-22 10:31:50.003 14767 14767 E bitmaps : /storage/emulated/0/1550831509970.bmp
02-22 10:31:50.247 14767 14776 E StrictMode: A resource was acquired at attached stack trace but never released. See java.io.Closeable for information on avoiding resource leaks.
02-22 10:31:50.247 14767 14776 E StrictMode: java.lang.Throwable: Explicit termination method 'close' not called
02-22 10:31:50.247 14767 14776 E StrictMode: 	at dalvik.system.CloseGuard.open(CloseGuard.java:180)
02-22 10:31:50.247 14767 14776 E StrictMode: 	at java.io.FileOutputStream.<init>(FileOutputStream.java:222)
02-22 10:31:50.247 14767 14776 E StrictMode: 	at java.io.FileOutputStream.<init>(FileOutputStream.java:169)
02-22 10:31:50.247 14767 14776 E StrictMode: 	at android.support.test.uiautomator.UiDevice.dumpWindowHierarchy(UiDevice.java:932)
02-22 10:31:50.247 14767 14776 E StrictMode: 	at it.feio.android.omninotes.TOGGLETools.DumpScreen(TOGGLETools.java:251)
02-22 10:31:50.247 14767 14776 E StrictMode: 	at it.feio.android.omninotes.TestHomeEnhanced.testOrderByMenu(TestHomeEnhanced.java:460)
02-22 10:31:50.247 14767 14776 E StrictMode: 	at java.lang.reflect.Method.invoke(Native Method)
02-22 10:31:50.247 14767 14776 E StrictMode: 	at junit.framework.TestCase.runTest(TestCase.java:168)
02-22 10:31:50.247 14767 14776 E StrictMode: 	at junit.framework.TestCase.runBare(TestCase.java:134)
02-22 10:31:50.247 14767 14776 E StrictMode: 	at junit.framework.TestResult$1.protect(TestResult.java:115)
02-22 10:31:50.247 14767 14776 E StrictMode: 	at android.support.test.internal.runner.junit3.AndroidTestResult.runProtected(AndroidTestResult.java:73)
02-22 10:31:50.247 14767 14776 E StrictMode: 	at junit.framework.TestResult.run(TestResult.java:118)
02-22 10:31:50.247 14767 14776 E StrictMode: 	at android.support.test.internal.runner.junit3.AndroidTestResult.run(AndroidTestResult.java:51)
02-22 10:31:50.247 14767 14776 E StrictMode: 	at junit.framework.TestCase.run(TestCase.java:124)
02-22 10:31:50.247 14767 14776 E StrictMode: 	at android.support.test.internal.runner.junit3.NonLeakyTestSuite$NonLeakyTest.run(NonLeakyTestSuite.java:62)
02-22 10:31:50.247 14767 14776 E StrictMode: 	at junit.framework.TestSuite.runTest(TestSuite.java:243)
02-22 10:31:50.247 14767 14776 E StrictMode: 	at junit.framework.TestSuite.run(TestSuite.java:238)
02-22 10:31:50.247 14767 14776 E StrictMode: 	at android.support.test.internal.runner.junit3.DelegatingTestSuite.run(DelegatingTestSuite.java:97)
02-22 10:31:50.247 14767 14776 E StrictMode: 	at android.support.test.internal.runner.junit3.AndroidTestSuite.run(AndroidTestSuite.java:65)
02-22 10:31:50.247 14767 14776 E StrictMode: 	at android.support.test.internal.runner.junit3.JUnit38ClassRunner.run(JUnit38ClassRunner.java:115)
02-22 10:31:50.247 14767 14776 E StrictMode: 	at org.junit.runners.Suite.runChild(Suite.java:128)
02-22 10:31:50.247 14767 14776 E StrictMode: 	at org.junit.runners.Suite.runChild(Suite.java:27)
02-22 10:31:50.247 14767 14776 E StrictMode: 	at org.junit.runners.ParentRunner$3.run(ParentRunner.java:290)
02-22 10:31:50.247 14767 14776 E StrictMode: 	at org.junit.runners.ParentRunner$1.schedule(ParentRunner.java:71)
02-22 10:31:50.247 14767 14776 E StrictMode: 	at org.junit.runners.ParentRunner.runChildren(ParentRunner.java:288)
02-22 10:31:50.247 14767 14776 E StrictMode: 	at org.junit.runners.ParentRunner.access$000(ParentRunner.java:58)
02-22 10:31:50.247 14767 14776 E StrictMode: 	at org.junit.runners.ParentRunner$2.evaluate(ParentRunner.java:268)
02-22 10:31:50.247 14767 14776 E StrictMode: 	at org.junit.runners.ParentRunner.run(ParentRunner.java:363)
02-22 10:31:50.247 14767 14776 E StrictMode: 	at org.junit.runner.JUnitCore.run(JUnitCore.java:137)
02-22 10:31:50.247 14767 14776 E StrictMode: 	at org.junit.runner.JUnitCore.run(JUnitCore.java:115)
02-22 10:31:50.247 14767 14776 E StrictMode: 	at android.support.test.internal.runner.TestExecutor.execute(TestExecutor.java:56)
02-22 10:31:50.247 14767 14776 E StrictMode: 	at android.support.test.runner.AndroidJUnitRunner.onStart(AndroidJUnitRunner.java:384)
02-22 10:31:50.247 14767 14776 E StrictMode: 	at android.app.Instrumentation$InstrumentationThread.run(Instrumentation.java:1932)
02-22 10:31:50.249 14767 14778 I art     : Background sticky concurrent mark sweep GC freed 321898(5MB) AllocSpace objects, 2(1532KB) LOS objects, 0% free, 62MB/62MB, paused 11.948ms total 248.055ms
02-22 10:31:50.494 14767 14778 I art     : Background partial concurrent mark sweep GC freed 788316(12MB) AllocSpace objects, 3(21MB) LOS objects, 9% free, 37MB/41MB, paused 12.292ms total 239.232ms
02-22 10:31:50.624  1617  1626 I art     : Background sticky concurrent mark sweep GC freed 26676(2MB) AllocSpace objects, 2(88KB) LOS objects, 16% free, 15MB/18MB, paused 9.353ms total 86.302ms
02-22 10:31:50.863 14767 14767 E bitmaps : /storage/emulated/0/1550831509970.bmp
02-22 10:31:50.883 14767 14784 D touchtest: testOrderByMenu, 1550831509970, text, Title, check,  
02-22 10:31:50.914 14767 14792 D EGL_emulation: eglMakeCurrent: 0xa5e72440: ver 2 0 (tinfo 0x9c324cf0)
02-22 10:31:50.974 14767 14778 I art     : Background sticky concurrent mark sweep GC freed 645547(9MB) AllocSpace objects, 0(0B) LOS objects, 0% free, 42MB/42MB, paused 9.408ms total 410.434ms
02-22 10:31:51.023 14767 14784 I AccessibilityNodeInfoDumper: Skipping invisible child: android.view.accessibility.AccessibilityNodeInfo@80013c41; boundsInParent: Rect(0, 0 - 1080, 750); boundsInScreen: Rect(0, 0 - 1080, 72); packageName: com.android.systemui; className: android.view.View; text: null; error: null; maxTextLength: -1; contentDescription: null; viewIdResName: com.android.systemui:id/heads_up_scrim; checkable: false; checked: false; focusable: false; focused: false; selected: false; clickable: false; longClickable: false; contextClickable: false; enabled: true; password: false; scrollable: false; actions: [AccessibilityAction: ACTION_SELECT - null, AccessibilityAction: ACTION_CLEAR_SELECTION - null, AccessibilityAction: ACTION_ACCESSIBILITY_FOCUS - null, AccessibilityAction: ACTION_SHOW_ON_SCREEN - null]
02-22 10:31:51.025 14767 14784 I AccessibilityNodeInfoDumper: Skipping invisible child: android.view.accessibility.AccessibilityNodeInfo@800152c7; boundsInParent: Rect(0, 0 - 0, 72); boundsInScreen: Rect(813, 0 - 813, 72); packageName: com.android.systemui; className: android.widget.LinearLayout; text: null; error: null; maxTextLength: -1; contentDescription: null; viewIdResName: com.android.systemui:id/statusIcons; checkable: false; checked: false; focusable: false; focused: false; selected: false; clickable: false; longClickable: false; contextClickable: false; enabled: true; password: false; scrollable: false; actions: [AccessibilityAction: ACTION_SELECT - null, AccessibilityAction: ACTION_CLEAR_SELECTION - null, AccessibilityAction: ACTION_ACCESSIBILITY_FOCUS - null, AccessibilityAction: ACTION_SHOW_ON_SCREEN - null]
02-22 10:31:51.043 14767 14784 I AccessibilityNodeInfoDumper: Skipping invisible child: android.view.accessibility.AccessibilityNodeInfo@80008811; boundsInParent: Rect(0, 0 - 57, 51); boundsInScreen: Rect(821, 10 - 878, 61); packageName: com.android.systemui; className: android.widget.ImageView; text: null; error: null; maxTextLength: -1; contentDescription: null; viewIdResName: com.android.systemui:id/mobile_signal_dark; checkable: false; checked: false; focusable: false; focused: false; selected: false; clickable: false; longClickable: false; contextClickable: false; enabled: true; password: false; scrollable: false; actions: [AccessibilityAction: ACTION_SELECT - null, AccessibilityAction: ACTION_CLEAR_SELECTION - null, AccessibilityAction: ACTION_ACCESSIBILITY_FOCUS - null, AccessibilityAction: ACTION_SHOW_ON_SCREEN - null]
02-22 10:31:51.167 14767 14767 I ViewInteraction: Checking 'MatchesViewAssertion{viewMatcher=is displayed on the screen to the user}' assertion on view with text: is "Title"
02-22 10:31:51.178 14767 14778 I art     : Background partial concurrent mark sweep GC freed 649783(10MB) AllocSpace objects, 3(15MB) LOS objects, 18% free, 17MB/21MB, paused 9.631ms total 163.508ms
02-22 10:31:51.419  1375  1397 W audio_hw_generic: Not supplying enough data to HAL, expected position 25102275 , only wrote 24949440
02-22 10:31:52.188 14767 14767 E dialogs : false
02-22 10:31:52.214 14767 14767 E bitmaps : /storage/emulated/0/1550831512175.bmp
02-22 10:31:52.274 14767 14778 I art     : Background sticky concurrent mark sweep GC freed 950(79KB) AllocSpace objects, 1(1512KB) LOS objects, 0% free, 34MB/34MB, paused 11.375ms total 63.331ms
02-22 10:31:52.420 14767 14778 I art     : Background partial concurrent mark sweep GC freed 226925(3MB) AllocSpace objects, 2(7MB) LOS objects, 10% free, 34MB/38MB, paused 10.368ms total 142.864ms
02-22 10:31:52.679 14767 14776 E StrictMode: A resource was acquired at attached stack trace but never released. See java.io.Closeable for information on avoiding resource leaks.
02-22 10:31:52.679 14767 14776 E StrictMode: java.lang.Throwable: Explicit termination method 'close' not called
02-22 10:31:52.679 14767 14776 E StrictMode: 	at dalvik.system.CloseGuard.open(CloseGuard.java:180)
02-22 10:31:52.679 14767 14776 E StrictMode: 	at java.io.FileOutputStream.<init>(FileOutputStream.java:222)
02-22 10:31:52.679 14767 14776 E StrictMode: 	at java.io.FileOutputStream.<init>(FileOutputStream.java:169)
02-22 10:31:52.679 14767 14776 E StrictMode: 	at android.support.test.uiautomator.UiDevice.dumpWindowHierarchy(UiDevice.java:932)
02-22 10:31:52.679 14767 14776 E StrictMode: 	at it.feio.android.omninotes.TOGGLETools.DumpScreen(TOGGLETools.java:251)
02-22 10:31:52.679 14767 14776 E StrictMode: 	at it.feio.android.omninotes.TestHomeEnhanced.testOrderByMenu(TestHomeEnhanced.java:475)
02-22 10:31:52.679 14767 14776 E StrictMode: 	at java.lang.reflect.Method.invoke(Native Method)
02-22 10:31:52.679 14767 14776 E StrictMode: 	at junit.framework.TestCase.runTest(TestCase.java:168)
02-22 10:31:52.679 14767 14776 E StrictMode: 	at junit.framework.TestCase.runBare(TestCase.java:134)
02-22 10:31:52.679 14767 14776 E StrictMode: 	at junit.framework.TestResult$1.protect(TestResult.java:115)
02-22 10:31:52.679 14767 14776 E StrictMode: 	at android.support.test.internal.runner.junit3.AndroidTestResult.runProtected(AndroidTestResult.java:73)
02-22 10:31:52.679 14767 14776 E StrictMode: 	at junit.framework.TestResult.run(TestResult.java:118)
02-22 10:31:52.679 14767 14776 E StrictMode: 	at android.support.test.internal.runner.junit3.AndroidTestResult.run(AndroidTestResult.java:51)
02-22 10:31:52.679 14767 14776 E StrictMode: 	at junit.framework.TestCase.run(TestCase.java:124)
02-22 10:31:52.679 14767 14776 E StrictMode: 	at android.support.test.internal.runner.junit3.NonLeakyTestSuite$NonLeakyTest.run(NonLeakyTestSuite.java:62)
02-22 10:31:52.679 14767 14776 E StrictMode: 	at junit.framework.TestSuite.runTest(TestSuite.java:243)
02-22 10:31:52.679 14767 14776 E StrictMode: 	at junit.framework.TestSuite.run(TestSuite.java:238)
02-22 10:31:52.679 14767 14776 E StrictMode: 	at android.support.test.internal.runner.junit3.DelegatingTestSuite.run(DelegatingTestSuite.java:97)
02-22 10:31:52.679 14767 14776 E StrictMode: 	at android.support.test.internal.runner.junit3.AndroidTestSuite.run(AndroidTestSuite.java:65)
02-22 10:31:52.679 14767 14776 E StrictMode: 	at android.support.test.internal.runner.junit3.JUnit38ClassRunner.run(JUnit38ClassRunner.java:115)
02-22 10:31:52.679 14767 14776 E StrictMode: 	at org.junit.runners.Suite.runChild(Suite.java:128)
02-22 10:31:52.679 14767 14776 E StrictMode: 	at org.junit.runners.Suite.runChild(Suite.java:27)
02-22 10:31:52.679 14767 14776 E StrictMode: 	at org.junit.runners.ParentRunner$3.run(ParentRunner.java:290)
02-22 10:31:52.679 14767 14776 E StrictMode: 	at org.junit.runners.ParentRunner$1.schedule(ParentRunner.java:71)
02-22 10:31:52.679 14767 14776 E StrictMode: 	at org.junit.runners.ParentRunner.runChildren(ParentRunner.java:288)
02-22 10:31:52.679 14767 14776 E StrictMode: 	at org.junit.runners.ParentRunner.access$000(ParentRunner.java:58)
02-22 10:31:52.679 14767 14776 E StrictMode: 	at org.junit.runners.ParentRunner$2.evaluate(ParentRunner.java:268)
02-22 10:31:52.679 14767 14776 E StrictMode: 	at org.junit.runners.ParentRunner.run(ParentRunner.java:363)
02-22 10:31:52.679 14767 14776 E StrictMode: 	at org.junit.runner.JUnitCore.run(JUnitCore.java:137)
02-22 10:31:52.679 14767 14776 E StrictMode: 	at org.junit.runner.JUnitCore.run(JUnitCore.java:115)
02-22 10:31:52.679 14767 14776 E StrictMode: 	at android.support.test.internal.runner.TestExecutor.execute(TestExecutor.java:56)
02-22 10:31:52.679 14767 14776 E StrictMode: 	at android.support.test.runner.AndroidJUnitRunner.onStart(AndroidJUnitRunner.java:384)
02-22 10:31:52.679 14767 14776 E StrictMode: 	at android.app.Instrumentation$InstrumentationThread.run(Instrumentation.java:1932)
02-22 10:31:52.703 14767 14778 I art     : Background sticky concurrent mark sweep GC freed 453167(6MB) AllocSpace objects, 0(0B) LOS objects, 0% free, 42MB/42MB, paused 9.655ms total 219.523ms
02-22 10:31:52.928 14767 14778 I art     : Background partial concurrent mark sweep GC freed 862383(13MB) AllocSpace objects, 0(0B) LOS objects, 9% free, 37MB/41MB, paused 10.514ms total 223.660ms
02-22 10:31:53.027 14767 14767 E bitmaps : /storage/emulated/0/1550831512175.bmp
02-22 10:31:53.029 14767 14784 D touchtest: testOrderByMenu, 1550831512175, text, Creation date, check,  
02-22 10:31:53.078 14767 14784 I AccessibilityNodeInfoDumper: Skipping invisible child: android.view.accessibility.AccessibilityNodeInfo@80013c41; boundsInParent: Rect(0, 0 - 1080, 750); boundsInScreen: Rect(0, 0 - 1080, 72); packageName: com.android.systemui; className: android.view.View; text: null; error: null; maxTextLength: -1; contentDescription: null; viewIdResName: com.android.systemui:id/heads_up_scrim; checkable: false; checked: false; focusable: false; focused: false; selected: false; clickable: false; longClickable: false; contextClickable: false; enabled: true; password: false; scrollable: false; actions: [AccessibilityAction: ACTION_SELECT - null, AccessibilityAction: ACTION_CLEAR_SELECTION - null, AccessibilityAction: ACTION_ACCESSIBILITY_FOCUS - null, AccessibilityAction: ACTION_SHOW_ON_SCREEN - null]
02-22 10:31:53.079 14767 14784 I AccessibilityNodeInfoDumper: Skipping invisible child: android.view.accessibility.AccessibilityNodeInfo@800152c7; boundsInParent: Rect(0, 0 - 0, 72); boundsInScreen: Rect(813, 0 - 813, 72); packageName: com.android.systemui; className: android.widget.LinearLayout; text: null; error: null; maxTextLength: -1; contentDescription: null; viewIdResName: com.android.systemui:id/statusIcons; checkable: false; checked: false; focusable: false; focused: false; selected: false; clickable: false; longClickable: false; contextClickable: false; enabled: true; password: false; scrollable: false; actions: [AccessibilityAction: ACTION_SELECT - null, AccessibilityAction: ACTION_CLEAR_SELECTION - null, AccessibilityAction: ACTION_ACCESSIBILITY_FOCUS - null, AccessibilityAction: ACTION_SHOW_ON_SCREEN - null]
02-22 10:31:53.083 14767 14784 I AccessibilityNodeInfoDumper: Skipping invisible child: android.view.accessibility.AccessibilityNodeInfo@80008811; boundsInParent: Rect(0, 0 - 57, 51); boundsInScreen: Rect(821, 10 - 878, 61); packageName: com.android.systemui; className: android.widget.ImageView; text: null; error: null; maxTextLength: -1; contentDescription: null; viewIdResName: com.android.systemui:id/mobile_signal_dark; checkable: false; checked: false; focusable: false; focused: false; selected: false; clickable: false; longClickable: false; contextClickable: false; enabled: true; password: false; scrollable: false; actions: [AccessibilityAction: ACTION_SELECT - null, AccessibilityAction: ACTION_CLEAR_SELECTION - null, AccessibilityAction: ACTION_ACCESSIBILITY_FOCUS - null, AccessibilityAction: ACTION_SHOW_ON_SCREEN - null]
02-22 10:31:53.090 14767 14767 I ViewInteraction: Checking 'MatchesViewAssertion{viewMatcher=is displayed on the screen to the user}' assertion on view with text: is "Creation date"
02-22 10:31:54.107 14767 14767 E dialogs : false
02-22 10:31:54.134 14767 14767 E bitmaps : /storage/emulated/0/1550831514100.bmp
02-22 10:31:54.367 14767 14778 I art     : Background sticky concurrent mark sweep GC freed 536307(8MB) AllocSpace objects, 2(1532KB) LOS objects, 0% free, 65MB/65MB, paused 8.560ms total 249.786ms
02-22 10:31:54.369 14767 14776 E StrictMode: A resource was acquired at attached stack trace but never released. See java.io.Closeable for information on avoiding resource leaks.
02-22 10:31:54.369 14767 14776 E StrictMode: java.lang.Throwable: Explicit termination method 'close' not called
02-22 10:31:54.369 14767 14776 E StrictMode: 	at dalvik.system.CloseGuard.open(CloseGuard.java:180)
02-22 10:31:54.369 14767 14776 E StrictMode: 	at java.io.FileOutputStream.<init>(FileOutputStream.java:222)
02-22 10:31:54.369 14767 14776 E StrictMode: 	at java.io.FileOutputStream.<init>(FileOutputStream.java:169)
02-22 10:31:54.369 14767 14776 E StrictMode: 	at android.support.test.uiautomator.UiDevice.dumpWindowHierarchy(UiDevice.java:932)
02-22 10:31:54.369 14767 14776 E StrictMode: 	at it.feio.android.omninotes.TOGGLETools.DumpScreen(TOGGLETools.java:251)
02-22 10:31:54.369 14767 14776 E StrictMode: 	at it.feio.android.omninotes.TestHomeEnhanced.testOrderByMenu(TestHomeEnhanced.java:490)
02-22 10:31:54.369 14767 14776 E StrictMode: 	at java.lang.reflect.Method.invoke(Native Method)
02-22 10:31:54.369 14767 14776 E StrictMode: 	at junit.framework.TestCase.runTest(TestCase.java:168)
02-22 10:31:54.369 14767 14776 E StrictMode: 	at junit.framework.TestCase.runBare(TestCase.java:134)
02-22 10:31:54.369 14767 14776 E StrictMode: 	at junit.framework.TestResult$1.protect(TestResult.java:115)
02-22 10:31:54.369 14767 14776 E StrictMode: 	at android.support.test.internal.runner.junit3.AndroidTestResult.runProtected(AndroidTestResult.java:73)
02-22 10:31:54.369 14767 14776 E StrictMode: 	at junit.framework.TestResult.run(TestResult.java:118)
02-22 10:31:54.369 14767 14776 E StrictMode: 	at android.support.test.internal.runner.junit3.AndroidTestResult.run(AndroidTestResult.java:51)
02-22 10:31:54.369 14767 14776 E StrictMode: 	at junit.framework.TestCase.run(TestCase.java:124)
02-22 10:31:54.369 14767 14776 E StrictMode: 	at android.support.test.internal.runner.junit3.NonLeakyTestSuite$NonLeakyTest.run(NonLeakyTestSuite.java:62)
02-22 10:31:54.369 14767 14776 E StrictMode: 	at junit.framework.TestSuite.runTest(TestSuite.java:243)
02-22 10:31:54.369 14767 14776 E StrictMode: 	at junit.framework.TestSuite.run(TestSuite.java:238)
02-22 10:31:54.369 14767 14776 E StrictMode: 	at android.support.test.internal.runner.junit3.DelegatingTestSuite.run(DelegatingTestSuite.java:97)
02-22 10:31:54.369 14767 14776 E StrictMode: 	at android.support.test.internal.runner.junit3.AndroidTestSuite.run(AndroidTestSuite.java:65)
02-22 10:31:54.369 14767 14776 E StrictMode: 	at android.support.test.internal.runner.junit3.JUnit38ClassRunner.run(JUnit38ClassRunner.java:115)
02-22 10:31:54.369 14767 14776 E StrictMode: 	at org.junit.runners.Suite.runChild(Suite.java:128)
02-22 10:31:54.369 14767 14776 E StrictMode: 	at org.junit.runners.Suite.runChild(Suite.java:27)
02-22 10:31:54.369 14767 14776 E StrictMode: 	at org.junit.runners.ParentRunner$3.run(ParentRunner.java:290)
02-22 10:31:54.369 14767 14776 E StrictMode: 	at org.junit.runners.ParentRunner$1.schedule(ParentRunner.java:71)
02-22 10:31:54.369 14767 14776 E StrictMode: 	at org.junit.runners.ParentRunner.runChildren(ParentRunner.java:288)
02-22 10:31:54.369 14767 14776 E StrictMode: 	at org.junit.runners.ParentRunner.access$000(ParentRunner.java:58)
02-22 10:31:54.369 14767 14776 E StrictMode: 	at org.junit.runners.ParentRunner$2.evaluate(ParentRunner.java:268)
02-22 10:31:54.369 14767 14776 E StrictMode: 	at org.junit.runners.ParentRunner.run(ParentRunner.java:363)
02-22 10:31:54.369 14767 14776 E StrictMode: 	at org.junit.runner.JUnitCore.run(JUnitCore.java:137)
02-22 10:31:54.369 14767 14776 E StrictMode: 	at org.junit.runner.JUnitCore.run(JUnitCore.java:115)
02-22 10:31:54.369 14767 14776 E StrictMode: 	at android.support.test.internal.runner.TestExecutor.execute(TestExecutor.java:56)
02-22 10:31:54.369 14767 14776 E StrictMode: 	at android.support.test.runner.AndroidJUnitRunner.onStart(AndroidJUnitRunner.java:384)
02-22 10:31:54.369 14767 14776 E StrictMode: 	at android.app.Instrumentation$InstrumentationThread.run(Instrumentation.java:1932)
02-22 10:31:54.594 14767 14778 I art     : Background partial concurrent mark sweep GC freed 857390(13MB) AllocSpace objects, 3(15MB) LOS objects, 8% free, 44MB/48MB, paused 12.266ms total 220.950ms
02-22 10:31:54.927 14767 14778 I art     : Background sticky concurrent mark sweep GC freed 576876(8MB) AllocSpace objects, 0(0B) LOS objects, 0% free, 50MB/50MB, paused 10.195ms total 272.116ms
02-22 10:31:54.938 14767 14767 E bitmaps : /storage/emulated/0/1550831514100.bmp
02-22 10:31:54.979 14767 14784 D touchtest: testOrderByMenu, 1550831514100, text, Last modification date, check,  
02-22 10:31:55.037 14767 14784 I AccessibilityNodeInfoDumper: Skipping invisible child: android.view.accessibility.AccessibilityNodeInfo@80013c41; boundsInParent: Rect(0, 0 - 1080, 750); boundsInScreen: Rect(0, 0 - 1080, 72); packageName: com.android.systemui; className: android.view.View; text: null; error: null; maxTextLength: -1; contentDescription: null; viewIdResName: com.android.systemui:id/heads_up_scrim; checkable: false; checked: false; focusable: false; focused: false; selected: false; clickable: false; longClickable: false; contextClickable: false; enabled: true; password: false; scrollable: false; actions: [AccessibilityAction: ACTION_SELECT - null, AccessibilityAction: ACTION_CLEAR_SELECTION - null, AccessibilityAction: ACTION_ACCESSIBILITY_FOCUS - null, AccessibilityAction: ACTION_SHOW_ON_SCREEN - null]
02-22 10:31:55.038 14767 14784 I AccessibilityNodeInfoDumper: Skipping invisible child: android.view.accessibility.AccessibilityNodeInfo@800152c7; boundsInParent: Rect(0, 0 - 0, 72); boundsInScreen: Rect(813, 0 - 813, 72); packageName: com.android.systemui; className: android.widget.LinearLayout; text: null; error: null; maxTextLength: -1; contentDescription: null; viewIdResName: com.android.systemui:id/statusIcons; checkable: false; checked: false; focusable: false; focused: false; selected: false; clickable: false; longClickable: false; contextClickable: false; enabled: true; password: false; scrollable: false; actions: [AccessibilityAction: ACTION_SELECT - null, AccessibilityAction: ACTION_CLEAR_SELECTION - null, AccessibilityAction: ACTION_ACCESSIBILITY_FOCUS - null, AccessibilityAction: ACTION_SHOW_ON_SCREEN - null]
02-22 10:31:55.038 14767 14784 I AccessibilityNodeInfoDumper: Skipping invisible child: android.view.accessibility.AccessibilityNodeInfo@80008811; boundsInParent: Rect(0, 0 - 57, 51); boundsInScreen: Rect(821, 10 - 878, 61); packageName: com.android.systemui; className: android.widget.ImageView; text: null; error: null; maxTextLength: -1; contentDescription: null; viewIdResName: com.android.systemui:id/mobile_signal_dark; checkable: false; checked: false; focusable: false; focused: false; selected: false; clickable: false; longClickable: false; contextClickable: false; enabled: true; password: false; scrollable: false; actions: [AccessibilityAction: ACTION_SELECT - null, AccessibilityAction: ACTION_CLEAR_SELECTION - null, AccessibilityAction: ACTION_ACCESSIBILITY_FOCUS - null, AccessibilityAction: ACTION_SHOW_ON_SCREEN - null]
02-22 10:31:55.044 14767 14767 I ViewInteraction: Checking 'MatchesViewAssertion{viewMatcher=is displayed on the screen to the user}' assertion on view with text: is "Last modification date"
02-22 10:31:55.092 14767 14778 I art     : Background partial concurrent mark sweep GC freed 641846(9MB) AllocSpace objects, 3(21MB) LOS objects, 17% free, 19MB/23MB, paused 11.544ms total 159.354ms
02-22 10:31:56.075 14767 14767 E dialogs : false
02-22 10:31:56.088 14767 14767 E bitmaps : /storage/emulated/0/1550831516053.bmp
02-22 10:31:56.133 14767 14778 I art     : Background sticky concurrent mark sweep GC freed 2801(195KB) AllocSpace objects, 1(1512KB) LOS objects, 0% free, 36MB/36MB, paused 6.475ms total 44.984ms
02-22 10:31:56.284 14767 14778 I art     : Background partial concurrent mark sweep GC freed 224933(3MB) AllocSpace objects, 2(1532KB) LOS objects, 8% free, 41MB/45MB, paused 8.314ms total 136.033ms
02-22 10:31:56.544 14767 14776 E StrictMode: A resource was acquired at attached stack trace but never released. See java.io.Closeable for information on avoiding resource leaks.
02-22 10:31:56.544 14767 14776 E StrictMode: java.lang.Throwable: Explicit termination method 'close' not called
02-22 10:31:56.544 14767 14776 E StrictMode: 	at dalvik.system.CloseGuard.open(CloseGuard.java:180)
02-22 10:31:56.544 14767 14776 E StrictMode: 	at java.io.FileOutputStream.<init>(FileOutputStream.java:222)
02-22 10:31:56.544 14767 14776 E StrictMode: 	at java.io.FileOutputStream.<init>(FileOutputStream.java:169)
02-22 10:31:56.544 14767 14776 E StrictMode: 	at android.support.test.uiautomator.UiDevice.dumpWindowHierarchy(UiDevice.java:932)
02-22 10:31:56.544 14767 14776 E StrictMode: 	at it.feio.android.omninotes.TOGGLETools.DumpScreen(TOGGLETools.java:251)
02-22 10:31:56.544 14767 14776 E StrictMode: 	at it.feio.android.omninotes.TestHomeEnhanced.testOrderByMenu(TestHomeEnhanced.java:505)
02-22 10:31:56.544 14767 14776 E StrictMode: 	at java.lang.reflect.Method.invoke(Native Method)
02-22 10:31:56.544 14767 14776 E StrictMode: 	at junit.framework.TestCase.runTest(TestCase.java:168)
02-22 10:31:56.544 14767 14776 E StrictMode: 	at junit.framework.TestCase.runBare(TestCase.java:134)
02-22 10:31:56.544 14767 14776 E StrictMode: 	at junit.framework.TestResult$1.protect(TestResult.java:115)
02-22 10:31:56.544 14767 14776 E StrictMode: 	at android.support.test.internal.runner.junit3.AndroidTestResult.runProtected(AndroidTestResult.java:73)
02-22 10:31:56.544 14767 14776 E StrictMode: 	at junit.framework.TestResult.run(TestResult.java:118)
02-22 10:31:56.544 14767 14776 E StrictMode: 	at android.support.test.internal.runner.junit3.AndroidTestResult.run(AndroidTestResult.java:51)
02-22 10:31:56.544 14767 14776 E StrictMode: 	at junit.framework.TestCase.run(TestCase.java:124)
02-22 10:31:56.544 14767 14776 E StrictMode: 	at android.support.test.internal.runner.junit3.NonLeakyTestSuite$NonLeakyTest.run(NonLeakyTestSuite.java:62)
02-22 10:31:56.544 14767 14776 E StrictMode: 	at junit.framework.TestSuite.runTest(TestSuite.java:243)
02-22 10:31:56.544 14767 14776 E StrictMode: 	at junit.framework.TestSuite.run(TestSuite.java:238)
02-22 10:31:56.544 14767 14776 E StrictMode: 	at android.support.test.internal.runner.junit3.DelegatingTestSuite.run(DelegatingTestSuite.java:97)
02-22 10:31:56.544 14767 14776 E StrictMode: 	at android.support.test.internal.runner.junit3.AndroidTestSuite.run(AndroidTestSuite.java:65)
02-22 10:31:56.544 14767 14776 E StrictMode: 	at android.support.test.internal.runner.junit3.JUnit38ClassRunner.run(JUnit38ClassRunner.java:115)
02-22 10:31:56.544 14767 14776 E StrictMode: 	at org.junit.runners.Suite.runChild(Suite.java:128)
02-22 10:31:56.544 14767 14776 E StrictMode: 	at org.junit.runners.Suite.runChild(Suite.java:27)
02-22 10:31:56.544 14767 14776 E StrictMode: 	at org.junit.runners.ParentRunner$3.run(ParentRunner.java:290)
02-22 10:31:56.544 14767 14776 E StrictMode: 	at org.junit.runners.ParentRunner$1.schedule(ParentRunner.java:71)
02-22 10:31:56.544 14767 14776 E StrictMode: 	at org.junit.runners.ParentRunner.runChildren(ParentRunner.java:288)
02-22 10:31:56.544 14767 14776 E StrictMode: 	at org.junit.runners.ParentRunner.access$000(ParentRunner.java:58)
02-22 10:31:56.544 14767 14776 E StrictMode: 	at org.junit.runners.ParentRunner$2.evaluate(ParentRunner.java:268)
02-22 10:31:56.544 14767 14776 E StrictMode: 	at org.junit.runners.ParentRunner.run(ParentRunner.java:363)
02-22 10:31:56.544 14767 14776 E StrictMode: 	at org.junit.runner.JUnitCore.run(JUnitCore.java:137)
02-22 10:31:56.544 14767 14776 E StrictMode: 	at org.junit.runner.JUnitCore.run(JUnitCore.java:115)
02-22 10:31:56.544 14767 14776 E StrictMode: 	at android.support.test.internal.runner.TestExecutor.execute(TestExecutor.java:56)
02-22 10:31:56.544 14767 14776 E StrictMode: 	at android.support.test.runner.AndroidJUnitRunner.onStart(AndroidJUnitRunner.java:384)
02-22 10:31:56.544 14767 14776 E StrictMode: 	at android.app.Instrumentation$InstrumentationThread.run(Instrumentation.java:1932)
02-22 10:31:56.566 14767 14778 I art     : Background sticky concurrent mark sweep GC freed 416085(6MB) AllocSpace objects, 0(0B) LOS objects, 0% free, 49MB/49MB, paused 10.413ms total 217.035ms
02-22 10:31:56.779 14767 14778 I art     : Background partial concurrent mark sweep GC freed 822204(12MB) AllocSpace objects, 1(7MB) LOS objects, 9% free, 37MB/41MB, paused 11.049ms total 210.741ms
02-22 10:31:57.007 14767 14767 E bitmaps : /storage/emulated/0/1550831516053.bmp
02-22 10:31:57.014 14767 14784 D touchtest: testOrderByMenu, 1550831516053, text, Reminder date, check,  
02-22 10:31:57.093 14767 14784 I AccessibilityNodeInfoDumper: Skipping invisible child: android.view.accessibility.AccessibilityNodeInfo@80013c41; boundsInParent: Rect(0, 0 - 1080, 750); boundsInScreen: Rect(0, 0 - 1080, 72); packageName: com.android.systemui; className: android.view.View; text: null; error: null; maxTextLength: -1; contentDescription: null; viewIdResName: com.android.systemui:id/heads_up_scrim; checkable: false; checked: false; focusable: false; focused: false; selected: false; clickable: false; longClickable: false; contextClickable: false; enabled: true; password: false; scrollable: false; actions: [AccessibilityAction: ACTION_SELECT - null, AccessibilityAction: ACTION_CLEAR_SELECTION - null, AccessibilityAction: ACTION_ACCESSIBILITY_FOCUS - null, AccessibilityAction: ACTION_SHOW_ON_SCREEN - null]
02-22 10:31:57.094 14767 14784 I AccessibilityNodeInfoDumper: Skipping invisible child: android.view.accessibility.AccessibilityNodeInfo@800152c7; boundsInParent: Rect(0, 0 - 0, 72); boundsInScreen: Rect(813, 0 - 813, 72); packageName: com.android.systemui; className: android.widget.LinearLayout; text: null; error: null; maxTextLength: -1; contentDescription: null; viewIdResName: com.android.systemui:id/statusIcons; checkable: false; checked: false; focusable: false; focused: false; selected: false; clickable: false; longClickable: false; contextClickable: false; enabled: true; password: false; scrollable: false; actions: [AccessibilityAction: ACTION_SELECT - null, AccessibilityAction: ACTION_CLEAR_SELECTION - null, AccessibilityAction: ACTION_ACCESSIBILITY_FOCUS - null, AccessibilityAction: ACTION_SHOW_ON_SCREEN - null]
02-22 10:31:57.098 14767 14784 I AccessibilityNodeInfoDumper: Skipping invisible child: android.view.accessibility.AccessibilityNodeInfo@80008811; boundsInParent: Rect(0, 0 - 57, 51); boundsInScreen: Rect(821, 10 - 878, 61); packageName: com.android.systemui; className: android.widget.ImageView; text: null; error: null; maxTextLength: -1; contentDescription: null; viewIdResName: com.android.systemui:id/mobile_signal_dark; checkable: false; checked: false; focusable: false; focused: false; selected: false; clickable: false; longClickable: false; contextClickable: false; enabled: true; password: false; scrollable: false; actions: [AccessibilityAction: ACTION_SELECT - null, AccessibilityAction: ACTION_CLEAR_SELECTION - null, AccessibilityAction: ACTION_ACCESSIBILITY_FOCUS - null, AccessibilityAction: ACTION_SHOW_ON_SCREEN - null]
02-22 10:31:57.107 14767 14767 I ViewInteraction: Checking 'MatchesViewAssertion{viewMatcher=is displayed on the screen to the user}' assertion on view with text: is "Reminder date"
02-22 10:31:57.128 14767 14778 I art     : Background sticky concurrent mark sweep GC freed 612366(9MB) AllocSpace objects, 0(0B) LOS objects, 10% free, 33MB/37MB, paused 7.077ms total 286.809ms
02-22 10:31:58.144 14767 14767 E dialogs : false
02-22 10:31:58.163 14767 14767 E bitmaps : /storage/emulated/0/1550831518121.bmp
02-22 10:31:58.306 14767 14778 I art     : Background partial concurrent mark sweep GC freed 110502(1992KB) AllocSpace objects, 5(16MB) LOS objects, 8% free, 41MB/45MB, paused 7.126ms total 151.840ms
02-22 10:31:58.564 14767 14776 E StrictMode: A resource was acquired at attached stack trace but never released. See java.io.Closeable for information on avoiding resource leaks.
02-22 10:31:58.564 14767 14776 E StrictMode: java.lang.Throwable: Explicit termination method 'close' not called
02-22 10:31:58.564 14767 14776 E StrictMode: 	at dalvik.system.CloseGuard.open(CloseGuard.java:180)
02-22 10:31:58.564 14767 14776 E StrictMode: 	at java.io.FileOutputStream.<init>(FileOutputStream.java:222)
02-22 10:31:58.564 14767 14776 E StrictMode: 	at java.io.FileOutputStream.<init>(FileOutputStream.java:169)
02-22 10:31:58.564 14767 14776 E StrictMode: 	at android.support.test.uiautomator.UiDevice.dumpWindowHierarchy(UiDevice.java:932)
02-22 10:31:58.564 14767 14776 E StrictMode: 	at it.feio.android.omninotes.TOGGLETools.DumpScreen(TOGGLETools.java:251)
02-22 10:31:58.564 14767 14776 E StrictMode: 	at it.feio.android.omninotes.TestHomeEnhanced.testOrderByMenu(TestHomeEnhanced.java:520)
02-22 10:31:58.564 14767 14776 E StrictMode: 	at java.lang.reflect.Method.invoke(Native Method)
02-22 10:31:58.564 14767 14776 E StrictMode: 	at junit.framework.TestCase.runTest(TestCase.java:168)
02-22 10:31:58.564 14767 14776 E StrictMode: 	at junit.framework.TestCase.runBare(TestCase.java:134)
02-22 10:31:58.564 14767 14776 E StrictMode: 	at junit.framework.TestResult$1.protect(TestResult.java:115)
02-22 10:31:58.564 14767 14776 E StrictMode: 	at android.support.test.internal.runner.junit3.AndroidTestResult.runProtected(AndroidTestResult.java:73)
02-22 10:31:58.564 14767 14776 E StrictMode: 	at junit.framework.TestResult.run(TestResult.java:118)
02-22 10:31:58.564 14767 14776 E StrictMode: 	at android.support.test.internal.runner.junit3.AndroidTestResult.run(AndroidTestResult.java:51)
02-22 10:31:58.564 14767 14776 E StrictMode: 	at junit.framework.TestCase.run(TestCase.java:124)
02-22 10:31:58.564 14767 14776 E StrictMode: 	at android.support.test.internal.runner.junit3.NonLeakyTestSuite$NonLeakyTest.run(NonLeakyTestSuite.java:62)
02-22 10:31:58.564 14767 14776 E StrictMode: 	at junit.framework.TestSuite.runTest(TestSuite.java:243)
02-22 10:31:58.564 14767 14776 E StrictMode: 	at junit.framework.TestSuite.run(TestSuite.java:238)
02-22 10:31:58.564 14767 14776 E StrictMode: 	at android.support.test.internal.runner.junit3.DelegatingTestSuite.run(DelegatingTestSuite.java:97)
02-22 10:31:58.564 14767 14776 E StrictMode: 	at android.support.test.internal.runner.junit3.AndroidTestSuite.run(AndroidTestSuite.java:65)
02-22 10:31:58.564 14767 14776 E StrictMode: 	at android.support.test.internal.runner.junit3.JUnit38ClassRunner.run(JUnit38ClassRunner.java:115)
02-22 10:31:58.564 14767 14776 E StrictMode: 	at org.junit.runners.Suite.runChild(Suite.java:128)
02-22 10:31:58.564 14767 14776 E StrictMode: 	at org.junit.runners.Suite.runChild(Suite.java:27)
02-22 10:31:58.564 14767 14776 E StrictMode: 	at org.junit.runners.ParentRunner$3.run(ParentRunner.java:290)
02-22 10:31:58.564 14767 14776 E StrictMode: 	at org.junit.runners.ParentRunner$1.schedule(ParentRunner.java:71)
02-22 10:31:58.564 14767 14776 E StrictMode: 	at org.junit.runners.ParentRunner.runChildren(ParentRunner.java:288)
02-22 10:31:58.564 14767 14776 E StrictMode: 	at org.junit.runners.ParentRunner.access$000(ParentRunner.java:58)
02-22 10:31:58.564 14767 14776 E StrictMode: 	at org.junit.runners.ParentRunner$2.evaluate(ParentRunner.java:268)
02-22 10:31:58.564 14767 14776 E StrictMode: 	at org.junit.runners.ParentRunner.run(ParentRunner.java:363)
02-22 10:31:58.564 14767 14776 E StrictMode: 	at org.junit.runner.JUnitCore.run(JUnitCore.java:137)
02-22 10:31:58.564 14767 14776 E StrictMode: 	at org.junit.runner.JUnitCore.run(JUnitCore.java:115)
02-22 10:31:58.564 14767 14776 E StrictMode: 	at android.support.test.internal.runner.TestExecutor.execute(TestExecutor.java:56)
02-22 10:31:58.564 14767 14776 E StrictMode: 	at android.support.test.runner.AndroidJUnitRunner.onStart(AndroidJUnitRunner.java:384)
02-22 10:31:58.564 14767 14776 E StrictMode: 	at android.app.Instrumentation$InstrumentationThread.run(Instrumentation.java:1932)
02-22 10:31:58.601 14767 14778 I art     : Background sticky concurrent mark sweep GC freed 436492(6MB) AllocSpace objects, 0(0B) LOS objects, 0% free, 50MB/50MB, paused 11.056ms total 232.288ms
02-22 10:31:58.821 14767 14778 I art     : Background partial concurrent mark sweep GC freed 894059(13MB) AllocSpace objects, 1(7MB) LOS objects, 9% free, 36MB/40MB, paused 11.376ms total 215.907ms
02-22 10:31:59.079 14767 14767 E bitmaps : /storage/emulated/0/1550831518121.bmp
02-22 10:31:59.081 14767 14784 D touchtest: testOrderByMenu, 1550831518121, -, -, pressback,  
