02-22 10:32:07.034 14767 14776 E StrictMode: 	at android.support.test.runner.AndroidJUnitRunner.onStart(AndroidJUnitRunner.java:384)
02-22 10:32:07.034 14767 14776 E StrictMode: 	at android.app.Instrumentation$InstrumentationThread.run(Instrumentation.java:1932)
02-22 10:32:07.225 14767 14778 I art     : Background sticky concurrent mark sweep GC freed 637804(9MB) AllocSpace objects, 0(0B) LOS objects, 0% free, 54MB/54MB, paused 15.666ms total 389.280ms
02-22 10:32:07.421 14767 14778 I art     : Background partial concurrent mark sweep GC freed 1283441(19MB) AllocSpace objects, 1(7MB) LOS objects, 11% free, 31MB/35MB, paused 8.762ms total 193.381ms
02-22 10:32:07.433 14767 14784 D touchtest: testReducedViewMenu, 1550831526542, -, -, opencontextualactionmodeoverflowmenu,  
02-22 10:32:07.515 14767 14784 I AccessibilityNodeInfoDumper: Skipping invisible child: android.view.accessibility.AccessibilityNodeInfo@800398b3; boundsInParent: Rect(0, 0 - 186, 120); boundsInScreen: Rect(624, 1548 - 810, 1668); packageName: it.feio.android.omninotes.alpha; className: android.widget.TextView; text: Photo; error: null; maxTextLength: -1; contentDescription: null; viewIdResName: null; checkable: false; checked: false; focusable: false; focused: false; selected: false; clickable: false; longClickable: false; contextClickable: false; enabled: true; password: false; scrollable: false; actions: [AccessibilityAction: ACTION_SELECT - null, AccessibilityAction: ACTION_CLEAR_SELECTION - null, AccessibilityAction: ACTION_ACCESSIBILITY_FOCUS - null, AccessibilityAction: ACTION_SHOW_ON_SCREEN - null, AccessibilityAction: ACTION_NEXT_AT_MOVEMENT_GRANULARITY - null, AccessibilityAction: ACTION_PREVIOUS_AT_MOVEMENT_GRANULARITY - null, AccessibilityAction: ACTION_SET_SELECTION - null]
02-22 10:32:07.515 14767 14784 I AccessibilityNodeInfoDumper: Skipping invisible child: android.view.accessibility.AccessibilityNodeInfo@80039c74; boundsInParent: Rect(0, 0 - 174, 174); boundsInScreen: Rect(858, 1530 - 1032, 1704); packageName: it.feio.android.omninotes.alpha; className: android.widget.ImageButton; text: null; error: null; maxTextLength: -1; contentDescription: null; viewIdResName: it.feio.android.omninotes.alpha:id/fab_camera; checkable: false; checked: false; focusable: true; focused: false; selected: false; clickable: true; longClickable: false; contextClickable: false; enabled: true; password: false; scrollable: false; actions: [AccessibilityAction: ACTION_SELECT - null, AccessibilityAction: ACTION_CLEAR_SELECTION - null, AccessibilityAction: ACTION_FOCUS - null, AccessibilityAction: ACTION_ACCESSIBILITY_FOCUS - null, AccessibilityAction: ACTION_CLICK - null, AccessibilityAction: ACTION_SHOW_ON_SCREEN - null]
02-22 10:32:07.515 14767 14784 I AccessibilityNodeInfoDumper: Skipping invisible child: android.view.accessibility.AccessibilityNodeInfo@8003a035; boundsInParent: Rect(0, 0 - 246, 120); boundsInScreen: Rect(564, 1548 - 810, 1668); packageName: it.feio.android.omninotes.alpha; className: android.widget.TextView; text: Checklist; error: null; maxTextLength: -1; contentDescription: null; viewIdResName: null; checkable: false; checked: false; focusable: false; focused: false; selected: false; clickable: false; longClickable: false; contextClickable: false; enabled: true; password: false; scrollable: false; actions: [AccessibilityAction: ACTION_SELECT - null, AccessibilityAction: ACTION_CLEAR_SELECTION - null, AccessibilityAction: ACTION_ACCESSIBILITY_FOCUS - null, AccessibilityAction: ACTION_SHOW_ON_SCREEN - null, AccessibilityAction: ACTION_NEXT_AT_MOVEMENT_GRANULARITY - null, AccessibilityAction: ACTION_PREVIOUS_AT_MOVEMENT_GRANULARITY - null, AccessibilityAction: ACTION_SET_SELECTION - null]
02-22 10:32:07.516 14767 14784 I AccessibilityNodeInfoDumper: Skipping invisible child: android.view.accessibility.AccessibilityNodeInfo@8003a3f6; boundsInParent: Rect(0, 0 - 174, 174); boundsInScreen: Rect(858, 1530 - 1032, 1704); packageName: it.feio.android.omninotes.alpha; className: android.widget.ImageButton; text: null; error: null; maxTextLength: -1; contentDescription: null; viewIdResName: it.feio.android.omninotes.alpha:id/fab_checklist; checkable: false; checked: false; focusable: true; focused: false; selected: false; clickable: true; longClickable: false; contextClickable: false; enabled: true; password: false; scrollable: false; actions: [AccessibilityAction: ACTION_SELECT - null, AccessibilityAction: ACTION_CLEAR_SELECTION - null, AccessibilityAction: ACTION_FOCUS - null, AccessibilityAction: ACTION_ACCESSIBILITY_FOCUS - null, AccessibilityAction: ACTION_CLICK - null, AccessibilityAction: ACTION_SHOW_ON_SCREEN - null]
02-22 10:32:07.516 14767 14784 I AccessibilityNodeInfoDumper: Skipping invisible child: android.view.accessibility.AccessibilityNodeInfo@8003a7b7; boundsInParent: Rect(0, 0 - 248, 120); boundsInScreen: Rect(562, 1548 - 810, 1668); packageName: it.feio.android.omninotes.alpha; className: android.widget.TextView; text: Text note; error: null; maxTextLength: -1; contentDescription: null; viewIdResName: null; checkable: false; checked: false; focusable: false; focused: false; selected: false; clickable: false; longClickable: false; contextClickable: false; enabled: true; password: false; scrollable: false; actions: [AccessibilityAction: ACTION_SELECT - null, AccessibilityAction: ACTION_CLEAR_SELECTION - null, AccessibilityAction: ACTION_ACCESSIBILITY_FOCUS - null, AccessibilityAction: ACTION_SHOW_ON_SCREEN - null, AccessibilityAction: ACTION_NEXT_AT_MOVEMENT_GRANULARITY - null, AccessibilityAction: ACTION_PREVIOUS_AT_MOVEMENT_GRANULARITY - null, AccessibilityAction: ACTION_SET_SELECTION - null]
02-22 10:32:07.516 14767 14784 I AccessibilityNodeInfoDumper: Skipping invisible child: android.view.accessibility.AccessibilityNodeInfo@8003ab78; boundsInParent: Rect(0, 0 - 174, 174); boundsInScreen: Rect(858, 1530 - 1032, 1704); packageName: it.feio.android.omninotes.alpha; className: android.widget.ImageButton; text: null; error: null; maxTextLength: -1; contentDescription: null; viewIdResName: it.feio.android.omninotes.alpha:id/fab_note; checkable: false; checked: false; focusable: true; focused: false; selected: false; clickable: true; longClickable: false; contextClickable: false; enabled: true; password: false; scrollable: false; actions: [AccessibilityAction: ACTION_SELECT - null, AccessibilityAction: ACTION_CLEAR_SELECTION - null, AccessibilityAction: ACTION_FOCUS - null, AccessibilityAction: ACTION_ACCESSIBILITY_FOCUS - null, AccessibilityAction: ACTION_CLICK - null, AccessibilityAction: ACTION_SHOW_ON_SCREEN - null]
02-22 10:32:07.516 14767 14784 I AccessibilityNodeInfoDumper: Skipping invisible child: android.view.accessibility.AccessibilityNodeInfo@800385ee; boundsInParent: Rect(0, 0 - 1080, 72); boundsInScreen: Rect(0, 0 - 1080, 72); packageName: it.feio.android.omninotes.alpha; className: android.view.View; text: null; error: null; maxTextLength: -1; contentDescription: null; viewIdResName: android:id/statusBarBackground; checkable: false; checked: false; focusable: false; focused: false; selected: false; clickable: false; longClickable: false; contextClickable: false; enabled: true; password: false; scrollable: false; actions: [AccessibilityAction: ACTION_SELECT - null, AccessibilityAction: ACTION_CLEAR_SELECTION - null, AccessibilityAction: ACTION_ACCESSIBILITY_FOCUS - null, AccessibilityAction: ACTION_SHOW_ON_SCREEN - null]
02-22 10:32:07.516 14767 14784 I AccessibilityNodeInfoDumper: Skipping invisible child: android.view.accessibility.AccessibilityNodeInfo@8003822d; boundsInParent: Rect(0, 0 - 1080, 144); boundsInScreen: Rect(0, 1776 - 1080, 1920); packageName: it.feio.android.omninotes.alpha; className: android.view.View; text: null; error: null; maxTextLength: -1; contentDescription: null; viewIdResName: android:id/navigationBarBackground; checkable: false; checked: false; focusable: false; focused: false; selected: false; clickable: false; longClickable: false; contextClickable: false; enabled: true; password: false; scrollable: false; actions: [AccessibilityAction: ACTION_SELECT - null, AccessibilityAction: ACTION_CLEAR_SELECTION - null, AccessibilityAction: ACTION_ACCESSIBILITY_FOCUS - null, AccessibilityAction: ACTION_SHOW_ON_SCREEN - null]
02-22 10:32:07.518 14767 14784 I AccessibilityNodeInfoDumper: Skipping invisible child: android.view.accessibility.AccessibilityNodeInfo@80013c41; boundsInParent: Rect(0, 0 - 1080, 750); boundsInScreen: Rect(0, 0 - 1080, 72); packageName: com.android.systemui; className: android.view.View; text: null; error: null; maxTextLength: -1; contentDescription: null; viewIdResName: com.android.systemui:id/heads_up_scrim; checkable: false; checked: false; focusable: false; focused: false; selected: false; clickable: false; longClickable: false; contextClickable: false; enabled: true; password: false; scrollable: false; actions: [AccessibilityAction: ACTION_SELECT - null, AccessibilityAction: ACTION_CLEAR_SELECTION - null, AccessibilityAction: ACTION_ACCESSIBILITY_FOCUS - null, AccessibilityAction: ACTION_SHOW_ON_SCREEN - null]
02-22 10:32:07.519 14767 14784 I AccessibilityNodeInfoDumper: Skipping invisible child: android.view.accessibility.AccessibilityNodeInfo@800152c7; boundsInParent: Rect(0, 0 - 0, 72); boundsInScreen: Rect(813, 0 - 813, 72); packageName: com.android.systemui; className: android.widget.LinearLayout; text: null; error: null; maxTextLength: -1; contentDescription: null; viewIdResName: com.android.systemui:id/statusIcons; checkable: false; checked: false; focusable: false; focused: false; selected: false; clickable: false; longClickable: false; contextClickable: false; enabled: true; password: false; scrollable: false; actions: [AccessibilityAction: ACTION_SELECT - null, AccessibilityAction: ACTION_CLEAR_SELECTION - null, AccessibilityAction: ACTION_ACCESSIBILITY_FOCUS - null, AccessibilityAction: ACTION_SHOW_ON_SCREEN - null]
02-22 10:32:07.519 14767 14784 I AccessibilityNodeInfoDumper: Skipping invisible child: android.view.accessibility.AccessibilityNodeInfo@80008811; boundsInParent: Rect(0, 0 - 57, 51); boundsInScreen: Rect(821, 10 - 878, 61); packageName: com.android.systemui; className: android.widget.ImageView; text: null; error: null; maxTextLength: -1; contentDescription: null; viewIdResName: com.android.systemui:id/mobile_signal_dark; checkable: false; checked: false; focusable: false; focused: false; selected: false; clickable: false; longClickable: false; contextClickable: false; enabled: true; password: false; scrollable: false; actions: [AccessibilityAction: ACTION_SELECT - null, AccessibilityAction: ACTION_CLEAR_SELECTION - null, AccessibilityAction: ACTION_ACCESSIBILITY_FOCUS - null, AccessibilityAction: ACTION_SHOW_ON_SCREEN - null]
02-22 10:32:07.525 14767 14767 I ViewInteraction: Performing 'Handle transition between action bar and action bar context.' action on view is a root view.
02-22 10:32:07.550 14767 14767 I ViewInteraction: Performing 'single click' action on view ((is displayed on the screen to the user and with content description: is "More options") or (is displayed on the screen to the user and with class name: a string ending with "OverflowMenuButton"))
02-22 10:32:07.752  1375  1396 W audio_hw_generic: Hardware backing HAL too slow, could only write 0 of 720 frames
02-22 10:32:07.767  1375  1396 W audio_hw_generic: Hardware backing HAL too slow, could only write 0 of 720 frames
02-22 10:32:07.777 14767 14792 D EGL_emulation: eglMakeCurrent: 0xa5e72440: ver 2 0 (tinfo 0x9c324cf0)
02-22 10:32:07.815 14767 14792 D EGL_emulation: eglMakeCurrent: 0xa5e72440: ver 2 0 (tinfo 0x9c324cf0)
02-22 10:32:07.851 14767 14792 D EGL_emulation: eglMakeCurrent: 0xa5e72440: ver 2 0 (tinfo 0x9c324cf0)
02-22 10:32:07.873 14767 14792 D EGL_emulation: eglMakeCurrent: 0xa5e72440: ver 2 0 (tinfo 0x9c324cf0)
02-22 10:32:07.917 14767 14792 D EGL_emulation: eglMakeCurrent: 0xa5e72440: ver 2 0 (tinfo 0x9c324cf0)
02-22 10:32:08.097 14767 14792 D EGL_emulation: eglMakeCurrent: 0xa5e72440: ver 2 0 (tinfo 0x9c324cf0)
02-22 10:32:08.128 14767 14792 D EGL_emulation: eglMakeCurrent: 0xa5e72440: ver 2 0 (tinfo 0x9c324cf0)
02-22 10:32:08.160 14767 14792 D EGL_emulation: eglMakeCurrent: 0xa5e72440: ver 2 0 (tinfo 0x9c324cf0)
02-22 10:32:09.058  1375  1396 W audio_hw_generic: Hardware backing HAL too slow, could only write 0 of 720 frames
02-22 10:32:09.245 14767 14767 E dialogs : false
02-22 10:32:09.258 14767 14767 E bitmaps : /storage/emulated/0/1550831529231.bmp
02-22 10:32:09.348 14767 14776 E StrictMode: A resource was acquired at attached stack trace but never released. See java.io.Closeable for information on avoiding resource leaks.
02-22 10:32:09.348 14767 14776 E StrictMode: java.lang.Throwable: Explicit termination method 'close' not called
02-22 10:32:09.348 14767 14776 E StrictMode: 	at dalvik.system.CloseGuard.open(CloseGuard.java:180)
02-22 10:32:09.348 14767 14776 E StrictMode: 	at java.io.FileOutputStream.<init>(FileOutputStream.java:222)
02-22 10:32:09.348 14767 14776 E StrictMode: 	at java.io.FileOutputStream.<init>(FileOutputStream.java:169)
02-22 10:32:09.348 14767 14776 E StrictMode: 	at android.support.test.uiautomator.UiDevice.dumpWindowHierarchy(UiDevice.java:932)
02-22 10:32:09.348 14767 14776 E StrictMode: 	at it.feio.android.omninotes.TOGGLETools.DumpScreen(TOGGLETools.java:251)
02-22 10:32:09.348 14767 14776 E StrictMode: 	at it.feio.android.omninotes.TestHomeEnhanced.testReducedViewMenu(TestHomeEnhanced.java:289)
02-22 10:32:09.348 14767 14776 E StrictMode: 	at java.lang.reflect.Method.invoke(Native Method)
02-22 10:32:09.348 14767 14776 E StrictMode: 	at junit.framework.TestCase.runTest(TestCase.java:168)
02-22 10:32:09.348 14767 14776 E StrictMode: 	at junit.framework.TestCase.runBare(TestCase.java:134)
02-22 10:32:09.348 14767 14776 E StrictMode: 	at junit.framework.TestResult$1.protect(TestResult.java:115)
02-22 10:32:09.348 14767 14776 E StrictMode: 	at android.support.test.internal.runner.junit3.AndroidTestResult.runProtected(AndroidTestResult.java:73)
02-22 10:32:09.348 14767 14776 E StrictMode: 	at junit.framework.TestResult.run(TestResult.java:118)
02-22 10:32:09.348 14767 14776 E StrictMode: 	at android.support.test.internal.runner.junit3.AndroidTestResult.run(AndroidTestResult.java:51)
02-22 10:32:09.348 14767 14776 E StrictMode: 	at junit.framework.TestCase.run(TestCase.java:124)
02-22 10:32:09.348 14767 14776 E StrictMode: 	at android.support.test.internal.runner.junit3.NonLeakyTestSuite$NonLeakyTest.run(NonLeakyTestSuite.java:62)
02-22 10:32:09.348 14767 14776 E StrictMode: 	at junit.framework.TestSuite.runTest(TestSuite.java:243)
02-22 10:32:09.348 14767 14776 E StrictMode: 	at junit.framework.TestSuite.run(TestSuite.java:238)
02-22 10:32:09.348 14767 14776 E StrictMode: 	at android.support.test.internal.runner.junit3.DelegatingTestSuite.run(DelegatingTestSuite.java:97)
02-22 10:32:09.348 14767 14776 E StrictMode: 	at android.support.test.internal.runner.junit3.AndroidTestSuite.run(AndroidTestSuite.java:65)
02-22 10:32:09.348 14767 14776 E StrictMode: 	at android.support.test.internal.runner.junit3.JUnit38ClassRunner.run(JUnit38ClassRunner.java:115)
02-22 10:32:09.348 14767 14776 E StrictMode: 	at org.junit.runners.Suite.runChild(Suite.java:128)
02-22 10:32:09.348 14767 14776 E StrictMode: 	at org.junit.runners.Suite.runChild(Suite.java:27)
02-22 10:32:09.348 14767 14776 E StrictMode: 	at org.junit.runners.ParentRunner$3.run(ParentRunner.java:290)
02-22 10:32:09.348 14767 14776 E StrictMode: 	at org.junit.runners.ParentRunner$1.schedule(ParentRunner.java:71)
02-22 10:32:09.348 14767 14776 E StrictMode: 	at org.junit.runners.ParentRunner.runChildren(ParentRunner.java:288)
02-22 10:32:09.348 14767 14776 E StrictMode: 	at org.junit.runners.ParentRunner.access$000(ParentRunner.java:58)
02-22 10:32:09.348 14767 14776 E StrictMode: 	at org.junit.runners.ParentRunner$2.evaluate(ParentRunner.java:268)
02-22 10:32:09.348 14767 14776 E StrictMode: 	at org.junit.runners.ParentRunner.run(ParentRunner.java:363)
02-22 10:32:09.348 14767 14776 E StrictMode: 	at org.junit.runner.JUnitCore.run(JUnitCore.java:137)
02-22 10:32:09.348 14767 14776 E StrictMode: 	at org.junit.runner.JUnitCore.run(JUnitCore.java:115)
02-22 10:32:09.348 14767 14776 E StrictMode: 	at android.support.test.internal.runner.TestExecutor.execute(TestExecutor.java:56)
02-22 10:32:09.348 14767 14776 E StrictMode: 	at android.support.test.runner.AndroidJUnitRunner.onStart(AndroidJUnitRunner.java:384)
02-22 10:32:09.348 14767 14776 E StrictMode: 	at android.app.Instrumentation$InstrumentationThread.run(Instrumentation.java:1932)
02-22 10:32:09.348 14767 14778 I art     : Background sticky concurrent mark sweep GC freed 54792(1296KB) AllocSpace objects, 2(352KB) LOS objects, 0% free, 54MB/54MB, paused 11.160ms total 90.167ms
02-22 10:32:09.503 14767 14778 I art     : Background partial concurrent mark sweep GC freed 235322(3MB) AllocSpace objects, 3(21MB) LOS objects, 10% free, 33MB/37MB, paused 10.899ms total 149.438ms
02-22 10:32:09.940 14767 14778 I art     : Background sticky concurrent mark sweep GC freed 546444(8MB) AllocSpace objects, 0(0B) LOS objects, 0% free, 46MB/46MB, paused 14.654ms total 361.473ms
02-22 10:32:10.087 14767 14767 E bitmaps : /storage/emulated/0/1550831529231.bmp
02-22 10:32:10.098 14767 14784 D touchtest: testReducedViewMenu, 1550831529231, text, Reduced view, click,  
02-22 10:32:10.109 14767 14792 D EGL_emulation: eglMakeCurrent: 0xa5e72440: ver 2 0 (tinfo 0x9c324cf0)
02-22 10:32:10.137 14767 14792 D EGL_emulation: eglMakeCurrent: 0xa5e72440: ver 2 0 (tinfo 0x9c324cf0)
02-22 10:32:10.159 14767 14792 D EGL_emulation: eglMakeCurrent: 0xa5e72440: ver 2 0 (tinfo 0x9c324cf0)
02-22 10:32:10.175 14767 14778 I art     : Background partial concurrent mark sweep GC freed 1241920(18MB) AllocSpace objects, 0(0B) LOS objects, 10% free, 32MB/36MB, paused 9.472ms total 233.987ms
02-22 10:32:10.267 14767 14784 I AccessibilityNodeInfoDumper: Skipping invisible child: android.view.accessibility.AccessibilityNodeInfo@80013c41; boundsInParent: Rect(0, 0 - 1080, 750); boundsInScreen: Rect(0, 0 - 1080, 72); packageName: com.android.systemui; className: android.view.View; text: null; error: null; maxTextLength: -1; contentDescription: null; viewIdResName: com.android.systemui:id/heads_up_scrim; checkable: false; checked: false; focusable: false; focused: false; selected: false; clickable: false; longClickable: false; contextClickable: false; enabled: true; password: false; scrollable: false; actions: [AccessibilityAction: ACTION_SELECT - null, AccessibilityAction: ACTION_CLEAR_SELECTION - null, AccessibilityAction: ACTION_ACCESSIBILITY_FOCUS - null, AccessibilityAction: ACTION_SHOW_ON_SCREEN - null]
02-22 10:32:10.273 14767 14784 I AccessibilityNodeInfoDumper: Skipping invisible child: android.view.accessibility.AccessibilityNodeInfo@800152c7; boundsInParent: Rect(0, 0 - 0, 72); boundsInScreen: Rect(813, 0 - 813, 72); packageName: com.android.systemui; className: android.widget.LinearLayout; text: null; error: null; maxTextLength: -1; contentDescription: null; viewIdResName: com.android.systemui:id/statusIcons; checkable: false; checked: false; focusable: false; focused: false; selected: false; clickable: false; longClickable: false; contextClickable: false; enabled: true; password: false; scrollable: false; actions: [AccessibilityAction: ACTION_SELECT - null, AccessibilityAction: ACTION_CLEAR_SELECTION - null, AccessibilityAction: ACTION_ACCESSIBILITY_FOCUS - null, AccessibilityAction: ACTION_SHOW_ON_SCREEN - null]
02-22 10:32:10.273 14767 14784 I AccessibilityNodeInfoDumper: Skipping invisible child: android.view.accessibility.AccessibilityNodeInfo@80008811; boundsInParent: Rect(0, 0 - 57, 51); boundsInScreen: Rect(821, 10 - 878, 61); packageName: com.android.systemui; className: android.widget.ImageView; text: null; error: null; maxTextLength: -1; contentDescription: null; viewIdResName: com.android.systemui:id/mobile_signal_dark; checkable: false; checked: false; focusable: false; focused: false; selected: false; clickable: false; longClickable: false; contextClickable: false; enabled: true; password: false; scrollable: false; actions: [AccessibilityAction: ACTION_SELECT - null, AccessibilityAction: ACTION_CLEAR_SELECTION - null, AccessibilityAction: ACTION_ACCESSIBILITY_FOCUS - null, AccessibilityAction: ACTION_SHOW_ON_SCREEN - null]
02-22 10:32:10.305 14767 14792 D EGL_emulation: eglMakeCurrent: 0xa5e72440: ver 2 0 (tinfo 0x9c324cf0)
02-22 10:32:10.333 14767 14792 D EGL_emulation: eglMakeCurrent: 0xa5e72440: ver 2 0 (tinfo 0x9c324cf0)
02-22 10:32:10.375 14767 14767 I ViewInteraction: Performing 'single click' action on view with text: is "Reduced view"
02-22 10:32:10.463 14767 14792 D EGL_emulation: eglMakeCurrent: 0xa5e72440: ver 2 0 (tinfo 0x9c324cf0)
02-22 10:32:10.489 14767 14792 D EGL_emulation: eglMakeCurrent: 0xa5e72440: ver 2 0 (tinfo 0x9c324cf0)
02-22 10:32:10.530 14767 14767 D Omni Notes Alpha: initNotesList intent: android.intent.action.MAIN
02-22 10:32:10.533 14767 14790 V Omni Notes Alpha: Query: SELECT creation,last_modification,title,content,archived,trashed,alarm,reminder_fired,recurrence_rule,latitude,longitude,address,locked,checklist,category_id,name,description,color FROM notes LEFT JOIN categories USING( category_id)  WHERE archived IS NOT 1 AND trashed IS NOT 1  ORDER BY title||content COLLATE NOCASE  ASC 
02-22 10:32:10.535 14767 14790 V Omni Notes Alpha: Query: Retrieval finished!
02-22 10:32:10.640  1617  1626 I art     : Background sticky concurrent mark sweep GC freed 27926(2MB) AllocSpace objects, 2(88KB) LOS objects, 16% free, 15MB/18MB, paused 14.358ms total 110.375ms
02-22 10:32:10.660 14767 14792 D EGL_emulation: eglMakeCurrent: 0xa5e72440: ver 2 0 (tinfo 0x9c324cf0)
02-22 10:32:10.667 14767 14767 D Omni Notes Alpha: it.feio.android.omninotes.async.bus.NotesLoadedEvent
02-22 10:32:10.683 14767 14767 V Omni Notes Alpha: Started navigation drawer initialization
02-22 10:32:10.687 14767 14767 V Omni Notes Alpha: Finished navigation drawer initialization
02-22 10:32:10.688 14767 14767 V Omni Notes Alpha: Finished main menu initialization
02-22 10:32:10.688 14767 14767 V Omni Notes Alpha: Finished categories menu initialization
02-22 10:32:10.689 14767 14791 E Omni Notes Alpha: Wrong element choosen: 0
02-22 10:32:10.697 14767 14792 D EGL_emulation: eglMakeCurrent: 0xa5e72440: ver 2 0 (tinfo 0x9c324cf0)
02-22 10:32:10.717 14767 14792 D EGL_emulation: eglMakeCurrent: 0xa5e72440: ver 2 0 (tinfo 0x9c324cf0)
02-22 10:32:10.734  1617  1727 W InputMethodManagerService: Window already focused, ignoring focus gain of: com.android.internal.view.IInputMethodClient$Stub$Proxy@fc9f7b5 attribute=android.view.inputmethod.EditorInfo@d75ce4a, token = android.os.BinderProxy@47a92ea
02-22 10:32:10.748 14767 14792 D EGL_emulation: eglMakeCurrent: 0xa5e72440: ver 2 0 (tinfo 0x9c324cf0)
02-22 10:32:10.845 14767 14792 D EGL_emulation: eglMakeCurrent: 0xa5e72440: ver 2 0 (tinfo 0x9c324cf0)
02-22 10:32:10.885 14767 14792 D EGL_emulation: eglMakeCurrent: 0xa5e72440: ver 2 0 (tinfo 0x9c324cf0)
02-22 10:32:10.948 14767 14792 D EGL_emulation: eglMakeCurrent: 0xa5e72440: ver 2 0 (tinfo 0x9c324cf0)
02-22 10:32:10.966 14767 14792 D EGL_emulation: eglMakeCurrent: 0xa5e72440: ver 2 0 (tinfo 0x9c324cf0)
02-22 10:32:11.020 14767 14792 D EGL_emulation: eglMakeCurrent: 0xa5e72440: ver 2 0 (tinfo 0x9c324cf0)
02-22 10:32:11.031 14767 14792 D OpenGLRenderer: endAllActiveAnimators on 0x8ad87280 (MenuPopupWindow$MenuDropDownListView) with handle 0x8b38ad30
02-22 10:32:11.033  1617  1849 I WindowManager: Destroying surface Surface(name=PopupWindow:42b7672) called by com.android.server.wm.WindowStateAnimator.destroySurface:2016 com.android.server.wm.WindowStateAnimator.destroySurfaceLocked:882 com.android.server.wm.WindowState.removeLocked:1456 com.android.server.wm.WindowManagerService.removeWindowInnerLocked:2484 com.android.server.wm.WindowManagerService.removeWindowLocked:2442 com.android.server.wm.WindowManagerService.removeWindowLocked:2311 com.android.server.wm.WindowManagerService.removeWindow:2306 com.android.server.wm.Session.remove:202 
02-22 10:32:11.097 14767 14792 D EGL_emulation: eglMakeCurrent: 0xa5e72440: ver 2 0 (tinfo 0x9c324cf0)
02-22 10:32:12.220 14767 14767 E dialogs : true
02-22 10:32:12.315 14767 14776 E StrictMode: A resource was acquired at attached stack trace but never released. See java.io.Closeable for information on avoiding resource leaks.
02-22 10:32:12.315 14767 14776 E StrictMode: java.lang.Throwable: Explicit termination method 'close' not called
02-22 10:32:12.315 14767 14776 E StrictMode: 	at dalvik.system.CloseGuard.open(CloseGuard.java:180)
02-22 10:32:12.315 14767 14776 E StrictMode: 	at java.io.FileOutputStream.<init>(FileOutputStream.java:222)
02-22 10:32:12.315 14767 14776 E StrictMode: 	at java.io.FileOutputStream.<init>(FileOutputStream.java:169)
02-22 10:32:12.315 14767 14776 E StrictMode: 	at android.support.test.uiautomator.UiDevice.dumpWindowHierarchy(UiDevice.java:932)
02-22 10:32:12.315 14767 14776 E StrictMode: 	at it.feio.android.omninotes.TOGGLETools.DumpScreen(TOGGLETools.java:251)
02-22 10:32:12.315 14767 14776 E StrictMode: 	at it.feio.android.omninotes.TestHomeEnhanced.testReducedViewMenu(TestHomeEnhanced.java:304)
02-22 10:32:12.315 14767 14776 E StrictMode: 	at java.lang.reflect.Method.invoke(Native Method)
02-22 10:32:12.315 14767 14776 E StrictMode: 	at junit.framework.TestCase.runTest(TestCase.java:168)
02-22 10:32:12.315 14767 14776 E StrictMode: 	at junit.framework.TestCase.runBare(TestCase.java:134)
02-22 10:32:12.315 14767 14776 E StrictMode: 	at junit.framework.TestResult$1.protect(TestResult.java:115)
02-22 10:32:12.315 14767 14776 E StrictMode: 	at android.support.test.internal.runner.junit3.AndroidTestResult.runProtected(AndroidTestResult.java:73)
02-22 10:32:12.315 14767 14776 E StrictMode: 	at junit.framework.TestResult.run(TestResult.java:118)
02-22 10:32:12.315 14767 14776 E StrictMode: 	at android.support.test.internal.runner.junit3.AndroidTestResult.run(AndroidTestResult.java:51)
02-22 10:32:12.315 14767 14776 E StrictMode: 	at junit.framework.TestCase.run(TestCase.java:124)
02-22 10:32:12.315 14767 14776 E StrictMode: 	at android.support.test.internal.runner.junit3.NonLeakyTestSuite$NonLeakyTest.run(NonLeakyTestSuite.java:62)
02-22 10:32:12.315 14767 14776 E StrictMode: 	at junit.framework.TestSuite.runTest(TestSuite.java:243)
02-22 10:32:12.315 14767 14776 E StrictMode: 	at junit.framework.TestSuite.run(TestSuite.java:238)
02-22 10:32:12.315 14767 14776 E StrictMode: 	at android.support.test.internal.runner.junit3.DelegatingTestSuite.run(DelegatingTestSuite.java:97)
02-22 10:32:12.315 14767 14776 E StrictMode: 	at android.support.test.internal.runner.junit3.AndroidTestSuite.run(AndroidTestSuite.java:65)
02-22 10:32:12.315 14767 14776 E StrictMode: 	at android.support.test.internal.runner.junit3.JUnit38ClassRunner.run(JUnit38ClassRunner.java:115)
02-22 10:32:12.315 14767 14776 E StrictMode: 	at org.junit.runners.Suite.runChild(Suite.java:128)
02-22 10:32:12.315 14767 14776 E StrictMode: 	at org.junit.runners.Suite.runChild(Suite.java:27)
02-22 10:32:12.315 14767 14776 E StrictMode: 	at org.junit.runners.ParentRunner$3.run(ParentRunner.java:290)
02-22 10:32:12.315 14767 14776 E StrictMode: 	at org.junit.runners.ParentRunner$1.schedule(ParentRunner.java:71)
02-22 10:32:12.315 14767 14776 E StrictMode: 	at org.junit.runners.ParentRunner.runChildren(ParentRunner.java:288)
02-22 10:32:12.315 14767 14776 E StrictMode: 	at org.junit.runners.ParentRunner.access$000(ParentRunner.java:58)
02-22 10:32:12.315 14767 14776 E StrictMode: 	at org.junit.runners.ParentRunner$2.evaluate(ParentRunner.java:268)
02-22 10:32:12.315 14767 14776 E StrictMode: 	at org.junit.runners.ParentRunner.run(ParentRunner.java:363)
02-22 10:32:12.315 14767 14776 E StrictMode: 	at org.junit.runner.JUnitCore.run(JUnitCore.java:137)
02-22 10:32:12.315 14767 14776 E StrictMode: 	at org.junit.runner.JUnitCore.run(JUnitCore.java:115)
02-22 10:32:12.315 14767 14776 E StrictMode: 	at android.support.test.internal.runner.TestExecutor.execute(TestExecutor.java:56)
02-22 10:32:12.315 14767 14776 E StrictMode: 	at android.support.test.runner.AndroidJUnitRunner.onStart(AndroidJUnitRunner.java:384)
02-22 10:32:12.315 14767 14776 E StrictMode: 	at android.app.Instrumentation$InstrumentationThread.run(Instrumentation.java:1932)
02-22 10:32:12.315 14767 14778 I art     : Background sticky concurrent mark sweep GC freed 56659(1151KB) AllocSpace objects, 2(40KB) LOS objects, 0% free, 62MB/62MB, paused 15.607ms total 88.948ms
02-22 10:32:12.455 14767 14778 I art     : Background partial concurrent mark sweep GC freed 213616(3MB) AllocSpace objects, 4(22MB) LOS objects, 9% free, 40MB/44MB, paused 7.825ms total 136.875ms
02-22 10:32:12.747 14767 14778 I art     : Background sticky concurrent mark sweep GC freed 399257(6MB) AllocSpace objects, 0(0B) LOS objects, 0% free, 47MB/47MB, paused 10.794ms total 210.409ms
02-22 10:32:12.984 14767 14778 I art     : Background partial concurrent mark sweep GC freed 807386(12MB) AllocSpace objects, 2(7MB) LOS objects, 9% free, 37MB/41MB, paused 11.988ms total 235.536ms
02-22 10:32:13.098 14767 14778 W art     : Suspending all threads took: 14.344ms
02-22 10:32:13.117 14767 14784 D touchtest: testReducedViewMenu, 1550831532209, -, -, opencontextualactionmodeoverflowmenu,  
02-22 10:32:13.183 14767 14784 I AccessibilityNodeInfoDumper: Skipping invisible child: android.view.accessibility.AccessibilityNodeInfo@800398b3; boundsInParent: Rect(0, 0 - 186, 120); boundsInScreen: Rect(624, 1548 - 810, 1668); packageName: it.feio.android.omninotes.alpha; className: android.widget.TextView; text: Photo; error: null; maxTextLength: -1; contentDescription: null; viewIdResName: null; checkable: false; checked: false; focusable: false; focused: false; selected: false; clickable: false; longClickable: false; contextClickable: false; enabled: true; password: false; scrollable: false; actions: [AccessibilityAction: ACTION_SELECT - null, AccessibilityAction: ACTION_CLEAR_SELECTION - null, AccessibilityAction: ACTION_ACCESSIBILITY_FOCUS - null, AccessibilityAction: ACTION_SHOW_ON_SCREEN - null, AccessibilityAction: ACTION_NEXT_AT_MOVEMENT_GRANULARITY - null, AccessibilityAction: ACTION_PREVIOUS_AT_MOVEMENT_GRANULARITY - null, AccessibilityAction: ACTION_SET_SELECTION - null]
02-22 10:32:13.183 14767 14784 I AccessibilityNodeInfoDumper: Skipping invisible child: android.view.accessibility.AccessibilityNodeInfo@80039c74; boundsInParent: Rect(0, 0 - 174, 174); boundsInScreen: Rect(858, 1530 - 1032, 1704); packageName: it.feio.android.omninotes.alpha; className: android.widget.ImageButton; text: null; error: null; maxTextLength: -1; contentDescription: null; viewIdResName: it.feio.android.omninotes.alpha:id/fab_camera; checkable: false; checked: false; focusable: true; focused: false; selected: false; clickable: true; longClickable: false; contextClickable: false; enabled: true; password: false; scrollable: false; actions: [AccessibilityAction: ACTION_SELECT - null, AccessibilityAction: ACTION_CLEAR_SELECTION - null, AccessibilityAction: ACTION_FOCUS - null, AccessibilityAction: ACTION_ACCESSIBILITY_FOCUS - null, AccessibilityAction: ACTION_CLICK - null, AccessibilityAction: ACTION_SHOW_ON_SCREEN - null]
02-22 10:32:13.184 14767 14784 I AccessibilityNodeInfoDumper: Skipping invisible child: android.view.accessibility.AccessibilityNodeInfo@8003a035; boundsInParent: Rect(0, 0 - 246, 120); boundsInScreen: Rect(564, 1548 - 810, 1668); packageName: it.feio.android.omninotes.alpha; className: android.widget.TextView; text: Checklist; error: null; maxTextLength: -1; contentDescription: null; viewIdResName: null; checkable: false; checked: false; focusable: false; focused: false; selected: false; clickable: false; longClickable: false; contextClickable: false; enabled: true; password: false; scrollable: false; actions: [AccessibilityAction: ACTION_SELECT - null, AccessibilityAction: ACTION_CLEAR_SELECTION - null, AccessibilityAction: ACTION_ACCESSIBILITY_FOCUS - null, AccessibilityAction: ACTION_SHOW_ON_SCREEN - null, AccessibilityAction: ACTION_NEXT_AT_MOVEMENT_GRANULARITY - null, AccessibilityAction: ACTION_PREVIOUS_AT_MOVEMENT_GRANULARITY - null, AccessibilityAction: ACTION_SET_SELECTION - null]
02-22 10:32:13.184 14767 14784 I AccessibilityNodeInfoDumper: Skipping invisible child: android.view.accessibility.AccessibilityNodeInfo@8003a3f6; boundsInParent: Rect(0, 0 - 174, 174); boundsInScreen: Rect(858, 1530 - 1032, 1704); packageName: it.feio.android.omninotes.alpha; className: android.widget.ImageButton; text: null; error: null; maxTextLength: -1; contentDescription: null; viewIdResName: it.feio.android.omninotes.alpha:id/fab_checklist; checkable: false; checked: false; focusable: true; focused: false; selected: false; clickable: true; longClickable: false; contextClickable: false; enabled: true; password: false; scrollable: false; actions: [AccessibilityAction: ACTION_SELECT - null, AccessibilityAction: ACTION_CLEAR_SELECTION - null, AccessibilityAction: ACTION_FOCUS - null, AccessibilityAction: ACTION_ACCESSIBILITY_FOCUS - null, AccessibilityAction: ACTION_CLICK - null, AccessibilityAction: ACTION_SHOW_ON_SCREEN - null]
02-22 10:32:13.186 14767 14784 I AccessibilityNodeInfoDumper: Skipping invisible child: android.view.accessibility.AccessibilityNodeInfo@8003a7b7; boundsInParent: Rect(0, 0 - 248, 120); boundsInScreen: Rect(562, 1548 - 810, 1668); packageName: it.feio.android.omninotes.alpha; className: android.widget.TextView; text: Text note; error: null; maxTextLength: -1; contentDescription: null; viewIdResName: null; checkable: false; checked: false; focusable: false; focused: false; selected: false; clickable: false; longClickable: false; contextClickable: false; enabled: true; password: false; scrollable: false; actions: [AccessibilityAction: ACTION_SELECT - null, AccessibilityAction: ACTION_CLEAR_SELECTION - null, AccessibilityAction: ACTION_ACCESSIBILITY_FOCUS - null, AccessibilityAction: ACTION_SHOW_ON_SCREEN - null, AccessibilityAction: ACTION_NEXT_AT_MOVEMENT_GRANULARITY - null, AccessibilityAction: ACTION_PREVIOUS_AT_MOVEMENT_GRANULARITY - null, AccessibilityAction: ACTION_SET_SELECTION - null]
02-22 10:32:13.187 14767 14784 I AccessibilityNodeInfoDumper: Skipping invisible child: android.view.accessibility.AccessibilityNodeInfo@8003ab78; boundsInParent: Rect(0, 0 - 174, 174); boundsInScreen: Rect(858, 1530 - 1032, 1704); packageName: it.feio.android.omninotes.alpha; className: android.widget.ImageButton; text: null; error: null; maxTextLength: -1; contentDescription: null; viewIdResName: it.feio.android.omninotes.alpha:id/fab_note; checkable: false; checked: false; focusable: true; focused: false; selected: false; clickable: true; longClickable: false; contextClickable: false; enabled: true; password: false; scrollable: false; actions: [AccessibilityAction: ACTION_SELECT - null, AccessibilityAction: ACTION_CLEAR_SELECTION - null, AccessibilityAction: ACTION_FOCUS - null, AccessibilityAction: ACTION_ACCESSIBILITY_FOCUS - null, AccessibilityAction: ACTION_CLICK - null, AccessibilityAction: ACTION_SHOW_ON_SCREEN - null]
02-22 10:32:13.188 14767 14784 I AccessibilityNodeInfoDumper: Skipping invisible child: android.view.accessibility.AccessibilityNodeInfo@800385ee; boundsInParent: Rect(0, 0 - 1080, 72); boundsInScreen: Rect(0, 0 - 1080, 72); packageName: it.feio.android.omninotes.alpha; className: android.view.View; text: null; error: null; maxTextLength: -1; contentDescription: null; viewIdResName: android:id/statusBarBackground; checkable: false; checked: false; focusable: false; focused: false; selected: false; clickable: false; longClickable: false; contextClickable: false; enabled: true; password: false; scrollable: false; actions: [AccessibilityAction: ACTION_SELECT - null, AccessibilityAction: ACTION_CLEAR_SELECTION - null, AccessibilityAction: ACTION_ACCESSIBILITY_FOCUS - null, AccessibilityAction: ACTION_SHOW_ON_SCREEN - null]
02-22 10:32:13.188 14767 14784 I AccessibilityNodeInfoDumper: Skipping invisible child: android.view.accessibility.AccessibilityNodeInfo@8003822d; boundsInParent: Rect(0, 0 - 1080, 144); boundsInScreen: Rect(0, 1776 - 1080, 1920); packageName: it.feio.android.omninotes.alpha; className: android.view.View; text: null; error: null; maxTextLength: -1; contentDescription: null; viewIdResName: android:id/navigationBarBackground; checkable: false; checked: false; focusable: false; focused: false; selected: false; clickable: false; longClickable: false; contextClickable: false; enabled: true; password: false; scrollable: false; actions: [AccessibilityAction: ACTION_SELECT - null, AccessibilityAction: ACTION_CLEAR_SELECTION - null, AccessibilityAction: ACTION_ACCESSIBILITY_FOCUS - null, AccessibilityAction: ACTION_SHOW_ON_SCREEN - null]
02-22 10:32:13.189 14767 14784 I AccessibilityNodeInfoDumper: Skipping invisible child: android.view.accessibility.AccessibilityNodeInfo@80013c41; boundsInParent: Rect(0, 0 - 1080, 750); boundsInScreen: Rect(0, 0 - 1080, 72); packageName: com.android.systemui; className: android.view.View; text: null; error: null; maxTextLength: -1; contentDescription: null; viewIdResName: com.android.systemui:id/heads_up_scrim; checkable: false; checked: false; focusable: false; focused: false; selected: false; clickable: false; longClickable: false; contextClickable: false; enabled: true; password: false; scrollable: false; actions: [AccessibilityAction: ACTION_SELECT - null, AccessibilityAction: ACTION_CLEAR_SELECTION - null, AccessibilityAction: ACTION_ACCESSIBILITY_FOCUS - null, AccessibilityAction: ACTION_SHOW_ON_SCREEN - null]
02-22 10:32:13.191 14767 14784 I AccessibilityNodeInfoDumper: Skipping invisible child: android.view.accessibility.AccessibilityNodeInfo@800152c7; boundsInParent: Rect(0, 0 - 0, 72); boundsInScreen: Rect(813, 0 - 813, 72); packageName: com.android.systemui; className: android.widget.LinearLayout; text: null; error: null; maxTextLength: -1; contentDescription: null; viewIdResName: com.android.systemui:id/statusIcons; checkable: false; checked: false; focusable: false; focused: false; selected: false; clickable: false; longClickable: false; contextClickable: false; enabled: true; password: false; scrollable: false; actions: [AccessibilityAction: ACTION_SELECT - null, AccessibilityAction: ACTION_CLEAR_SELECTION - null, AccessibilityAction: ACTION_ACCESSIBILITY_FOCUS - null, AccessibilityAction: ACTION_SHOW_ON_SCREEN - null]
02-22 10:32:13.193 14767 14784 I AccessibilityNodeInfoDumper: Skipping invisible child: android.view.accessibility.AccessibilityNodeInfo@80008811; boundsInParent: Rect(0, 0 - 57, 51); boundsInScreen: Rect(821, 10 - 878, 61); packageName: com.android.systemui; className: android.widget.ImageView; text: null; error: null; maxTextLength: -1; contentDescription: null; viewIdResName: com.android.systemui:id/mobile_signal_dark; checkable: false; checked: false; focusable: false; focused: false; selected: false; clickable: false; longClickable: false; contextClickable: false; enabled: true; password: false; scrollable: false; actions: [AccessibilityAction: ACTION_SELECT - null, AccessibilityAction: ACTION_CLEAR_SELECTION - null, AccessibilityAction: ACTION_ACCESSIBILITY_FOCUS - null, AccessibilityAction: ACTION_SHOW_ON_SCREEN - null]
02-22 10:32:13.206 14767 14767 I ViewInteraction: Performing 'Handle transition between action bar and action bar context.' action on view is a root view.
02-22 10:32:13.219 14767 14767 I ViewInteraction: Performing 'single click' action on view ((is displayed on the screen to the user and with content description: is "More options") or (is displayed on the screen to the user and with class name: a string ending with "OverflowMenuButton"))
02-22 10:32:13.448 14767 14778 I art     : Background sticky concurrent mark sweep GC freed 657636(10MB) AllocSpace objects, 0(0B) LOS objects, 11% free, 31MB/35MB, paused 32.796ms total 400.197ms
02-22 10:32:13.480 14767 14792 D EGL_emulation: eglMakeCurrent: 0xa5e72440: ver 2 0 (tinfo 0x9c324cf0)
02-22 10:32:13.516 14767 14792 D EGL_emulation: eglMakeCurrent: 0xa5e72440: ver 2 0 (tinfo 0x9c324cf0)
02-22 10:32:13.544 14767 14792 D EGL_emulation: eglMakeCurrent: 0xa5e72440: ver 2 0 (tinfo 0x9c324cf0)
02-22 10:32:13.573 14767 14792 D EGL_emulation: eglMakeCurrent: 0xa5e72440: ver 2 0 (tinfo 0x9c324cf0)
02-22 10:32:13.839 14767 14792 D EGL_emulation: eglMakeCurrent: 0xa5e72440: ver 2 0 (tinfo 0x9c324cf0)
02-22 10:32:13.863 14767 14792 D EGL_emulation: eglMakeCurrent: 0xa5e72440: ver 2 0 (tinfo 0x9c324cf0)
02-22 10:32:15.116 14767 14767 E dialogs : false
02-22 10:32:15.140 14767 14767 E bitmaps : /storage/emulated/0/1550831535100.bmp
02-22 10:32:15.205 14767 14778 I art     : Background partial concurrent mark sweep GC freed 10704(612KB) AllocSpace objects, 5(22MB) LOS objects, 13% free, 25MB/29MB, paused 8.632ms total 79.251ms
02-22 10:32:15.304  1989  1999 I art     : Background partial concurrent mark sweep GC freed 13809(641KB) AllocSpace objects, 0(0B) LOS objects, 28% free, 10MB/14MB, paused 10.346ms total 75.178ms
02-22 10:32:15.326 14767 14778 I art     : Background sticky concurrent mark sweep GC freed 60498(945KB) AllocSpace objects, 0(0B) LOS objects, 0% free, 33MB/33MB, paused 8.333ms total 82.572ms
02-22 10:32:15.463 14767 14776 E StrictMode: A resource was acquired at attached stack trace but never released. See java.io.Closeable for information on avoiding resource leaks.
02-22 10:32:15.463 14767 14776 E StrictMode: java.lang.Throwable: Explicit termination method 'close' not called
02-22 10:32:15.463 14767 14776 E StrictMode: 	at dalvik.system.CloseGuard.open(CloseGuard.java:180)
02-22 10:32:15.463 14767 14776 E StrictMode: 	at java.io.FileOutputStream.<init>(FileOutputStream.java:222)
02-22 10:32:15.463 14767 14776 E StrictMode: 	at java.io.FileOutputStream.<init>(FileOutputStream.java:169)
02-22 10:32:15.463 14767 14776 E StrictMode: 	at android.support.test.uiautomator.UiDevice.dumpWindowHierarchy(UiDevice.java:932)
02-22 10:32:15.463 14767 14776 E StrictMode: 	at it.feio.android.omninotes.TOGGLETools.DumpScreen(TOGGLETools.java:251)
02-22 10:32:15.463 14767 14776 E StrictMode: 	at it.feio.android.omninotes.TestHomeEnhanced.testReducedViewMenu(TestHomeEnhanced.java:319)
02-22 10:32:15.463 14767 14776 E StrictMode: 	at java.lang.reflect.Method.invoke(Native Method)
02-22 10:32:15.463 14767 14776 E StrictMode: 	at junit.framework.TestCase.runTest(TestCase.java:168)
02-22 10:32:15.463 14767 14776 E StrictMode: 	at junit.framework.TestCase.runBare(TestCase.java:134)
02-22 10:32:15.463 14767 14776 E StrictMode: 	at junit.framework.TestResult$1.protect(TestResult.java:115)
02-22 10:32:15.463 14767 14776 E StrictMode: 	at android.support.test.internal.runner.junit3.AndroidTestResult.runProtected(AndroidTestResult.java:73)
02-22 10:32:15.463 14767 14776 E StrictMode: 	at junit.framework.TestResult.run(TestResult.java:118)
02-22 10:32:15.463 14767 14776 E StrictMode: 	at android.support.test.internal.runner.junit3.AndroidTestResult.run(AndroidTestResult.java:51)
02-22 10:32:15.463 14767 14776 E StrictMode: 	at junit.framework.TestCase.run(TestCase.java:124)
02-22 10:32:15.463 14767 14776 E StrictMode: 	at android.support.test.internal.runner.junit3.NonLeakyTestSuite$NonLeakyTest.run(NonLeakyTestSuite.java:62)
02-22 10:32:15.463 14767 14776 E StrictMode: 	at junit.framework.TestSuite.runTest(TestSuite.java:243)
02-22 10:32:15.463 14767 14776 E StrictMode: 	at junit.framework.TestSuite.run(TestSuite.java:238)
02-22 10:32:15.463 14767 14776 E StrictMode: 	at android.support.test.internal.runner.junit3.DelegatingTestSuite.run(DelegatingTestSuite.java:97)
02-22 10:32:15.463 14767 14776 E StrictMode: 	at android.support.test.internal.runner.junit3.AndroidTestSuite.run(AndroidTestSuite.java:65)
02-22 10:32:15.463 14767 14776 E StrictMode: 	at android.support.test.internal.runner.junit3.JUnit38ClassRunner.run(JUnit38ClassRunner.java:115)
02-22 10:32:15.463 14767 14776 E StrictMode: 	at org.junit.runners.Suite.runChild(Suite.java:128)
02-22 10:32:15.463 14767 14776 E StrictMode: 	at org.junit.runners.Suite.runChild(Suite.java:27)
02-22 10:32:15.463 14767 14776 E StrictMode: 	at org.junit.runners.ParentRunner$3.run(ParentRunner.java:290)
02-22 10:32:15.463 14767 14776 E StrictMode: 	at org.junit.runners.ParentRunner$1.schedule(ParentRunner.java:71)
02-22 10:32:15.463 14767 14776 E StrictMode: 	at org.junit.runners.ParentRunner.runChildren(ParentRunner.java:288)
02-22 10:32:15.463 14767 14776 E StrictMode: 	at org.junit.runners.ParentRunner.access$000(ParentRunner.java:58)
02-22 10:32:15.463 14767 14776 E StrictMode: 	at org.junit.runners.ParentRunner$2.evaluate(ParentRunner.java:268)
02-22 10:32:15.463 14767 14776 E StrictMode: 	at org.junit.runners.ParentRunner.run(ParentRunner.java:363)
02-22 10:32:15.463 14767 14776 E StrictMode: 	at org.junit.runner.JUnitCore.run(JUnitCore.java:137)
02-22 10:32:15.463 14767 14776 E StrictMode: 	at org.junit.runner.JUnitCore.run(JUnitCore.java:115)
02-22 10:32:15.463 14767 14776 E StrictMode: 	at android.support.test.internal.runner.TestExecutor.execute(TestExecutor.java:56)
02-22 10:32:15.463 14767 14776 E StrictMode: 	at android.support.test.runner.AndroidJUnitRunner.onStart(AndroidJUnitRunner.java:384)
02-22 10:32:15.463 14767 14776 E StrictMode: 	at android.app.Instrumentation$InstrumentationThread.run(Instrumentation.java:1932)
02-22 10:32:15.464 14767 14778 I art     : Background partial concurrent mark sweep GC freed 378405(5MB) AllocSpace objects, 0(0B) LOS objects, 10% free, 33MB/37MB, paused 10.631ms total 136.856ms
02-22 10:32:15.760 14767 14778 I art     : Background sticky concurrent mark sweep GC freed 441293(6MB) AllocSpace objects, 0(0B) LOS objects, 0% free, 38MB/38MB, paused 12.593ms total 223.671ms
02-22 10:32:15.935 14767 14778 I art     : Background partial concurrent mark sweep GC freed 653046(10MB) AllocSpace objects, 0(0B) LOS objects, 10% free, 33MB/37MB, paused 12.940ms total 170.982ms
02-22 10:32:16.089 14767 14767 E bitmaps : /storage/emulated/0/1550831535100.bmp
02-22 10:32:16.122 14767 14784 D touchtest: testReducedViewMenu, 1550831535100, text, Expanded view, click,  
02-22 10:32:16.149 14767 14792 D EGL_emulation: eglMakeCurrent: 0xa5e72440: ver 2 0 (tinfo 0x9c324cf0)
02-22 10:32:16.166 14767 14792 D EGL_emulation: eglMakeCurrent: 0xa5e72440: ver 2 0 (tinfo 0x9c324cf0)
02-22 10:32:16.203 14767 14792 D EGL_emulation: eglMakeCurrent: 0xa5e72440: ver 2 0 (tinfo 0x9c324cf0)
02-22 10:32:16.229 14767 14784 I AccessibilityNodeInfoDumper: Skipping invisible child: android.view.accessibility.AccessibilityNodeInfo@80013c41; boundsInParent: Rect(0, 0 - 1080, 750); boundsInScreen: Rect(0, 0 - 1080, 72); packageName: com.android.systemui; className: android.view.View; text: null; error: null; maxTextLength: -1; contentDescription: null; viewIdResName: com.android.systemui:id/heads_up_scrim; checkable: false; checked: false; focusable: false; focused: false; selected: false; clickable: false; longClickable: false; contextClickable: false; enabled: true; password: false; scrollable: false; actions: [AccessibilityAction: ACTION_SELECT - null, AccessibilityAction: ACTION_CLEAR_SELECTION - null, AccessibilityAction: ACTION_ACCESSIBILITY_FOCUS - null, AccessibilityAction: ACTION_SHOW_ON_SCREEN - null]
02-22 10:32:16.230 14767 14784 I AccessibilityNodeInfoDumper: Skipping invisible child: android.view.accessibility.AccessibilityNodeInfo@800152c7; boundsInParent: Rect(0, 0 - 0, 72); boundsInScreen: Rect(813, 0 - 813, 72); packageName: com.android.systemui; className: android.widget.LinearLayout; text: null; error: null; maxTextLength: -1; contentDescription: null; viewIdResName: com.android.systemui:id/statusIcons; checkable: false; checked: false; focusable: false; focused: false; selected: false; clickable: false; longClickable: false; contextClickable: false; enabled: true; password: false; scrollable: false; actions: [AccessibilityAction: ACTION_SELECT - null, AccessibilityAction: ACTION_CLEAR_SELECTION - null, AccessibilityAction: ACTION_ACCESSIBILITY_FOCUS - null, AccessibilityAction: ACTION_SHOW_ON_SCREEN - null]
02-22 10:32:16.232 14767 14784 I AccessibilityNodeInfoDumper: Skipping invisible child: android.view.accessibility.AccessibilityNodeInfo@80008811; boundsInParent: Rect(0, 0 - 57, 51); boundsInScreen: Rect(821, 10 - 878, 61); packageName: com.android.systemui; className: android.widget.ImageView; text: null; error: null; maxTextLength: -1; contentDescription: null; viewIdResName: com.android.systemui:id/mobile_signal_dark; checkable: false; checked: false; focusable: false; focused: false; selected: false; clickable: false; longClickable: false; contextClickable: false; enabled: true; password: false; scrollable: false; actions: [AccessibilityAction: ACTION_SELECT - null, AccessibilityAction: ACTION_CLEAR_SELECTION - null, AccessibilityAction: ACTION_ACCESSIBILITY_FOCUS - null, AccessibilityAction: ACTION_SHOW_ON_SCREEN - null]
02-22 10:32:16.336 14767 14792 D EGL_emulation: eglMakeCurrent: 0xa5e72440: ver 2 0 (tinfo 0x9c324cf0)
02-22 10:32:16.348 14767 14778 I art     : Background sticky concurrent mark sweep GC freed 488246(7MB) AllocSpace objects, 0(0B) LOS objects, 10% free, 32MB/36MB, paused 8.173ms total 335.552ms
02-22 10:32:16.356 14767 14792 D EGL_emulation: eglMakeCurrent: 0xa5e72440: ver 2 0 (tinfo 0x9c324cf0)
02-22 10:32:16.399 14767 14767 I ViewInteraction: Performing 'single click' action on view with text: is "Expanded view"
02-22 10:32:16.516 14767 14792 D EGL_emulation: eglMakeCurrent: 0xa5e72440: ver 2 0 (tinfo 0x9c324cf0)
02-22 10:32:16.531 14767 14792 D EGL_emulation: eglMakeCurrent: 0xa5e72440: ver 2 0 (tinfo 0x9c324cf0)
